[2026-02-01T12:40:04.906+0530] {taskinstance.py:1956} INFO - Dependencies all met for dep_context=non-requeueable deps ti=<TaskInstance: spark_sgp4_streaming.submit_spark_streaming_job manual__2026-02-01T07:10:00.913420+00:00 [queued]>
[2026-02-01T12:40:04.914+0530] {taskinstance.py:1956} INFO - Dependencies all met for dep_context=requeueable deps ti=<TaskInstance: spark_sgp4_streaming.submit_spark_streaming_job manual__2026-02-01T07:10:00.913420+00:00 [queued]>
[2026-02-01T12:40:04.914+0530] {taskinstance.py:2170} INFO - Starting attempt 1 of 2
[2026-02-01T12:40:04.928+0530] {taskinstance.py:2191} INFO - Executing <Task(BashOperator): submit_spark_streaming_job> on 2026-02-01 07:10:00.913420+00:00
[2026-02-01T12:40:04.935+0530] {standard_task_runner.py:60} INFO - Started process 868 to run task
[2026-02-01T12:40:04.938+0530] {standard_task_runner.py:87} INFO - Running: ['***', 'tasks', 'run', 'spark_sgp4_streaming', 'submit_spark_streaming_job', 'manual__2026-02-01T07:10:00.913420+00:00', '--job-id', '77', '--raw', '--subdir', 'DAGS_FOLDER/***_dag_spark_streaming.py', '--cfg-path', '/tmp/tmpd9wtslb7']
[2026-02-01T12:40:04.941+0530] {standard_task_runner.py:88} INFO - Job 77: Subtask submit_spark_streaming_job
[2026-02-01T12:40:05.010+0530] {task_command.py:423} INFO - Running <TaskInstance: spark_sgp4_streaming.submit_spark_streaming_job manual__2026-02-01T07:10:00.913420+00:00 [running]> on host ***-scheduler
[2026-02-01T12:40:05.122+0530] {taskinstance.py:2480} INFO - Exporting env vars: AIRFLOW_CTX_DAG_OWNER='space-debris-team' AIRFLOW_CTX_DAG_ID='spark_sgp4_streaming' AIRFLOW_CTX_TASK_ID='submit_spark_streaming_job' AIRFLOW_CTX_EXECUTION_DATE='2026-02-01T07:10:00.913420+00:00' AIRFLOW_CTX_TRY_NUMBER='1' AIRFLOW_CTX_DAG_RUN_ID='manual__2026-02-01T07:10:00.913420+00:00'
[2026-02-01T12:40:05.126+0530] {subprocess.py:63} INFO - Tmp dir root location: /tmp
[2026-02-01T12:40:05.127+0530] {subprocess.py:75} INFO - Running command: ['/usr/bin/bash', '-c', 'bash /opt/***/config/submit_spark_wrapper.sh ']
[2026-02-01T12:40:05.143+0530] {subprocess.py:86} INFO - Output:
[2026-02-01T12:40:05.153+0530] {subprocess.py:93} INFO - [Sun Feb  1 12:40:05 IST 2026] Starting Spark job submission...
[2026-02-01T12:40:05.214+0530] {subprocess.py:93} INFO - ERROR: Cannot access Docker. Socket permissions issue.
[2026-02-01T12:40:05.214+0530] {subprocess.py:93} INFO - Run: sudo chmod 666 /var/run/docker.sock
[2026-02-01T12:40:05.215+0530] {subprocess.py:97} INFO - Command exited with return code 1
[2026-02-01T12:40:05.233+0530] {taskinstance.py:2698} ERROR - Task failed with exception
Traceback (most recent call last):
  File "/home/airflow/.local/lib/python3.11/site-packages/airflow/models/taskinstance.py", line 433, in _execute_task
    result = execute_callable(context=context, **execute_callable_kwargs)
             ^^^^^^^^^^^^^^^^^^^^^^^^^^^^^^^^^^^^^^^^^^^^^^^^^^^^^^^^^^^^
  File "/home/airflow/.local/lib/python3.11/site-packages/airflow/operators/bash.py", line 212, in execute
    raise AirflowException(
airflow.exceptions.AirflowException: Bash command failed. The command returned a non-zero exit code 1.
[2026-02-01T12:40:05.237+0530] {taskinstance.py:1138} INFO - Marking task as UP_FOR_RETRY. dag_id=spark_sgp4_streaming, task_id=submit_spark_streaming_job, execution_date=20260201T071000, start_date=20260201T071004, end_date=20260201T071005
[2026-02-01T12:40:05.254+0530] {standard_task_runner.py:107} ERROR - Failed to execute job 77 for task submit_spark_streaming_job (Bash command failed. The command returned a non-zero exit code 1.; 868)
[2026-02-01T12:40:05.270+0530] {local_task_job_runner.py:234} INFO - Task exited with return code 1
[2026-02-01T12:40:05.296+0530] {taskinstance.py:3280} INFO - 0 downstream tasks scheduled from follow-on schedule check
