[2026-02-03T13:55:56.096+0530] {taskinstance.py:1956} INFO - Dependencies all met for dep_context=non-requeueable deps ti=<TaskInstance: collision_prediction_pipeline.check_kafka_connection scheduled__2026-02-03T00:30:00+00:00 [queued]>
[2026-02-03T13:55:56.108+0530] {taskinstance.py:1956} INFO - Dependencies all met for dep_context=requeueable deps ti=<TaskInstance: collision_prediction_pipeline.check_kafka_connection scheduled__2026-02-03T00:30:00+00:00 [queued]>
[2026-02-03T13:55:56.108+0530] {taskinstance.py:2170} INFO - Starting attempt 1 of 3
[2026-02-03T13:55:56.126+0530] {taskinstance.py:2191} INFO - Executing <Task(PythonOperator): check_kafka_connection> on 2026-02-03 00:30:00+00:00
[2026-02-03T13:55:56.132+0530] {standard_task_runner.py:60} INFO - Started process 1310 to run task
[2026-02-03T13:55:56.135+0530] {standard_task_runner.py:87} INFO - Running: ['***', 'tasks', 'run', 'collision_prediction_pipeline', 'check_kafka_connection', 'scheduled__2026-02-03T00:30:00+00:00', '--job-id', '2', '--raw', '--subdir', 'DAGS_FOLDER/***_dag_collision_prediction.py', '--cfg-path', '/tmp/tmpfwp8owsp']
[2026-02-03T13:55:56.137+0530] {standard_task_runner.py:88} INFO - Job 2: Subtask check_kafka_connection
[2026-02-03T13:55:56.199+0530] {task_command.py:423} INFO - Running <TaskInstance: collision_prediction_pipeline.check_kafka_connection scheduled__2026-02-03T00:30:00+00:00 [running]> on host ***-scheduler
[2026-02-03T13:55:56.309+0530] {taskinstance.py:2480} INFO - Exporting env vars: AIRFLOW_CTX_DAG_OWNER='space-debris-team' AIRFLOW_CTX_DAG_ID='collision_prediction_pipeline' AIRFLOW_CTX_TASK_ID='check_kafka_connection' AIRFLOW_CTX_EXECUTION_DATE='2026-02-03T00:30:00+00:00' AIRFLOW_CTX_TRY_NUMBER='1' AIRFLOW_CTX_DAG_RUN_ID='scheduled__2026-02-03T00:30:00+00:00'
[2026-02-03T13:55:56.355+0530] {conn.py:380} INFO - <BrokerConnection node_id=bootstrap-0 host=kafka:9093 <connecting> [IPv4 ('172.21.0.10', 9093)]>: connecting to kafka:9093 [('172.21.0.10', 9093) IPv4]
[2026-02-03T13:55:56.356+0530] {conn.py:1205} INFO - Probing node bootstrap-0 broker version
[2026-02-03T13:55:56.356+0530] {conn.py:410} INFO - <BrokerConnection node_id=bootstrap-0 host=kafka:9093 <connecting> [IPv4 ('172.21.0.10', 9093)]>: Connection complete.
[2026-02-03T13:55:56.458+0530] {conn.py:1267} INFO - Broker version identified as 2.5.0
[2026-02-03T13:55:56.458+0530] {conn.py:1268} INFO - Set configuration api_version=(2, 5, 0) to skip auto check_version requests on startup
[2026-02-03T13:55:56.462+0530] {kafka.py:483} INFO - Closing the Kafka producer with 9223372036.0 secs timeout.
[2026-02-03T13:55:56.463+0530] {conn.py:919} INFO - <BrokerConnection node_id=bootstrap-0 host=kafka:9093 <connected> [IPv4 ('172.21.0.10', 9093)]>: Closing connection. 
[2026-02-03T13:55:56.464+0530] {airflow_dag_collision_prediction.py:54} INFO - ✓ Kafka connection successful
[2026-02-03T13:55:56.465+0530] {python.py:201} INFO - Done. Returned value was: True
[2026-02-03T13:55:56.505+0530] {taskinstance.py:1138} INFO - Marking task as SUCCESS. dag_id=collision_prediction_pipeline, task_id=check_kafka_connection, execution_date=20260203T003000, start_date=20260203T082556, end_date=20260203T082556
[2026-02-03T13:55:56.548+0530] {local_task_job_runner.py:234} INFO - Task exited with return code 0
[2026-02-03T13:55:56.599+0530] {taskinstance.py:3280} INFO - 1 downstream tasks scheduled from follow-on schedule check
