[2026-02-01T21:12:09.269+0530] {taskinstance.py:1956} INFO - Dependencies all met for dep_context=non-requeueable deps ti=<TaskInstance: tle_api_to_kafka_streaming.stream_api_to_kafka scheduled__2026-02-01T15:40:00+00:00 [queued]>
[2026-02-01T21:12:09.277+0530] {taskinstance.py:1956} INFO - Dependencies all met for dep_context=requeueable deps ti=<TaskInstance: tle_api_to_kafka_streaming.stream_api_to_kafka scheduled__2026-02-01T15:40:00+00:00 [queued]>
[2026-02-01T21:12:09.278+0530] {taskinstance.py:2170} INFO - Starting attempt 1 of 3
[2026-02-01T21:12:09.290+0530] {taskinstance.py:2191} INFO - Executing <Task(PythonOperator): stream_api_to_kafka> on 2026-02-01 15:40:00+00:00
[2026-02-01T21:12:09.297+0530] {standard_task_runner.py:60} INFO - Started process 6364 to run task
[2026-02-01T21:12:09.302+0530] {standard_task_runner.py:87} INFO - Running: ['***', 'tasks', 'run', 'tle_api_to_kafka_streaming', 'stream_api_to_kafka', 'scheduled__2026-02-01T15:40:00+00:00', '--job-id', '315', '--raw', '--subdir', 'DAGS_FOLDER/***_dag_api_to_kafka.py', '--cfg-path', '/tmp/tmpc4gsghop']
[2026-02-01T21:12:09.306+0530] {standard_task_runner.py:88} INFO - Job 315: Subtask stream_api_to_kafka
[2026-02-01T21:12:09.373+0530] {task_command.py:423} INFO - Running <TaskInstance: tle_api_to_kafka_streaming.stream_api_to_kafka scheduled__2026-02-01T15:40:00+00:00 [running]> on host ***-scheduler
[2026-02-01T21:12:09.493+0530] {taskinstance.py:2480} INFO - Exporting env vars: AIRFLOW_CTX_DAG_OWNER='space-debris-team' AIRFLOW_CTX_DAG_ID='tle_api_to_kafka_streaming' AIRFLOW_CTX_TASK_ID='stream_api_to_kafka' AIRFLOW_CTX_EXECUTION_DATE='2026-02-01T15:40:00+00:00' AIRFLOW_CTX_TRY_NUMBER='1' AIRFLOW_CTX_DAG_RUN_ID='scheduled__2026-02-01T15:40:00+00:00'
[2026-02-01T21:12:09.494+0530] {airflow_dag_api_to_kafka.py:87} INFO - Starting TLE API to Kafka streaming
[2026-02-01T21:12:09.498+0530] {conn.py:380} INFO - <BrokerConnection node_id=bootstrap-0 host=kafka:9093 <connecting> [IPv4 ('172.21.0.8', 9093)]>: connecting to kafka:9093 [('172.21.0.8', 9093) IPv4]
[2026-02-01T21:12:09.499+0530] {conn.py:1205} INFO - Probing node bootstrap-0 broker version
[2026-02-01T21:12:09.500+0530] {conn.py:410} INFO - <BrokerConnection node_id=bootstrap-0 host=kafka:9093 <connecting> [IPv4 ('172.21.0.8', 9093)]>: Connection complete.
[2026-02-01T21:12:09.603+0530] {conn.py:1267} INFO - Broker version identified as 2.5.0
[2026-02-01T21:12:09.603+0530] {conn.py:1268} INFO - Set configuration api_version=(2, 5, 0) to skip auto check_version requests on startup
[2026-02-01T21:12:09.609+0530] {airflow_dag_api_to_kafka.py:98} INFO - Kafka producer initialized
[2026-02-01T21:12:09.609+0530] {airflow_dag_api_to_kafka.py:109} INFO - Connecting to: http://tle-api:5000/stream
[2026-02-01T21:12:09.610+0530] {airflow_dag_api_to_kafka.py:110} INFO - Parameters: {'acceleration': 100, 'mode': 'adaptive', 'max_delay': 5.0, 'limit': 1000}
[2026-02-01T21:12:09.620+0530] {conn.py:380} INFO - <BrokerConnection node_id=1 host=kafka:9093 <connecting> [IPv4 ('172.21.0.8', 9093)]>: connecting to kafka:9093 [('172.21.0.8', 9093) IPv4]
[2026-02-01T21:12:09.620+0530] {conn.py:410} INFO - <BrokerConnection node_id=1 host=kafka:9093 <connecting> [IPv4 ('172.21.0.8', 9093)]>: Connection complete.
[2026-02-01T21:12:09.620+0530] {conn.py:919} INFO - <BrokerConnection node_id=bootstrap-0 host=kafka:9093 <connected> [IPv4 ('172.21.0.8', 9093)]>: Closing connection. 
[2026-02-01T21:19:47.557+0530] {airflow_dag_api_to_kafka.py:161} INFO - Streamed 100 records to Kafka
[2026-02-01T21:28:03.299+0530] {airflow_dag_api_to_kafka.py:161} INFO - Streamed 200 records to Kafka
[2026-02-01T21:35:31.699+0530] {airflow_dag_api_to_kafka.py:161} INFO - Streamed 300 records to Kafka
[2026-02-01T21:43:47.276+0530] {airflow_dag_api_to_kafka.py:161} INFO - Streamed 400 records to Kafka
[2026-02-01T21:52:03.063+0530] {airflow_dag_api_to_kafka.py:161} INFO - Streamed 500 records to Kafka
[2026-02-01T22:00:23.251+0530] {airflow_dag_api_to_kafka.py:161} INFO - Streamed 600 records to Kafka
[2026-02-01T22:08:35.192+0530] {airflow_dag_api_to_kafka.py:161} INFO - Streamed 700 records to Kafka
[2026-02-01T22:16:55.395+0530] {airflow_dag_api_to_kafka.py:161} INFO - Streamed 800 records to Kafka
[2026-02-01T22:25:18.936+0530] {airflow_dag_api_to_kafka.py:161} INFO - Streamed 900 records to Kafka
[2026-02-01T22:32:53.977+0530] {airflow_dag_api_to_kafka.py:161} INFO - Streamed 1000 records to Kafka
[2026-02-01T22:32:53.984+0530] {airflow_dag_api_to_kafka.py:127} INFO - Stream summary: {'type': 'summary', 'total_records': 1000, 'real_time_span_seconds': 58924361.95372809, 'stream_time_seconds': 4833.88146494, 'effective_acceleration': 12189.86489037945}
[2026-02-01T22:32:53.988+0530] {kafka.py:483} INFO - Closing the Kafka producer with 9223372036.0 secs timeout.
[2026-02-01T22:32:53.999+0530] {conn.py:919} INFO - <BrokerConnection node_id=1 host=kafka:9093 <connected> [IPv4 ('172.21.0.8', 9093)]>: Closing connection. 
[2026-02-01T22:32:54.001+0530] {airflow_dag_api_to_kafka.py:178} INFO - ================================================================================
[2026-02-01T22:32:54.002+0530] {airflow_dag_api_to_kafka.py:179} INFO - Streaming complete: 1000 records sent, 0 errors
[2026-02-01T22:32:54.002+0530] {airflow_dag_api_to_kafka.py:180} INFO - Time elapsed: 4844.39s, Rate: 0.21 msg/s
[2026-02-01T22:32:54.002+0530] {airflow_dag_api_to_kafka.py:181} INFO - ================================================================================
[2026-02-01T22:32:54.006+0530] {python.py:201} INFO - Done. Returned value was: None
[2026-02-01T22:32:54.081+0530] {taskinstance.py:1138} INFO - Marking task as SUCCESS. dag_id=tle_api_to_kafka_streaming, task_id=stream_api_to_kafka, execution_date=20260201T154000, start_date=20260201T154209, end_date=20260201T170254
[2026-02-01T22:32:54.185+0530] {local_task_job_runner.py:234} INFO - Task exited with return code 0
[2026-02-01T22:32:54.290+0530] {taskinstance.py:3280} INFO - 0 downstream tasks scheduled from follow-on schedule check
