[2026-02-02T10:37:12.548+0530] {processor.py:161} INFO - Started process (PID=9143) to work on /opt/airflow/dags/airflow_dag_spark_streaming.py
[2026-02-02T10:37:12.549+0530] {processor.py:830} INFO - Processing file /opt/airflow/dags/airflow_dag_spark_streaming.py for tasks to queue
[2026-02-02T10:37:12.551+0530] {logging_mixin.py:188} INFO - [2026-02-02T10:37:12.550+0530] {dagbag.py:538} INFO - Filling up the DagBag from /opt/airflow/dags/airflow_dag_spark_streaming.py
[2026-02-02T10:37:12.583+0530] {processor.py:840} INFO - DAG(s) 'spark_sgp4_streaming' retrieved from /opt/airflow/dags/airflow_dag_spark_streaming.py
[2026-02-02T10:37:12.664+0530] {logging_mixin.py:188} INFO - [2026-02-02T10:37:12.663+0530] {dag.py:3036} INFO - Sync 1 DAGs
[2026-02-02T10:37:12.705+0530] {logging_mixin.py:188} INFO - [2026-02-02T10:37:12.705+0530] {dag.py:3823} INFO - Setting next_dagrun for spark_sgp4_streaming to None, run_after=None
[2026-02-02T10:37:12.740+0530] {processor.py:183} INFO - Processing /opt/airflow/dags/airflow_dag_spark_streaming.py took 0.200 seconds
[2026-02-02T10:37:42.926+0530] {processor.py:161} INFO - Started process (PID=9160) to work on /opt/airflow/dags/airflow_dag_spark_streaming.py
[2026-02-02T10:37:42.927+0530] {processor.py:830} INFO - Processing file /opt/airflow/dags/airflow_dag_spark_streaming.py for tasks to queue
[2026-02-02T10:37:42.928+0530] {logging_mixin.py:188} INFO - [2026-02-02T10:37:42.927+0530] {dagbag.py:538} INFO - Filling up the DagBag from /opt/airflow/dags/airflow_dag_spark_streaming.py
[2026-02-02T10:37:42.939+0530] {processor.py:840} INFO - DAG(s) 'spark_sgp4_streaming' retrieved from /opt/airflow/dags/airflow_dag_spark_streaming.py
[2026-02-02T10:37:42.968+0530] {logging_mixin.py:188} INFO - [2026-02-02T10:37:42.968+0530] {dag.py:3036} INFO - Sync 1 DAGs
[2026-02-02T10:37:42.982+0530] {logging_mixin.py:188} INFO - [2026-02-02T10:37:42.981+0530] {dag.py:3823} INFO - Setting next_dagrun for spark_sgp4_streaming to None, run_after=None
[2026-02-02T10:37:42.999+0530] {processor.py:183} INFO - Processing /opt/airflow/dags/airflow_dag_spark_streaming.py took 0.076 seconds
[2026-02-02T10:38:13.163+0530] {processor.py:161} INFO - Started process (PID=9175) to work on /opt/airflow/dags/airflow_dag_spark_streaming.py
[2026-02-02T10:38:13.164+0530] {processor.py:830} INFO - Processing file /opt/airflow/dags/airflow_dag_spark_streaming.py for tasks to queue
[2026-02-02T10:38:13.165+0530] {logging_mixin.py:188} INFO - [2026-02-02T10:38:13.164+0530] {dagbag.py:538} INFO - Filling up the DagBag from /opt/airflow/dags/airflow_dag_spark_streaming.py
[2026-02-02T10:38:13.200+0530] {processor.py:840} INFO - DAG(s) 'spark_sgp4_streaming' retrieved from /opt/airflow/dags/airflow_dag_spark_streaming.py
[2026-02-02T10:38:13.250+0530] {logging_mixin.py:188} INFO - [2026-02-02T10:38:13.250+0530] {dag.py:3036} INFO - Sync 1 DAGs
[2026-02-02T10:38:13.271+0530] {logging_mixin.py:188} INFO - [2026-02-02T10:38:13.271+0530] {dag.py:3823} INFO - Setting next_dagrun for spark_sgp4_streaming to None, run_after=None
[2026-02-02T10:38:13.296+0530] {processor.py:183} INFO - Processing /opt/airflow/dags/airflow_dag_spark_streaming.py took 0.137 seconds
[2026-02-02T10:38:43.457+0530] {processor.py:161} INFO - Started process (PID=9197) to work on /opt/airflow/dags/airflow_dag_spark_streaming.py
[2026-02-02T10:38:43.457+0530] {processor.py:830} INFO - Processing file /opt/airflow/dags/airflow_dag_spark_streaming.py for tasks to queue
[2026-02-02T10:38:43.458+0530] {logging_mixin.py:188} INFO - [2026-02-02T10:38:43.458+0530] {dagbag.py:538} INFO - Filling up the DagBag from /opt/airflow/dags/airflow_dag_spark_streaming.py
[2026-02-02T10:38:43.470+0530] {processor.py:840} INFO - DAG(s) 'spark_sgp4_streaming' retrieved from /opt/airflow/dags/airflow_dag_spark_streaming.py
[2026-02-02T10:38:43.501+0530] {logging_mixin.py:188} INFO - [2026-02-02T10:38:43.501+0530] {dag.py:3036} INFO - Sync 1 DAGs
[2026-02-02T10:38:43.515+0530] {logging_mixin.py:188} INFO - [2026-02-02T10:38:43.515+0530] {dag.py:3823} INFO - Setting next_dagrun for spark_sgp4_streaming to None, run_after=None
[2026-02-02T10:38:43.533+0530] {processor.py:183} INFO - Processing /opt/airflow/dags/airflow_dag_spark_streaming.py took 0.080 seconds
[2026-02-02T10:39:13.711+0530] {processor.py:161} INFO - Started process (PID=9212) to work on /opt/airflow/dags/airflow_dag_spark_streaming.py
[2026-02-02T10:39:13.713+0530] {processor.py:830} INFO - Processing file /opt/airflow/dags/airflow_dag_spark_streaming.py for tasks to queue
[2026-02-02T10:39:13.714+0530] {logging_mixin.py:188} INFO - [2026-02-02T10:39:13.713+0530] {dagbag.py:538} INFO - Filling up the DagBag from /opt/airflow/dags/airflow_dag_spark_streaming.py
[2026-02-02T10:39:13.740+0530] {processor.py:840} INFO - DAG(s) 'spark_sgp4_streaming' retrieved from /opt/airflow/dags/airflow_dag_spark_streaming.py
[2026-02-02T10:39:13.786+0530] {logging_mixin.py:188} INFO - [2026-02-02T10:39:13.786+0530] {dag.py:3036} INFO - Sync 1 DAGs
[2026-02-02T10:39:13.808+0530] {logging_mixin.py:188} INFO - [2026-02-02T10:39:13.807+0530] {dag.py:3823} INFO - Setting next_dagrun for spark_sgp4_streaming to None, run_after=None
[2026-02-02T10:39:13.842+0530] {processor.py:183} INFO - Processing /opt/airflow/dags/airflow_dag_spark_streaming.py took 0.136 seconds
[2026-02-02T10:39:44.064+0530] {processor.py:161} INFO - Started process (PID=9227) to work on /opt/airflow/dags/airflow_dag_spark_streaming.py
[2026-02-02T10:39:44.066+0530] {processor.py:830} INFO - Processing file /opt/airflow/dags/airflow_dag_spark_streaming.py for tasks to queue
[2026-02-02T10:39:44.068+0530] {logging_mixin.py:188} INFO - [2026-02-02T10:39:44.067+0530] {dagbag.py:538} INFO - Filling up the DagBag from /opt/airflow/dags/airflow_dag_spark_streaming.py
[2026-02-02T10:39:44.095+0530] {processor.py:840} INFO - DAG(s) 'spark_sgp4_streaming' retrieved from /opt/airflow/dags/airflow_dag_spark_streaming.py
[2026-02-02T10:39:44.143+0530] {logging_mixin.py:188} INFO - [2026-02-02T10:39:44.143+0530] {dag.py:3036} INFO - Sync 1 DAGs
[2026-02-02T10:39:44.168+0530] {logging_mixin.py:188} INFO - [2026-02-02T10:39:44.168+0530] {dag.py:3823} INFO - Setting next_dagrun for spark_sgp4_streaming to None, run_after=None
[2026-02-02T10:39:44.202+0530] {processor.py:183} INFO - Processing /opt/airflow/dags/airflow_dag_spark_streaming.py took 0.146 seconds
[2026-02-02T10:40:14.424+0530] {processor.py:161} INFO - Started process (PID=9242) to work on /opt/airflow/dags/airflow_dag_spark_streaming.py
[2026-02-02T10:40:14.426+0530] {processor.py:830} INFO - Processing file /opt/airflow/dags/airflow_dag_spark_streaming.py for tasks to queue
[2026-02-02T10:40:14.428+0530] {logging_mixin.py:188} INFO - [2026-02-02T10:40:14.427+0530] {dagbag.py:538} INFO - Filling up the DagBag from /opt/airflow/dags/airflow_dag_spark_streaming.py
[2026-02-02T10:40:14.453+0530] {processor.py:840} INFO - DAG(s) 'spark_sgp4_streaming' retrieved from /opt/airflow/dags/airflow_dag_spark_streaming.py
[2026-02-02T10:40:14.513+0530] {logging_mixin.py:188} INFO - [2026-02-02T10:40:14.513+0530] {dag.py:3036} INFO - Sync 1 DAGs
[2026-02-02T10:40:14.545+0530] {logging_mixin.py:188} INFO - [2026-02-02T10:40:14.544+0530] {dag.py:3823} INFO - Setting next_dagrun for spark_sgp4_streaming to None, run_after=None
[2026-02-02T10:40:14.584+0530] {processor.py:183} INFO - Processing /opt/airflow/dags/airflow_dag_spark_streaming.py took 0.166 seconds
[2026-02-02T10:40:44.818+0530] {processor.py:161} INFO - Started process (PID=9275) to work on /opt/airflow/dags/airflow_dag_spark_streaming.py
[2026-02-02T10:40:44.819+0530] {processor.py:830} INFO - Processing file /opt/airflow/dags/airflow_dag_spark_streaming.py for tasks to queue
[2026-02-02T10:40:44.821+0530] {logging_mixin.py:188} INFO - [2026-02-02T10:40:44.820+0530] {dagbag.py:538} INFO - Filling up the DagBag from /opt/airflow/dags/airflow_dag_spark_streaming.py
[2026-02-02T10:40:44.846+0530] {processor.py:840} INFO - DAG(s) 'spark_sgp4_streaming' retrieved from /opt/airflow/dags/airflow_dag_spark_streaming.py
[2026-02-02T10:40:44.908+0530] {logging_mixin.py:188} INFO - [2026-02-02T10:40:44.908+0530] {dag.py:3036} INFO - Sync 1 DAGs
[2026-02-02T10:40:44.934+0530] {logging_mixin.py:188} INFO - [2026-02-02T10:40:44.934+0530] {dag.py:3823} INFO - Setting next_dagrun for spark_sgp4_streaming to None, run_after=None
[2026-02-02T10:40:44.967+0530] {processor.py:183} INFO - Processing /opt/airflow/dags/airflow_dag_spark_streaming.py took 0.156 seconds
[2026-02-02T10:41:15.187+0530] {processor.py:161} INFO - Started process (PID=9290) to work on /opt/airflow/dags/airflow_dag_spark_streaming.py
[2026-02-02T10:41:15.188+0530] {processor.py:830} INFO - Processing file /opt/airflow/dags/airflow_dag_spark_streaming.py for tasks to queue
[2026-02-02T10:41:15.190+0530] {logging_mixin.py:188} INFO - [2026-02-02T10:41:15.189+0530] {dagbag.py:538} INFO - Filling up the DagBag from /opt/airflow/dags/airflow_dag_spark_streaming.py
[2026-02-02T10:41:15.215+0530] {processor.py:840} INFO - DAG(s) 'spark_sgp4_streaming' retrieved from /opt/airflow/dags/airflow_dag_spark_streaming.py
[2026-02-02T10:41:15.445+0530] {logging_mixin.py:188} INFO - [2026-02-02T10:41:15.444+0530] {dag.py:3036} INFO - Sync 1 DAGs
[2026-02-02T10:41:15.466+0530] {logging_mixin.py:188} INFO - [2026-02-02T10:41:15.466+0530] {dag.py:3823} INFO - Setting next_dagrun for spark_sgp4_streaming to None, run_after=None
[2026-02-02T10:41:15.498+0530] {processor.py:183} INFO - Processing /opt/airflow/dags/airflow_dag_spark_streaming.py took 0.318 seconds
[2026-02-02T10:41:45.700+0530] {processor.py:161} INFO - Started process (PID=9305) to work on /opt/airflow/dags/airflow_dag_spark_streaming.py
[2026-02-02T10:41:45.702+0530] {processor.py:830} INFO - Processing file /opt/airflow/dags/airflow_dag_spark_streaming.py for tasks to queue
[2026-02-02T10:41:45.704+0530] {logging_mixin.py:188} INFO - [2026-02-02T10:41:45.703+0530] {dagbag.py:538} INFO - Filling up the DagBag from /opt/airflow/dags/airflow_dag_spark_streaming.py
[2026-02-02T10:41:45.729+0530] {processor.py:840} INFO - DAG(s) 'spark_sgp4_streaming' retrieved from /opt/airflow/dags/airflow_dag_spark_streaming.py
[2026-02-02T10:41:45.903+0530] {logging_mixin.py:188} INFO - [2026-02-02T10:41:45.902+0530] {dag.py:3036} INFO - Sync 1 DAGs
[2026-02-02T10:41:45.922+0530] {logging_mixin.py:188} INFO - [2026-02-02T10:41:45.921+0530] {dag.py:3823} INFO - Setting next_dagrun for spark_sgp4_streaming to None, run_after=None
[2026-02-02T10:41:45.957+0530] {processor.py:183} INFO - Processing /opt/airflow/dags/airflow_dag_spark_streaming.py took 0.262 seconds
[2026-02-02T10:42:16.183+0530] {processor.py:161} INFO - Started process (PID=9320) to work on /opt/airflow/dags/airflow_dag_spark_streaming.py
[2026-02-02T10:42:16.185+0530] {processor.py:830} INFO - Processing file /opt/airflow/dags/airflow_dag_spark_streaming.py for tasks to queue
[2026-02-02T10:42:16.186+0530] {logging_mixin.py:188} INFO - [2026-02-02T10:42:16.185+0530] {dagbag.py:538} INFO - Filling up the DagBag from /opt/airflow/dags/airflow_dag_spark_streaming.py
[2026-02-02T10:42:16.208+0530] {processor.py:840} INFO - DAG(s) 'spark_sgp4_streaming' retrieved from /opt/airflow/dags/airflow_dag_spark_streaming.py
[2026-02-02T10:42:16.260+0530] {logging_mixin.py:188} INFO - [2026-02-02T10:42:16.259+0530] {dag.py:3036} INFO - Sync 1 DAGs
[2026-02-02T10:42:16.287+0530] {logging_mixin.py:188} INFO - [2026-02-02T10:42:16.287+0530] {dag.py:3823} INFO - Setting next_dagrun for spark_sgp4_streaming to None, run_after=None
[2026-02-02T10:42:16.324+0530] {processor.py:183} INFO - Processing /opt/airflow/dags/airflow_dag_spark_streaming.py took 0.149 seconds
[2026-02-02T10:42:46.529+0530] {processor.py:161} INFO - Started process (PID=9335) to work on /opt/airflow/dags/airflow_dag_spark_streaming.py
[2026-02-02T10:42:46.537+0530] {processor.py:830} INFO - Processing file /opt/airflow/dags/airflow_dag_spark_streaming.py for tasks to queue
[2026-02-02T10:42:46.539+0530] {logging_mixin.py:188} INFO - [2026-02-02T10:42:46.538+0530] {dagbag.py:538} INFO - Filling up the DagBag from /opt/airflow/dags/airflow_dag_spark_streaming.py
[2026-02-02T10:42:46.585+0530] {processor.py:840} INFO - DAG(s) 'spark_sgp4_streaming' retrieved from /opt/airflow/dags/airflow_dag_spark_streaming.py
[2026-02-02T10:42:46.662+0530] {logging_mixin.py:188} INFO - [2026-02-02T10:42:46.661+0530] {dag.py:3036} INFO - Sync 1 DAGs
[2026-02-02T10:42:46.694+0530] {logging_mixin.py:188} INFO - [2026-02-02T10:42:46.693+0530] {dag.py:3823} INFO - Setting next_dagrun for spark_sgp4_streaming to None, run_after=None
[2026-02-02T10:42:46.724+0530] {processor.py:183} INFO - Processing /opt/airflow/dags/airflow_dag_spark_streaming.py took 0.200 seconds
[2026-02-02T10:43:16.940+0530] {processor.py:161} INFO - Started process (PID=9350) to work on /opt/airflow/dags/airflow_dag_spark_streaming.py
[2026-02-02T10:43:16.942+0530] {processor.py:830} INFO - Processing file /opt/airflow/dags/airflow_dag_spark_streaming.py for tasks to queue
[2026-02-02T10:43:16.943+0530] {logging_mixin.py:188} INFO - [2026-02-02T10:43:16.943+0530] {dagbag.py:538} INFO - Filling up the DagBag from /opt/airflow/dags/airflow_dag_spark_streaming.py
[2026-02-02T10:43:16.968+0530] {processor.py:840} INFO - DAG(s) 'spark_sgp4_streaming' retrieved from /opt/airflow/dags/airflow_dag_spark_streaming.py
[2026-02-02T10:43:17.023+0530] {logging_mixin.py:188} INFO - [2026-02-02T10:43:17.022+0530] {dag.py:3036} INFO - Sync 1 DAGs
[2026-02-02T10:43:17.056+0530] {logging_mixin.py:188} INFO - [2026-02-02T10:43:17.056+0530] {dag.py:3823} INFO - Setting next_dagrun for spark_sgp4_streaming to None, run_after=None
[2026-02-02T10:43:17.094+0530] {processor.py:183} INFO - Processing /opt/airflow/dags/airflow_dag_spark_streaming.py took 0.160 seconds
[2026-02-02T10:43:47.299+0530] {processor.py:161} INFO - Started process (PID=9365) to work on /opt/airflow/dags/airflow_dag_spark_streaming.py
[2026-02-02T10:43:47.299+0530] {processor.py:830} INFO - Processing file /opt/airflow/dags/airflow_dag_spark_streaming.py for tasks to queue
[2026-02-02T10:43:47.302+0530] {logging_mixin.py:188} INFO - [2026-02-02T10:43:47.300+0530] {dagbag.py:538} INFO - Filling up the DagBag from /opt/airflow/dags/airflow_dag_spark_streaming.py
[2026-02-02T10:43:47.327+0530] {processor.py:840} INFO - DAG(s) 'spark_sgp4_streaming' retrieved from /opt/airflow/dags/airflow_dag_spark_streaming.py
[2026-02-02T10:43:47.381+0530] {logging_mixin.py:188} INFO - [2026-02-02T10:43:47.380+0530] {dag.py:3036} INFO - Sync 1 DAGs
[2026-02-02T10:43:47.409+0530] {logging_mixin.py:188} INFO - [2026-02-02T10:43:47.408+0530] {dag.py:3823} INFO - Setting next_dagrun for spark_sgp4_streaming to None, run_after=None
[2026-02-02T10:43:47.446+0530] {processor.py:183} INFO - Processing /opt/airflow/dags/airflow_dag_spark_streaming.py took 0.152 seconds
[2026-02-02T10:44:17.669+0530] {processor.py:161} INFO - Started process (PID=9380) to work on /opt/airflow/dags/airflow_dag_spark_streaming.py
[2026-02-02T10:44:17.670+0530] {processor.py:830} INFO - Processing file /opt/airflow/dags/airflow_dag_spark_streaming.py for tasks to queue
[2026-02-02T10:44:17.671+0530] {logging_mixin.py:188} INFO - [2026-02-02T10:44:17.671+0530] {dagbag.py:538} INFO - Filling up the DagBag from /opt/airflow/dags/airflow_dag_spark_streaming.py
[2026-02-02T10:44:17.688+0530] {processor.py:840} INFO - DAG(s) 'spark_sgp4_streaming' retrieved from /opt/airflow/dags/airflow_dag_spark_streaming.py
[2026-02-02T10:44:17.731+0530] {logging_mixin.py:188} INFO - [2026-02-02T10:44:17.730+0530] {dag.py:3036} INFO - Sync 1 DAGs
[2026-02-02T10:44:17.754+0530] {logging_mixin.py:188} INFO - [2026-02-02T10:44:17.753+0530] {dag.py:3823} INFO - Setting next_dagrun for spark_sgp4_streaming to None, run_after=None
[2026-02-02T10:44:17.783+0530] {processor.py:183} INFO - Processing /opt/airflow/dags/airflow_dag_spark_streaming.py took 0.118 seconds
[2026-02-02T10:44:48.006+0530] {processor.py:161} INFO - Started process (PID=9395) to work on /opt/airflow/dags/airflow_dag_spark_streaming.py
[2026-02-02T10:44:48.008+0530] {processor.py:830} INFO - Processing file /opt/airflow/dags/airflow_dag_spark_streaming.py for tasks to queue
[2026-02-02T10:44:48.009+0530] {logging_mixin.py:188} INFO - [2026-02-02T10:44:48.009+0530] {dagbag.py:538} INFO - Filling up the DagBag from /opt/airflow/dags/airflow_dag_spark_streaming.py
[2026-02-02T10:44:48.029+0530] {processor.py:840} INFO - DAG(s) 'spark_sgp4_streaming' retrieved from /opt/airflow/dags/airflow_dag_spark_streaming.py
[2026-02-02T10:44:48.086+0530] {logging_mixin.py:188} INFO - [2026-02-02T10:44:48.086+0530] {dag.py:3036} INFO - Sync 1 DAGs
[2026-02-02T10:44:48.115+0530] {logging_mixin.py:188} INFO - [2026-02-02T10:44:48.115+0530] {dag.py:3823} INFO - Setting next_dagrun for spark_sgp4_streaming to None, run_after=None
[2026-02-02T10:44:48.148+0530] {processor.py:183} INFO - Processing /opt/airflow/dags/airflow_dag_spark_streaming.py took 0.150 seconds
[2026-02-02T10:45:18.355+0530] {processor.py:161} INFO - Started process (PID=9410) to work on /opt/airflow/dags/airflow_dag_spark_streaming.py
[2026-02-02T10:45:18.356+0530] {processor.py:830} INFO - Processing file /opt/airflow/dags/airflow_dag_spark_streaming.py for tasks to queue
[2026-02-02T10:45:18.358+0530] {logging_mixin.py:188} INFO - [2026-02-02T10:45:18.357+0530] {dagbag.py:538} INFO - Filling up the DagBag from /opt/airflow/dags/airflow_dag_spark_streaming.py
[2026-02-02T10:45:18.383+0530] {processor.py:840} INFO - DAG(s) 'spark_sgp4_streaming' retrieved from /opt/airflow/dags/airflow_dag_spark_streaming.py
[2026-02-02T10:45:18.441+0530] {logging_mixin.py:188} INFO - [2026-02-02T10:45:18.440+0530] {dag.py:3036} INFO - Sync 1 DAGs
[2026-02-02T10:45:18.467+0530] {logging_mixin.py:188} INFO - [2026-02-02T10:45:18.466+0530] {dag.py:3823} INFO - Setting next_dagrun for spark_sgp4_streaming to None, run_after=None
[2026-02-02T10:45:18.502+0530] {processor.py:183} INFO - Processing /opt/airflow/dags/airflow_dag_spark_streaming.py took 0.154 seconds
[2026-02-02T10:45:48.718+0530] {processor.py:161} INFO - Started process (PID=9425) to work on /opt/airflow/dags/airflow_dag_spark_streaming.py
[2026-02-02T10:45:48.719+0530] {processor.py:830} INFO - Processing file /opt/airflow/dags/airflow_dag_spark_streaming.py for tasks to queue
[2026-02-02T10:45:48.721+0530] {logging_mixin.py:188} INFO - [2026-02-02T10:45:48.720+0530] {dagbag.py:538} INFO - Filling up the DagBag from /opt/airflow/dags/airflow_dag_spark_streaming.py
[2026-02-02T10:45:48.747+0530] {processor.py:840} INFO - DAG(s) 'spark_sgp4_streaming' retrieved from /opt/airflow/dags/airflow_dag_spark_streaming.py
[2026-02-02T10:45:48.800+0530] {logging_mixin.py:188} INFO - [2026-02-02T10:45:48.799+0530] {dag.py:3036} INFO - Sync 1 DAGs
[2026-02-02T10:45:48.824+0530] {logging_mixin.py:188} INFO - [2026-02-02T10:45:48.824+0530] {dag.py:3823} INFO - Setting next_dagrun for spark_sgp4_streaming to None, run_after=None
[2026-02-02T10:45:48.854+0530] {processor.py:183} INFO - Processing /opt/airflow/dags/airflow_dag_spark_streaming.py took 0.143 seconds
[2026-02-02T10:46:19.080+0530] {processor.py:161} INFO - Started process (PID=9440) to work on /opt/airflow/dags/airflow_dag_spark_streaming.py
[2026-02-02T10:46:19.082+0530] {processor.py:830} INFO - Processing file /opt/airflow/dags/airflow_dag_spark_streaming.py for tasks to queue
[2026-02-02T10:46:19.084+0530] {logging_mixin.py:188} INFO - [2026-02-02T10:46:19.083+0530] {dagbag.py:538} INFO - Filling up the DagBag from /opt/airflow/dags/airflow_dag_spark_streaming.py
[2026-02-02T10:46:19.107+0530] {processor.py:840} INFO - DAG(s) 'spark_sgp4_streaming' retrieved from /opt/airflow/dags/airflow_dag_spark_streaming.py
[2026-02-02T10:46:19.165+0530] {logging_mixin.py:188} INFO - [2026-02-02T10:46:19.165+0530] {dag.py:3036} INFO - Sync 1 DAGs
[2026-02-02T10:46:19.193+0530] {logging_mixin.py:188} INFO - [2026-02-02T10:46:19.192+0530] {dag.py:3823} INFO - Setting next_dagrun for spark_sgp4_streaming to None, run_after=None
[2026-02-02T10:46:19.226+0530] {processor.py:183} INFO - Processing /opt/airflow/dags/airflow_dag_spark_streaming.py took 0.153 seconds
[2026-02-02T10:46:49.432+0530] {processor.py:161} INFO - Started process (PID=9455) to work on /opt/airflow/dags/airflow_dag_spark_streaming.py
[2026-02-02T10:46:49.433+0530] {processor.py:830} INFO - Processing file /opt/airflow/dags/airflow_dag_spark_streaming.py for tasks to queue
[2026-02-02T10:46:49.435+0530] {logging_mixin.py:188} INFO - [2026-02-02T10:46:49.434+0530] {dagbag.py:538} INFO - Filling up the DagBag from /opt/airflow/dags/airflow_dag_spark_streaming.py
[2026-02-02T10:46:49.460+0530] {processor.py:840} INFO - DAG(s) 'spark_sgp4_streaming' retrieved from /opt/airflow/dags/airflow_dag_spark_streaming.py
[2026-02-02T10:46:49.522+0530] {logging_mixin.py:188} INFO - [2026-02-02T10:46:49.522+0530] {dag.py:3036} INFO - Sync 1 DAGs
[2026-02-02T10:46:49.548+0530] {logging_mixin.py:188} INFO - [2026-02-02T10:46:49.548+0530] {dag.py:3823} INFO - Setting next_dagrun for spark_sgp4_streaming to None, run_after=None
[2026-02-02T10:46:49.582+0530] {processor.py:183} INFO - Processing /opt/airflow/dags/airflow_dag_spark_streaming.py took 0.157 seconds
[2026-02-02T10:47:19.799+0530] {processor.py:161} INFO - Started process (PID=9470) to work on /opt/airflow/dags/airflow_dag_spark_streaming.py
[2026-02-02T10:47:19.800+0530] {processor.py:830} INFO - Processing file /opt/airflow/dags/airflow_dag_spark_streaming.py for tasks to queue
[2026-02-02T10:47:19.802+0530] {logging_mixin.py:188} INFO - [2026-02-02T10:47:19.801+0530] {dagbag.py:538} INFO - Filling up the DagBag from /opt/airflow/dags/airflow_dag_spark_streaming.py
[2026-02-02T10:47:19.839+0530] {processor.py:840} INFO - DAG(s) 'spark_sgp4_streaming' retrieved from /opt/airflow/dags/airflow_dag_spark_streaming.py
[2026-02-02T10:47:20.081+0530] {logging_mixin.py:188} INFO - [2026-02-02T10:47:20.081+0530] {dag.py:3036} INFO - Sync 1 DAGs
[2026-02-02T10:47:20.104+0530] {logging_mixin.py:188} INFO - [2026-02-02T10:47:20.104+0530] {dag.py:3823} INFO - Setting next_dagrun for spark_sgp4_streaming to None, run_after=None
[2026-02-02T10:47:20.148+0530] {processor.py:183} INFO - Processing /opt/airflow/dags/airflow_dag_spark_streaming.py took 0.356 seconds
[2026-02-02T10:47:50.352+0530] {processor.py:161} INFO - Started process (PID=9485) to work on /opt/airflow/dags/airflow_dag_spark_streaming.py
[2026-02-02T10:47:50.353+0530] {processor.py:830} INFO - Processing file /opt/airflow/dags/airflow_dag_spark_streaming.py for tasks to queue
[2026-02-02T10:47:50.354+0530] {logging_mixin.py:188} INFO - [2026-02-02T10:47:50.354+0530] {dagbag.py:538} INFO - Filling up the DagBag from /opt/airflow/dags/airflow_dag_spark_streaming.py
[2026-02-02T10:47:50.374+0530] {processor.py:840} INFO - DAG(s) 'spark_sgp4_streaming' retrieved from /opt/airflow/dags/airflow_dag_spark_streaming.py
[2026-02-02T10:47:50.558+0530] {logging_mixin.py:188} INFO - [2026-02-02T10:47:50.558+0530] {dag.py:3036} INFO - Sync 1 DAGs
[2026-02-02T10:47:50.583+0530] {logging_mixin.py:188} INFO - [2026-02-02T10:47:50.583+0530] {dag.py:3823} INFO - Setting next_dagrun for spark_sgp4_streaming to None, run_after=None
[2026-02-02T10:47:50.617+0530] {processor.py:183} INFO - Processing /opt/airflow/dags/airflow_dag_spark_streaming.py took 0.270 seconds
[2026-02-02T10:48:20.832+0530] {processor.py:161} INFO - Started process (PID=9500) to work on /opt/airflow/dags/airflow_dag_spark_streaming.py
[2026-02-02T10:48:20.833+0530] {processor.py:830} INFO - Processing file /opt/airflow/dags/airflow_dag_spark_streaming.py for tasks to queue
[2026-02-02T10:48:20.835+0530] {logging_mixin.py:188} INFO - [2026-02-02T10:48:20.834+0530] {dagbag.py:538} INFO - Filling up the DagBag from /opt/airflow/dags/airflow_dag_spark_streaming.py
[2026-02-02T10:48:20.859+0530] {processor.py:840} INFO - DAG(s) 'spark_sgp4_streaming' retrieved from /opt/airflow/dags/airflow_dag_spark_streaming.py
[2026-02-02T10:48:20.914+0530] {logging_mixin.py:188} INFO - [2026-02-02T10:48:20.914+0530] {dag.py:3036} INFO - Sync 1 DAGs
[2026-02-02T10:48:20.937+0530] {logging_mixin.py:188} INFO - [2026-02-02T10:48:20.937+0530] {dag.py:3823} INFO - Setting next_dagrun for spark_sgp4_streaming to None, run_after=None
[2026-02-02T10:48:20.970+0530] {processor.py:183} INFO - Processing /opt/airflow/dags/airflow_dag_spark_streaming.py took 0.145 seconds
[2026-02-02T10:48:51.194+0530] {processor.py:161} INFO - Started process (PID=9515) to work on /opt/airflow/dags/airflow_dag_spark_streaming.py
[2026-02-02T10:48:51.195+0530] {processor.py:830} INFO - Processing file /opt/airflow/dags/airflow_dag_spark_streaming.py for tasks to queue
[2026-02-02T10:48:51.197+0530] {logging_mixin.py:188} INFO - [2026-02-02T10:48:51.196+0530] {dagbag.py:538} INFO - Filling up the DagBag from /opt/airflow/dags/airflow_dag_spark_streaming.py
[2026-02-02T10:48:51.223+0530] {processor.py:840} INFO - DAG(s) 'spark_sgp4_streaming' retrieved from /opt/airflow/dags/airflow_dag_spark_streaming.py
[2026-02-02T10:48:51.270+0530] {logging_mixin.py:188} INFO - [2026-02-02T10:48:51.270+0530] {dag.py:3036} INFO - Sync 1 DAGs
[2026-02-02T10:48:51.293+0530] {logging_mixin.py:188} INFO - [2026-02-02T10:48:51.293+0530] {dag.py:3823} INFO - Setting next_dagrun for spark_sgp4_streaming to None, run_after=None
[2026-02-02T10:48:51.323+0530] {processor.py:183} INFO - Processing /opt/airflow/dags/airflow_dag_spark_streaming.py took 0.137 seconds
[2026-02-02T10:49:21.553+0530] {processor.py:161} INFO - Started process (PID=9530) to work on /opt/airflow/dags/airflow_dag_spark_streaming.py
[2026-02-02T10:49:21.554+0530] {processor.py:830} INFO - Processing file /opt/airflow/dags/airflow_dag_spark_streaming.py for tasks to queue
[2026-02-02T10:49:21.556+0530] {logging_mixin.py:188} INFO - [2026-02-02T10:49:21.555+0530] {dagbag.py:538} INFO - Filling up the DagBag from /opt/airflow/dags/airflow_dag_spark_streaming.py
[2026-02-02T10:49:21.581+0530] {processor.py:840} INFO - DAG(s) 'spark_sgp4_streaming' retrieved from /opt/airflow/dags/airflow_dag_spark_streaming.py
[2026-02-02T10:49:21.639+0530] {logging_mixin.py:188} INFO - [2026-02-02T10:49:21.639+0530] {dag.py:3036} INFO - Sync 1 DAGs
[2026-02-02T10:49:21.667+0530] {logging_mixin.py:188} INFO - [2026-02-02T10:49:21.667+0530] {dag.py:3823} INFO - Setting next_dagrun for spark_sgp4_streaming to None, run_after=None
[2026-02-02T10:49:21.702+0530] {processor.py:183} INFO - Processing /opt/airflow/dags/airflow_dag_spark_streaming.py took 0.155 seconds
[2026-02-02T10:49:51.927+0530] {processor.py:161} INFO - Started process (PID=9545) to work on /opt/airflow/dags/airflow_dag_spark_streaming.py
[2026-02-02T10:49:51.928+0530] {processor.py:830} INFO - Processing file /opt/airflow/dags/airflow_dag_spark_streaming.py for tasks to queue
[2026-02-02T10:49:51.930+0530] {logging_mixin.py:188} INFO - [2026-02-02T10:49:51.929+0530] {dagbag.py:538} INFO - Filling up the DagBag from /opt/airflow/dags/airflow_dag_spark_streaming.py
[2026-02-02T10:49:51.954+0530] {processor.py:840} INFO - DAG(s) 'spark_sgp4_streaming' retrieved from /opt/airflow/dags/airflow_dag_spark_streaming.py
[2026-02-02T10:49:52.012+0530] {logging_mixin.py:188} INFO - [2026-02-02T10:49:52.011+0530] {dag.py:3036} INFO - Sync 1 DAGs
[2026-02-02T10:49:52.039+0530] {logging_mixin.py:188} INFO - [2026-02-02T10:49:52.038+0530] {dag.py:3823} INFO - Setting next_dagrun for spark_sgp4_streaming to None, run_after=None
[2026-02-02T10:49:52.074+0530] {processor.py:183} INFO - Processing /opt/airflow/dags/airflow_dag_spark_streaming.py took 0.154 seconds
[2026-02-02T10:50:22.297+0530] {processor.py:161} INFO - Started process (PID=9560) to work on /opt/airflow/dags/airflow_dag_spark_streaming.py
[2026-02-02T10:50:22.299+0530] {processor.py:830} INFO - Processing file /opt/airflow/dags/airflow_dag_spark_streaming.py for tasks to queue
[2026-02-02T10:50:22.301+0530] {logging_mixin.py:188} INFO - [2026-02-02T10:50:22.300+0530] {dagbag.py:538} INFO - Filling up the DagBag from /opt/airflow/dags/airflow_dag_spark_streaming.py
[2026-02-02T10:50:22.322+0530] {processor.py:840} INFO - DAG(s) 'spark_sgp4_streaming' retrieved from /opt/airflow/dags/airflow_dag_spark_streaming.py
[2026-02-02T10:50:22.377+0530] {logging_mixin.py:188} INFO - [2026-02-02T10:50:22.377+0530] {dag.py:3036} INFO - Sync 1 DAGs
[2026-02-02T10:50:22.401+0530] {logging_mixin.py:188} INFO - [2026-02-02T10:50:22.401+0530] {dag.py:3823} INFO - Setting next_dagrun for spark_sgp4_streaming to None, run_after=None
[2026-02-02T10:50:22.435+0530] {processor.py:183} INFO - Processing /opt/airflow/dags/airflow_dag_spark_streaming.py took 0.143 seconds
[2026-02-02T10:50:52.660+0530] {processor.py:161} INFO - Started process (PID=9575) to work on /opt/airflow/dags/airflow_dag_spark_streaming.py
[2026-02-02T10:50:52.661+0530] {processor.py:830} INFO - Processing file /opt/airflow/dags/airflow_dag_spark_streaming.py for tasks to queue
[2026-02-02T10:50:52.663+0530] {logging_mixin.py:188} INFO - [2026-02-02T10:50:52.662+0530] {dagbag.py:538} INFO - Filling up the DagBag from /opt/airflow/dags/airflow_dag_spark_streaming.py
[2026-02-02T10:50:52.688+0530] {processor.py:840} INFO - DAG(s) 'spark_sgp4_streaming' retrieved from /opt/airflow/dags/airflow_dag_spark_streaming.py
[2026-02-02T10:50:52.743+0530] {logging_mixin.py:188} INFO - [2026-02-02T10:50:52.743+0530] {dag.py:3036} INFO - Sync 1 DAGs
[2026-02-02T10:50:52.773+0530] {logging_mixin.py:188} INFO - [2026-02-02T10:50:52.772+0530] {dag.py:3823} INFO - Setting next_dagrun for spark_sgp4_streaming to None, run_after=None
[2026-02-02T10:50:52.810+0530] {processor.py:183} INFO - Processing /opt/airflow/dags/airflow_dag_spark_streaming.py took 0.157 seconds
[2026-02-02T10:51:23.046+0530] {processor.py:161} INFO - Started process (PID=9590) to work on /opt/airflow/dags/airflow_dag_spark_streaming.py
[2026-02-02T10:51:23.047+0530] {processor.py:830} INFO - Processing file /opt/airflow/dags/airflow_dag_spark_streaming.py for tasks to queue
[2026-02-02T10:51:23.049+0530] {logging_mixin.py:188} INFO - [2026-02-02T10:51:23.048+0530] {dagbag.py:538} INFO - Filling up the DagBag from /opt/airflow/dags/airflow_dag_spark_streaming.py
[2026-02-02T10:51:23.074+0530] {processor.py:840} INFO - DAG(s) 'spark_sgp4_streaming' retrieved from /opt/airflow/dags/airflow_dag_spark_streaming.py
[2026-02-02T10:51:23.134+0530] {logging_mixin.py:188} INFO - [2026-02-02T10:51:23.134+0530] {dag.py:3036} INFO - Sync 1 DAGs
[2026-02-02T10:51:23.161+0530] {logging_mixin.py:188} INFO - [2026-02-02T10:51:23.160+0530] {dag.py:3823} INFO - Setting next_dagrun for spark_sgp4_streaming to None, run_after=None
[2026-02-02T10:51:23.190+0530] {processor.py:183} INFO - Processing /opt/airflow/dags/airflow_dag_spark_streaming.py took 0.152 seconds
[2026-02-02T10:51:53.403+0530] {processor.py:161} INFO - Started process (PID=9605) to work on /opt/airflow/dags/airflow_dag_spark_streaming.py
[2026-02-02T10:51:53.405+0530] {processor.py:830} INFO - Processing file /opt/airflow/dags/airflow_dag_spark_streaming.py for tasks to queue
[2026-02-02T10:51:53.406+0530] {logging_mixin.py:188} INFO - [2026-02-02T10:51:53.406+0530] {dagbag.py:538} INFO - Filling up the DagBag from /opt/airflow/dags/airflow_dag_spark_streaming.py
[2026-02-02T10:51:53.430+0530] {processor.py:840} INFO - DAG(s) 'spark_sgp4_streaming' retrieved from /opt/airflow/dags/airflow_dag_spark_streaming.py
[2026-02-02T10:51:53.488+0530] {logging_mixin.py:188} INFO - [2026-02-02T10:51:53.488+0530] {dag.py:3036} INFO - Sync 1 DAGs
[2026-02-02T10:51:53.514+0530] {logging_mixin.py:188} INFO - [2026-02-02T10:51:53.514+0530] {dag.py:3823} INFO - Setting next_dagrun for spark_sgp4_streaming to None, run_after=None
[2026-02-02T10:51:53.549+0530] {processor.py:183} INFO - Processing /opt/airflow/dags/airflow_dag_spark_streaming.py took 0.153 seconds
[2026-02-02T10:52:23.773+0530] {processor.py:161} INFO - Started process (PID=9620) to work on /opt/airflow/dags/airflow_dag_spark_streaming.py
[2026-02-02T10:52:23.775+0530] {processor.py:830} INFO - Processing file /opt/airflow/dags/airflow_dag_spark_streaming.py for tasks to queue
[2026-02-02T10:52:23.776+0530] {logging_mixin.py:188} INFO - [2026-02-02T10:52:23.775+0530] {dagbag.py:538} INFO - Filling up the DagBag from /opt/airflow/dags/airflow_dag_spark_streaming.py
[2026-02-02T10:52:23.800+0530] {processor.py:840} INFO - DAG(s) 'spark_sgp4_streaming' retrieved from /opt/airflow/dags/airflow_dag_spark_streaming.py
[2026-02-02T10:52:23.859+0530] {logging_mixin.py:188} INFO - [2026-02-02T10:52:23.859+0530] {dag.py:3036} INFO - Sync 1 DAGs
[2026-02-02T10:52:23.887+0530] {logging_mixin.py:188} INFO - [2026-02-02T10:52:23.886+0530] {dag.py:3823} INFO - Setting next_dagrun for spark_sgp4_streaming to None, run_after=None
[2026-02-02T10:52:23.922+0530] {processor.py:183} INFO - Processing /opt/airflow/dags/airflow_dag_spark_streaming.py took 0.156 seconds
[2026-02-02T10:52:54.155+0530] {processor.py:161} INFO - Started process (PID=9635) to work on /opt/airflow/dags/airflow_dag_spark_streaming.py
[2026-02-02T10:52:54.157+0530] {processor.py:830} INFO - Processing file /opt/airflow/dags/airflow_dag_spark_streaming.py for tasks to queue
[2026-02-02T10:52:54.158+0530] {logging_mixin.py:188} INFO - [2026-02-02T10:52:54.158+0530] {dagbag.py:538} INFO - Filling up the DagBag from /opt/airflow/dags/airflow_dag_spark_streaming.py
[2026-02-02T10:52:54.183+0530] {processor.py:840} INFO - DAG(s) 'spark_sgp4_streaming' retrieved from /opt/airflow/dags/airflow_dag_spark_streaming.py
[2026-02-02T10:52:54.244+0530] {logging_mixin.py:188} INFO - [2026-02-02T10:52:54.244+0530] {dag.py:3036} INFO - Sync 1 DAGs
[2026-02-02T10:52:54.270+0530] {logging_mixin.py:188} INFO - [2026-02-02T10:52:54.270+0530] {dag.py:3823} INFO - Setting next_dagrun for spark_sgp4_streaming to None, run_after=None
[2026-02-02T10:52:54.307+0530] {processor.py:183} INFO - Processing /opt/airflow/dags/airflow_dag_spark_streaming.py took 0.159 seconds
[2026-02-02T10:53:24.524+0530] {processor.py:161} INFO - Started process (PID=9650) to work on /opt/airflow/dags/airflow_dag_spark_streaming.py
[2026-02-02T10:53:24.525+0530] {processor.py:830} INFO - Processing file /opt/airflow/dags/airflow_dag_spark_streaming.py for tasks to queue
[2026-02-02T10:53:24.527+0530] {logging_mixin.py:188} INFO - [2026-02-02T10:53:24.526+0530] {dagbag.py:538} INFO - Filling up the DagBag from /opt/airflow/dags/airflow_dag_spark_streaming.py
[2026-02-02T10:53:24.551+0530] {processor.py:840} INFO - DAG(s) 'spark_sgp4_streaming' retrieved from /opt/airflow/dags/airflow_dag_spark_streaming.py
[2026-02-02T10:53:24.609+0530] {logging_mixin.py:188} INFO - [2026-02-02T10:53:24.608+0530] {dag.py:3036} INFO - Sync 1 DAGs
[2026-02-02T10:53:24.636+0530] {logging_mixin.py:188} INFO - [2026-02-02T10:53:24.636+0530] {dag.py:3823} INFO - Setting next_dagrun for spark_sgp4_streaming to None, run_after=None
[2026-02-02T10:53:24.673+0530] {processor.py:183} INFO - Processing /opt/airflow/dags/airflow_dag_spark_streaming.py took 0.156 seconds
[2026-02-02T10:53:54.878+0530] {processor.py:161} INFO - Started process (PID=9665) to work on /opt/airflow/dags/airflow_dag_spark_streaming.py
[2026-02-02T10:53:54.879+0530] {processor.py:830} INFO - Processing file /opt/airflow/dags/airflow_dag_spark_streaming.py for tasks to queue
[2026-02-02T10:53:54.880+0530] {logging_mixin.py:188} INFO - [2026-02-02T10:53:54.880+0530] {dagbag.py:538} INFO - Filling up the DagBag from /opt/airflow/dags/airflow_dag_spark_streaming.py
[2026-02-02T10:53:54.898+0530] {processor.py:840} INFO - DAG(s) 'spark_sgp4_streaming' retrieved from /opt/airflow/dags/airflow_dag_spark_streaming.py
[2026-02-02T10:53:54.949+0530] {logging_mixin.py:188} INFO - [2026-02-02T10:53:54.949+0530] {dag.py:3036} INFO - Sync 1 DAGs
[2026-02-02T10:53:54.972+0530] {logging_mixin.py:188} INFO - [2026-02-02T10:53:54.972+0530] {dag.py:3823} INFO - Setting next_dagrun for spark_sgp4_streaming to None, run_after=None
[2026-02-02T10:53:55.004+0530] {processor.py:183} INFO - Processing /opt/airflow/dags/airflow_dag_spark_streaming.py took 0.131 seconds
[2026-02-02T10:54:25.227+0530] {processor.py:161} INFO - Started process (PID=9680) to work on /opt/airflow/dags/airflow_dag_spark_streaming.py
[2026-02-02T10:54:25.229+0530] {processor.py:830} INFO - Processing file /opt/airflow/dags/airflow_dag_spark_streaming.py for tasks to queue
[2026-02-02T10:54:25.230+0530] {logging_mixin.py:188} INFO - [2026-02-02T10:54:25.229+0530] {dagbag.py:538} INFO - Filling up the DagBag from /opt/airflow/dags/airflow_dag_spark_streaming.py
[2026-02-02T10:54:25.246+0530] {processor.py:840} INFO - DAG(s) 'spark_sgp4_streaming' retrieved from /opt/airflow/dags/airflow_dag_spark_streaming.py
[2026-02-02T10:54:25.303+0530] {logging_mixin.py:188} INFO - [2026-02-02T10:54:25.302+0530] {dag.py:3036} INFO - Sync 1 DAGs
[2026-02-02T10:54:25.329+0530] {logging_mixin.py:188} INFO - [2026-02-02T10:54:25.328+0530] {dag.py:3823} INFO - Setting next_dagrun for spark_sgp4_streaming to None, run_after=None
[2026-02-02T10:54:25.363+0530] {processor.py:183} INFO - Processing /opt/airflow/dags/airflow_dag_spark_streaming.py took 0.141 seconds
[2026-02-02T10:54:55.578+0530] {processor.py:161} INFO - Started process (PID=9695) to work on /opt/airflow/dags/airflow_dag_spark_streaming.py
[2026-02-02T10:54:55.580+0530] {processor.py:830} INFO - Processing file /opt/airflow/dags/airflow_dag_spark_streaming.py for tasks to queue
[2026-02-02T10:54:55.581+0530] {logging_mixin.py:188} INFO - [2026-02-02T10:54:55.581+0530] {dagbag.py:538} INFO - Filling up the DagBag from /opt/airflow/dags/airflow_dag_spark_streaming.py
[2026-02-02T10:54:55.606+0530] {processor.py:840} INFO - DAG(s) 'spark_sgp4_streaming' retrieved from /opt/airflow/dags/airflow_dag_spark_streaming.py
[2026-02-02T10:54:55.664+0530] {logging_mixin.py:188} INFO - [2026-02-02T10:54:55.664+0530] {dag.py:3036} INFO - Sync 1 DAGs
[2026-02-02T10:54:55.691+0530] {logging_mixin.py:188} INFO - [2026-02-02T10:54:55.690+0530] {dag.py:3823} INFO - Setting next_dagrun for spark_sgp4_streaming to None, run_after=None
[2026-02-02T10:54:55.723+0530] {processor.py:183} INFO - Processing /opt/airflow/dags/airflow_dag_spark_streaming.py took 0.151 seconds
[2026-02-02T10:55:25.934+0530] {processor.py:161} INFO - Started process (PID=9710) to work on /opt/airflow/dags/airflow_dag_spark_streaming.py
[2026-02-02T10:55:25.934+0530] {processor.py:830} INFO - Processing file /opt/airflow/dags/airflow_dag_spark_streaming.py for tasks to queue
[2026-02-02T10:55:25.935+0530] {logging_mixin.py:188} INFO - [2026-02-02T10:55:25.935+0530] {dagbag.py:538} INFO - Filling up the DagBag from /opt/airflow/dags/airflow_dag_spark_streaming.py
[2026-02-02T10:55:25.949+0530] {processor.py:840} INFO - DAG(s) 'spark_sgp4_streaming' retrieved from /opt/airflow/dags/airflow_dag_spark_streaming.py
[2026-02-02T10:55:25.983+0530] {logging_mixin.py:188} INFO - [2026-02-02T10:55:25.983+0530] {dag.py:3036} INFO - Sync 1 DAGs
[2026-02-02T10:55:25.998+0530] {logging_mixin.py:188} INFO - [2026-02-02T10:55:25.998+0530] {dag.py:3823} INFO - Setting next_dagrun for spark_sgp4_streaming to None, run_after=None
[2026-02-02T10:55:26.018+0530] {processor.py:183} INFO - Processing /opt/airflow/dags/airflow_dag_spark_streaming.py took 0.088 seconds
[2026-02-02T10:55:56.216+0530] {processor.py:161} INFO - Started process (PID=9725) to work on /opt/airflow/dags/airflow_dag_spark_streaming.py
[2026-02-02T10:55:56.218+0530] {processor.py:830} INFO - Processing file /opt/airflow/dags/airflow_dag_spark_streaming.py for tasks to queue
[2026-02-02T10:55:56.219+0530] {logging_mixin.py:188} INFO - [2026-02-02T10:55:56.219+0530] {dagbag.py:538} INFO - Filling up the DagBag from /opt/airflow/dags/airflow_dag_spark_streaming.py
[2026-02-02T10:55:56.244+0530] {processor.py:840} INFO - DAG(s) 'spark_sgp4_streaming' retrieved from /opt/airflow/dags/airflow_dag_spark_streaming.py
[2026-02-02T10:55:56.298+0530] {logging_mixin.py:188} INFO - [2026-02-02T10:55:56.298+0530] {dag.py:3036} INFO - Sync 1 DAGs
[2026-02-02T10:55:56.326+0530] {logging_mixin.py:188} INFO - [2026-02-02T10:55:56.326+0530] {dag.py:3823} INFO - Setting next_dagrun for spark_sgp4_streaming to None, run_after=None
[2026-02-02T10:55:56.367+0530] {processor.py:183} INFO - Processing /opt/airflow/dags/airflow_dag_spark_streaming.py took 0.156 seconds
[2026-02-02T10:56:26.592+0530] {processor.py:161} INFO - Started process (PID=9740) to work on /opt/airflow/dags/airflow_dag_spark_streaming.py
[2026-02-02T10:56:26.593+0530] {processor.py:830} INFO - Processing file /opt/airflow/dags/airflow_dag_spark_streaming.py for tasks to queue
[2026-02-02T10:56:26.594+0530] {logging_mixin.py:188} INFO - [2026-02-02T10:56:26.593+0530] {dagbag.py:538} INFO - Filling up the DagBag from /opt/airflow/dags/airflow_dag_spark_streaming.py
[2026-02-02T10:56:26.618+0530] {processor.py:840} INFO - DAG(s) 'spark_sgp4_streaming' retrieved from /opt/airflow/dags/airflow_dag_spark_streaming.py
[2026-02-02T10:56:26.674+0530] {logging_mixin.py:188} INFO - [2026-02-02T10:56:26.674+0530] {dag.py:3036} INFO - Sync 1 DAGs
[2026-02-02T10:56:26.697+0530] {logging_mixin.py:188} INFO - [2026-02-02T10:56:26.697+0530] {dag.py:3823} INFO - Setting next_dagrun for spark_sgp4_streaming to None, run_after=None
[2026-02-02T10:56:26.728+0530] {processor.py:183} INFO - Processing /opt/airflow/dags/airflow_dag_spark_streaming.py took 0.142 seconds
[2026-02-02T10:56:56.935+0530] {processor.py:161} INFO - Started process (PID=9755) to work on /opt/airflow/dags/airflow_dag_spark_streaming.py
[2026-02-02T10:56:56.936+0530] {processor.py:830} INFO - Processing file /opt/airflow/dags/airflow_dag_spark_streaming.py for tasks to queue
[2026-02-02T10:56:56.937+0530] {logging_mixin.py:188} INFO - [2026-02-02T10:56:56.937+0530] {dagbag.py:538} INFO - Filling up the DagBag from /opt/airflow/dags/airflow_dag_spark_streaming.py
[2026-02-02T10:56:56.964+0530] {processor.py:840} INFO - DAG(s) 'spark_sgp4_streaming' retrieved from /opt/airflow/dags/airflow_dag_spark_streaming.py
[2026-02-02T10:56:57.017+0530] {logging_mixin.py:188} INFO - [2026-02-02T10:56:57.017+0530] {dag.py:3036} INFO - Sync 1 DAGs
[2026-02-02T10:56:57.049+0530] {logging_mixin.py:188} INFO - [2026-02-02T10:56:57.049+0530] {dag.py:3823} INFO - Setting next_dagrun for spark_sgp4_streaming to None, run_after=None
[2026-02-02T10:56:57.084+0530] {processor.py:183} INFO - Processing /opt/airflow/dags/airflow_dag_spark_streaming.py took 0.154 seconds
[2026-02-02T10:57:27.361+0530] {processor.py:161} INFO - Started process (PID=9770) to work on /opt/airflow/dags/airflow_dag_spark_streaming.py
[2026-02-02T10:57:27.363+0530] {processor.py:830} INFO - Processing file /opt/airflow/dags/airflow_dag_spark_streaming.py for tasks to queue
[2026-02-02T10:57:27.364+0530] {logging_mixin.py:188} INFO - [2026-02-02T10:57:27.363+0530] {dagbag.py:538} INFO - Filling up the DagBag from /opt/airflow/dags/airflow_dag_spark_streaming.py
[2026-02-02T10:57:27.392+0530] {processor.py:840} INFO - DAG(s) 'spark_sgp4_streaming' retrieved from /opt/airflow/dags/airflow_dag_spark_streaming.py
[2026-02-02T10:57:27.438+0530] {logging_mixin.py:188} INFO - [2026-02-02T10:57:27.438+0530] {dag.py:3036} INFO - Sync 1 DAGs
[2026-02-02T10:57:27.468+0530] {logging_mixin.py:188} INFO - [2026-02-02T10:57:27.467+0530] {dag.py:3823} INFO - Setting next_dagrun for spark_sgp4_streaming to None, run_after=None
[2026-02-02T10:57:27.505+0530] {processor.py:183} INFO - Processing /opt/airflow/dags/airflow_dag_spark_streaming.py took 0.152 seconds
[2026-02-02T10:57:57.726+0530] {processor.py:161} INFO - Started process (PID=9785) to work on /opt/airflow/dags/airflow_dag_spark_streaming.py
[2026-02-02T10:57:57.727+0530] {processor.py:830} INFO - Processing file /opt/airflow/dags/airflow_dag_spark_streaming.py for tasks to queue
[2026-02-02T10:57:57.728+0530] {logging_mixin.py:188} INFO - [2026-02-02T10:57:57.728+0530] {dagbag.py:538} INFO - Filling up the DagBag from /opt/airflow/dags/airflow_dag_spark_streaming.py
[2026-02-02T10:57:57.752+0530] {processor.py:840} INFO - DAG(s) 'spark_sgp4_streaming' retrieved from /opt/airflow/dags/airflow_dag_spark_streaming.py
[2026-02-02T10:57:57.814+0530] {logging_mixin.py:188} INFO - [2026-02-02T10:57:57.814+0530] {dag.py:3036} INFO - Sync 1 DAGs
[2026-02-02T10:57:57.839+0530] {logging_mixin.py:188} INFO - [2026-02-02T10:57:57.838+0530] {dag.py:3823} INFO - Setting next_dagrun for spark_sgp4_streaming to None, run_after=None
[2026-02-02T10:57:57.876+0530] {processor.py:183} INFO - Processing /opt/airflow/dags/airflow_dag_spark_streaming.py took 0.158 seconds
[2026-02-02T10:58:28.099+0530] {processor.py:161} INFO - Started process (PID=9800) to work on /opt/airflow/dags/airflow_dag_spark_streaming.py
[2026-02-02T10:58:28.100+0530] {processor.py:830} INFO - Processing file /opt/airflow/dags/airflow_dag_spark_streaming.py for tasks to queue
[2026-02-02T10:58:28.102+0530] {logging_mixin.py:188} INFO - [2026-02-02T10:58:28.101+0530] {dagbag.py:538} INFO - Filling up the DagBag from /opt/airflow/dags/airflow_dag_spark_streaming.py
[2026-02-02T10:58:28.126+0530] {processor.py:840} INFO - DAG(s) 'spark_sgp4_streaming' retrieved from /opt/airflow/dags/airflow_dag_spark_streaming.py
[2026-02-02T10:58:28.184+0530] {logging_mixin.py:188} INFO - [2026-02-02T10:58:28.183+0530] {dag.py:3036} INFO - Sync 1 DAGs
[2026-02-02T10:58:28.208+0530] {logging_mixin.py:188} INFO - [2026-02-02T10:58:28.208+0530] {dag.py:3823} INFO - Setting next_dagrun for spark_sgp4_streaming to None, run_after=None
[2026-02-02T10:58:28.240+0530] {processor.py:183} INFO - Processing /opt/airflow/dags/airflow_dag_spark_streaming.py took 0.147 seconds
[2026-02-02T10:58:58.449+0530] {processor.py:161} INFO - Started process (PID=9822) to work on /opt/airflow/dags/airflow_dag_spark_streaming.py
[2026-02-02T10:58:58.451+0530] {processor.py:830} INFO - Processing file /opt/airflow/dags/airflow_dag_spark_streaming.py for tasks to queue
[2026-02-02T10:58:58.452+0530] {logging_mixin.py:188} INFO - [2026-02-02T10:58:58.452+0530] {dagbag.py:538} INFO - Filling up the DagBag from /opt/airflow/dags/airflow_dag_spark_streaming.py
[2026-02-02T10:58:58.474+0530] {processor.py:840} INFO - DAG(s) 'spark_sgp4_streaming' retrieved from /opt/airflow/dags/airflow_dag_spark_streaming.py
[2026-02-02T10:58:58.533+0530] {logging_mixin.py:188} INFO - [2026-02-02T10:58:58.533+0530] {dag.py:3036} INFO - Sync 1 DAGs
[2026-02-02T10:58:58.559+0530] {logging_mixin.py:188} INFO - [2026-02-02T10:58:58.559+0530] {dag.py:3823} INFO - Setting next_dagrun for spark_sgp4_streaming to None, run_after=None
[2026-02-02T10:58:58.594+0530] {processor.py:183} INFO - Processing /opt/airflow/dags/airflow_dag_spark_streaming.py took 0.152 seconds
[2026-02-02T10:59:28.800+0530] {processor.py:161} INFO - Started process (PID=9837) to work on /opt/airflow/dags/airflow_dag_spark_streaming.py
[2026-02-02T10:59:28.802+0530] {processor.py:830} INFO - Processing file /opt/airflow/dags/airflow_dag_spark_streaming.py for tasks to queue
[2026-02-02T10:59:28.805+0530] {logging_mixin.py:188} INFO - [2026-02-02T10:59:28.803+0530] {dagbag.py:538} INFO - Filling up the DagBag from /opt/airflow/dags/airflow_dag_spark_streaming.py
[2026-02-02T10:59:28.856+0530] {processor.py:840} INFO - DAG(s) 'spark_sgp4_streaming' retrieved from /opt/airflow/dags/airflow_dag_spark_streaming.py
[2026-02-02T10:59:28.933+0530] {logging_mixin.py:188} INFO - [2026-02-02T10:59:28.933+0530] {dag.py:3036} INFO - Sync 1 DAGs
[2026-02-02T10:59:28.963+0530] {logging_mixin.py:188} INFO - [2026-02-02T10:59:28.963+0530] {dag.py:3823} INFO - Setting next_dagrun for spark_sgp4_streaming to None, run_after=None
[2026-02-02T10:59:28.999+0530] {processor.py:183} INFO - Processing /opt/airflow/dags/airflow_dag_spark_streaming.py took 0.205 seconds
[2026-02-02T10:59:59.212+0530] {processor.py:161} INFO - Started process (PID=9852) to work on /opt/airflow/dags/airflow_dag_spark_streaming.py
[2026-02-02T10:59:59.213+0530] {processor.py:830} INFO - Processing file /opt/airflow/dags/airflow_dag_spark_streaming.py for tasks to queue
[2026-02-02T10:59:59.215+0530] {logging_mixin.py:188} INFO - [2026-02-02T10:59:59.214+0530] {dagbag.py:538} INFO - Filling up the DagBag from /opt/airflow/dags/airflow_dag_spark_streaming.py
[2026-02-02T10:59:59.240+0530] {processor.py:840} INFO - DAG(s) 'spark_sgp4_streaming' retrieved from /opt/airflow/dags/airflow_dag_spark_streaming.py
[2026-02-02T10:59:59.294+0530] {logging_mixin.py:188} INFO - [2026-02-02T10:59:59.293+0530] {dag.py:3036} INFO - Sync 1 DAGs
[2026-02-02T10:59:59.321+0530] {logging_mixin.py:188} INFO - [2026-02-02T10:59:59.321+0530] {dag.py:3823} INFO - Setting next_dagrun for spark_sgp4_streaming to None, run_after=None
[2026-02-02T10:59:59.352+0530] {processor.py:183} INFO - Processing /opt/airflow/dags/airflow_dag_spark_streaming.py took 0.147 seconds
[2026-02-02T11:00:29.571+0530] {processor.py:161} INFO - Started process (PID=9867) to work on /opt/airflow/dags/airflow_dag_spark_streaming.py
[2026-02-02T11:00:29.573+0530] {processor.py:830} INFO - Processing file /opt/airflow/dags/airflow_dag_spark_streaming.py for tasks to queue
[2026-02-02T11:00:29.575+0530] {logging_mixin.py:188} INFO - [2026-02-02T11:00:29.574+0530] {dagbag.py:538} INFO - Filling up the DagBag from /opt/airflow/dags/airflow_dag_spark_streaming.py
[2026-02-02T11:00:29.602+0530] {processor.py:840} INFO - DAG(s) 'spark_sgp4_streaming' retrieved from /opt/airflow/dags/airflow_dag_spark_streaming.py
[2026-02-02T11:00:29.663+0530] {logging_mixin.py:188} INFO - [2026-02-02T11:00:29.663+0530] {dag.py:3036} INFO - Sync 1 DAGs
[2026-02-02T11:00:29.688+0530] {logging_mixin.py:188} INFO - [2026-02-02T11:00:29.687+0530] {dag.py:3823} INFO - Setting next_dagrun for spark_sgp4_streaming to None, run_after=None
[2026-02-02T11:00:29.719+0530] {processor.py:183} INFO - Processing /opt/airflow/dags/airflow_dag_spark_streaming.py took 0.154 seconds
[2026-02-02T11:00:59.924+0530] {processor.py:161} INFO - Started process (PID=9882) to work on /opt/airflow/dags/airflow_dag_spark_streaming.py
[2026-02-02T11:00:59.927+0530] {processor.py:830} INFO - Processing file /opt/airflow/dags/airflow_dag_spark_streaming.py for tasks to queue
[2026-02-02T11:00:59.929+0530] {logging_mixin.py:188} INFO - [2026-02-02T11:00:59.928+0530] {dagbag.py:538} INFO - Filling up the DagBag from /opt/airflow/dags/airflow_dag_spark_streaming.py
[2026-02-02T11:00:59.958+0530] {processor.py:840} INFO - DAG(s) 'spark_sgp4_streaming' retrieved from /opt/airflow/dags/airflow_dag_spark_streaming.py
[2026-02-02T11:01:00.005+0530] {logging_mixin.py:188} INFO - [2026-02-02T11:01:00.004+0530] {dag.py:3036} INFO - Sync 1 DAGs
[2026-02-02T11:01:00.027+0530] {logging_mixin.py:188} INFO - [2026-02-02T11:01:00.026+0530] {dag.py:3823} INFO - Setting next_dagrun for spark_sgp4_streaming to None, run_after=None
[2026-02-02T11:01:00.053+0530] {processor.py:183} INFO - Processing /opt/airflow/dags/airflow_dag_spark_streaming.py took 0.135 seconds
[2026-02-02T11:01:30.232+0530] {processor.py:161} INFO - Started process (PID=9897) to work on /opt/airflow/dags/airflow_dag_spark_streaming.py
[2026-02-02T11:01:30.234+0530] {processor.py:830} INFO - Processing file /opt/airflow/dags/airflow_dag_spark_streaming.py for tasks to queue
[2026-02-02T11:01:30.236+0530] {logging_mixin.py:188} INFO - [2026-02-02T11:01:30.235+0530] {dagbag.py:538} INFO - Filling up the DagBag from /opt/airflow/dags/airflow_dag_spark_streaming.py
[2026-02-02T11:01:30.257+0530] {processor.py:840} INFO - DAG(s) 'spark_sgp4_streaming' retrieved from /opt/airflow/dags/airflow_dag_spark_streaming.py
[2026-02-02T11:01:30.301+0530] {logging_mixin.py:188} INFO - [2026-02-02T11:01:30.301+0530] {dag.py:3036} INFO - Sync 1 DAGs
[2026-02-02T11:01:30.318+0530] {logging_mixin.py:188} INFO - [2026-02-02T11:01:30.318+0530] {dag.py:3823} INFO - Setting next_dagrun for spark_sgp4_streaming to None, run_after=None
[2026-02-02T11:01:30.349+0530] {processor.py:183} INFO - Processing /opt/airflow/dags/airflow_dag_spark_streaming.py took 0.123 seconds
[2026-02-02T11:02:00.541+0530] {processor.py:161} INFO - Started process (PID=9912) to work on /opt/airflow/dags/airflow_dag_spark_streaming.py
[2026-02-02T11:02:00.541+0530] {processor.py:830} INFO - Processing file /opt/airflow/dags/airflow_dag_spark_streaming.py for tasks to queue
[2026-02-02T11:02:00.543+0530] {logging_mixin.py:188} INFO - [2026-02-02T11:02:00.542+0530] {dagbag.py:538} INFO - Filling up the DagBag from /opt/airflow/dags/airflow_dag_spark_streaming.py
[2026-02-02T11:02:00.584+0530] {processor.py:840} INFO - DAG(s) 'spark_sgp4_streaming' retrieved from /opt/airflow/dags/airflow_dag_spark_streaming.py
[2026-02-02T11:02:00.668+0530] {logging_mixin.py:188} INFO - [2026-02-02T11:02:00.668+0530] {dag.py:3036} INFO - Sync 1 DAGs
[2026-02-02T11:02:00.704+0530] {logging_mixin.py:188} INFO - [2026-02-02T11:02:00.703+0530] {dag.py:3823} INFO - Setting next_dagrun for spark_sgp4_streaming to None, run_after=None
[2026-02-02T11:02:00.747+0530] {processor.py:183} INFO - Processing /opt/airflow/dags/airflow_dag_spark_streaming.py took 0.211 seconds
[2026-02-02T11:02:30.986+0530] {processor.py:161} INFO - Started process (PID=9927) to work on /opt/airflow/dags/airflow_dag_spark_streaming.py
[2026-02-02T11:02:30.988+0530] {processor.py:830} INFO - Processing file /opt/airflow/dags/airflow_dag_spark_streaming.py for tasks to queue
[2026-02-02T11:02:30.990+0530] {logging_mixin.py:188} INFO - [2026-02-02T11:02:30.989+0530] {dagbag.py:538} INFO - Filling up the DagBag from /opt/airflow/dags/airflow_dag_spark_streaming.py
[2026-02-02T11:02:31.017+0530] {processor.py:840} INFO - DAG(s) 'spark_sgp4_streaming' retrieved from /opt/airflow/dags/airflow_dag_spark_streaming.py
[2026-02-02T11:02:31.084+0530] {logging_mixin.py:188} INFO - [2026-02-02T11:02:31.084+0530] {dag.py:3036} INFO - Sync 1 DAGs
[2026-02-02T11:02:31.110+0530] {logging_mixin.py:188} INFO - [2026-02-02T11:02:31.110+0530] {dag.py:3823} INFO - Setting next_dagrun for spark_sgp4_streaming to None, run_after=None
[2026-02-02T11:02:31.145+0530] {processor.py:183} INFO - Processing /opt/airflow/dags/airflow_dag_spark_streaming.py took 0.167 seconds
[2026-02-02T11:03:01.348+0530] {processor.py:161} INFO - Started process (PID=9942) to work on /opt/airflow/dags/airflow_dag_spark_streaming.py
[2026-02-02T11:03:01.349+0530] {processor.py:830} INFO - Processing file /opt/airflow/dags/airflow_dag_spark_streaming.py for tasks to queue
[2026-02-02T11:03:01.350+0530] {logging_mixin.py:188} INFO - [2026-02-02T11:03:01.350+0530] {dagbag.py:538} INFO - Filling up the DagBag from /opt/airflow/dags/airflow_dag_spark_streaming.py
[2026-02-02T11:03:01.384+0530] {processor.py:840} INFO - DAG(s) 'spark_sgp4_streaming' retrieved from /opt/airflow/dags/airflow_dag_spark_streaming.py
[2026-02-02T11:03:01.429+0530] {logging_mixin.py:188} INFO - [2026-02-02T11:03:01.429+0530] {dag.py:3036} INFO - Sync 1 DAGs
[2026-02-02T11:03:01.450+0530] {logging_mixin.py:188} INFO - [2026-02-02T11:03:01.450+0530] {dag.py:3823} INFO - Setting next_dagrun for spark_sgp4_streaming to None, run_after=None
[2026-02-02T11:03:01.474+0530] {processor.py:183} INFO - Processing /opt/airflow/dags/airflow_dag_spark_streaming.py took 0.130 seconds
[2026-02-02T11:03:31.688+0530] {processor.py:161} INFO - Started process (PID=9957) to work on /opt/airflow/dags/airflow_dag_spark_streaming.py
[2026-02-02T11:03:31.690+0530] {processor.py:830} INFO - Processing file /opt/airflow/dags/airflow_dag_spark_streaming.py for tasks to queue
[2026-02-02T11:03:31.691+0530] {logging_mixin.py:188} INFO - [2026-02-02T11:03:31.690+0530] {dagbag.py:538} INFO - Filling up the DagBag from /opt/airflow/dags/airflow_dag_spark_streaming.py
[2026-02-02T11:03:31.714+0530] {processor.py:840} INFO - DAG(s) 'spark_sgp4_streaming' retrieved from /opt/airflow/dags/airflow_dag_spark_streaming.py
[2026-02-02T11:03:31.764+0530] {logging_mixin.py:188} INFO - [2026-02-02T11:03:31.764+0530] {dag.py:3036} INFO - Sync 1 DAGs
[2026-02-02T11:03:31.785+0530] {logging_mixin.py:188} INFO - [2026-02-02T11:03:31.784+0530] {dag.py:3823} INFO - Setting next_dagrun for spark_sgp4_streaming to None, run_after=None
[2026-02-02T11:03:31.811+0530] {processor.py:183} INFO - Processing /opt/airflow/dags/airflow_dag_spark_streaming.py took 0.128 seconds
[2026-02-02T11:04:02.028+0530] {processor.py:161} INFO - Started process (PID=9972) to work on /opt/airflow/dags/airflow_dag_spark_streaming.py
[2026-02-02T11:04:02.029+0530] {processor.py:830} INFO - Processing file /opt/airflow/dags/airflow_dag_spark_streaming.py for tasks to queue
[2026-02-02T11:04:02.031+0530] {logging_mixin.py:188} INFO - [2026-02-02T11:04:02.030+0530] {dagbag.py:538} INFO - Filling up the DagBag from /opt/airflow/dags/airflow_dag_spark_streaming.py
[2026-02-02T11:04:02.058+0530] {processor.py:840} INFO - DAG(s) 'spark_sgp4_streaming' retrieved from /opt/airflow/dags/airflow_dag_spark_streaming.py
[2026-02-02T11:04:02.121+0530] {logging_mixin.py:188} INFO - [2026-02-02T11:04:02.121+0530] {dag.py:3036} INFO - Sync 1 DAGs
[2026-02-02T11:04:02.149+0530] {logging_mixin.py:188} INFO - [2026-02-02T11:04:02.149+0530] {dag.py:3823} INFO - Setting next_dagrun for spark_sgp4_streaming to None, run_after=None
[2026-02-02T11:04:02.189+0530] {processor.py:183} INFO - Processing /opt/airflow/dags/airflow_dag_spark_streaming.py took 0.168 seconds
[2026-02-02T11:04:32.428+0530] {processor.py:161} INFO - Started process (PID=9987) to work on /opt/airflow/dags/airflow_dag_spark_streaming.py
[2026-02-02T11:04:32.430+0530] {processor.py:830} INFO - Processing file /opt/airflow/dags/airflow_dag_spark_streaming.py for tasks to queue
[2026-02-02T11:04:32.432+0530] {logging_mixin.py:188} INFO - [2026-02-02T11:04:32.431+0530] {dagbag.py:538} INFO - Filling up the DagBag from /opt/airflow/dags/airflow_dag_spark_streaming.py
[2026-02-02T11:04:32.459+0530] {processor.py:840} INFO - DAG(s) 'spark_sgp4_streaming' retrieved from /opt/airflow/dags/airflow_dag_spark_streaming.py
[2026-02-02T11:04:32.513+0530] {logging_mixin.py:188} INFO - [2026-02-02T11:04:32.513+0530] {dag.py:3036} INFO - Sync 1 DAGs
[2026-02-02T11:04:32.542+0530] {logging_mixin.py:188} INFO - [2026-02-02T11:04:32.541+0530] {dag.py:3823} INFO - Setting next_dagrun for spark_sgp4_streaming to None, run_after=None
[2026-02-02T11:04:32.585+0530] {processor.py:183} INFO - Processing /opt/airflow/dags/airflow_dag_spark_streaming.py took 0.164 seconds
[2026-02-02T11:05:02.786+0530] {processor.py:161} INFO - Started process (PID=10002) to work on /opt/airflow/dags/airflow_dag_spark_streaming.py
[2026-02-02T11:05:02.787+0530] {processor.py:830} INFO - Processing file /opt/airflow/dags/airflow_dag_spark_streaming.py for tasks to queue
[2026-02-02T11:05:02.788+0530] {logging_mixin.py:188} INFO - [2026-02-02T11:05:02.787+0530] {dagbag.py:538} INFO - Filling up the DagBag from /opt/airflow/dags/airflow_dag_spark_streaming.py
[2026-02-02T11:05:02.804+0530] {processor.py:840} INFO - DAG(s) 'spark_sgp4_streaming' retrieved from /opt/airflow/dags/airflow_dag_spark_streaming.py
[2026-02-02T11:05:02.837+0530] {logging_mixin.py:188} INFO - [2026-02-02T11:05:02.837+0530] {dag.py:3036} INFO - Sync 1 DAGs
[2026-02-02T11:05:02.853+0530] {logging_mixin.py:188} INFO - [2026-02-02T11:05:02.853+0530] {dag.py:3823} INFO - Setting next_dagrun for spark_sgp4_streaming to None, run_after=None
[2026-02-02T11:05:02.875+0530] {processor.py:183} INFO - Processing /opt/airflow/dags/airflow_dag_spark_streaming.py took 0.093 seconds
[2026-02-02T11:05:33.090+0530] {processor.py:161} INFO - Started process (PID=10017) to work on /opt/airflow/dags/airflow_dag_spark_streaming.py
[2026-02-02T11:05:33.092+0530] {processor.py:830} INFO - Processing file /opt/airflow/dags/airflow_dag_spark_streaming.py for tasks to queue
[2026-02-02T11:05:33.094+0530] {logging_mixin.py:188} INFO - [2026-02-02T11:05:33.093+0530] {dagbag.py:538} INFO - Filling up the DagBag from /opt/airflow/dags/airflow_dag_spark_streaming.py
[2026-02-02T11:05:33.121+0530] {processor.py:840} INFO - DAG(s) 'spark_sgp4_streaming' retrieved from /opt/airflow/dags/airflow_dag_spark_streaming.py
[2026-02-02T11:05:33.181+0530] {logging_mixin.py:188} INFO - [2026-02-02T11:05:33.181+0530] {dag.py:3036} INFO - Sync 1 DAGs
[2026-02-02T11:05:33.211+0530] {logging_mixin.py:188} INFO - [2026-02-02T11:05:33.210+0530] {dag.py:3823} INFO - Setting next_dagrun for spark_sgp4_streaming to None, run_after=None
[2026-02-02T11:05:33.245+0530] {processor.py:183} INFO - Processing /opt/airflow/dags/airflow_dag_spark_streaming.py took 0.160 seconds
[2026-02-02T11:06:03.492+0530] {processor.py:161} INFO - Started process (PID=10032) to work on /opt/airflow/dags/airflow_dag_spark_streaming.py
[2026-02-02T11:06:03.493+0530] {processor.py:830} INFO - Processing file /opt/airflow/dags/airflow_dag_spark_streaming.py for tasks to queue
[2026-02-02T11:06:03.495+0530] {logging_mixin.py:188} INFO - [2026-02-02T11:06:03.494+0530] {dagbag.py:538} INFO - Filling up the DagBag from /opt/airflow/dags/airflow_dag_spark_streaming.py
[2026-02-02T11:06:03.523+0530] {processor.py:840} INFO - DAG(s) 'spark_sgp4_streaming' retrieved from /opt/airflow/dags/airflow_dag_spark_streaming.py
[2026-02-02T11:06:03.585+0530] {logging_mixin.py:188} INFO - [2026-02-02T11:06:03.584+0530] {dag.py:3036} INFO - Sync 1 DAGs
[2026-02-02T11:06:03.613+0530] {logging_mixin.py:188} INFO - [2026-02-02T11:06:03.613+0530] {dag.py:3823} INFO - Setting next_dagrun for spark_sgp4_streaming to None, run_after=None
[2026-02-02T11:06:03.649+0530] {processor.py:183} INFO - Processing /opt/airflow/dags/airflow_dag_spark_streaming.py took 0.165 seconds
