[2026-02-02T10:37:12.538+0530] {processor.py:161} INFO - Started process (PID=9140) to work on /opt/airflow/dags/airflow_dag_collision_prediction.py
[2026-02-02T10:37:12.540+0530] {processor.py:830} INFO - Processing file /opt/airflow/dags/airflow_dag_collision_prediction.py for tasks to queue
[2026-02-02T10:37:12.542+0530] {logging_mixin.py:188} INFO - [2026-02-02T10:37:12.541+0530] {dagbag.py:538} INFO - Filling up the DagBag from /opt/airflow/dags/airflow_dag_collision_prediction.py
[2026-02-02T10:37:12.584+0530] {processor.py:840} INFO - DAG(s) 'collision_prediction_pipeline' retrieved from /opt/airflow/dags/airflow_dag_collision_prediction.py
[2026-02-02T10:37:12.668+0530] {logging_mixin.py:188} INFO - [2026-02-02T10:37:12.668+0530] {dag.py:3036} INFO - Sync 1 DAGs
[2026-02-02T10:37:12.729+0530] {logging_mixin.py:188} INFO - [2026-02-02T10:37:12.729+0530] {dag.py:3823} INFO - Setting next_dagrun for collision_prediction_pipeline to 2026-02-01 18:30:00+00:00, run_after=2026-02-02 00:30:00+00:00
[2026-02-02T10:37:12.760+0530] {processor.py:183} INFO - Processing /opt/airflow/dags/airflow_dag_collision_prediction.py took 0.235 seconds
[2026-02-02T10:37:42.918+0530] {processor.py:161} INFO - Started process (PID=9157) to work on /opt/airflow/dags/airflow_dag_collision_prediction.py
[2026-02-02T10:37:42.919+0530] {processor.py:830} INFO - Processing file /opt/airflow/dags/airflow_dag_collision_prediction.py for tasks to queue
[2026-02-02T10:37:42.920+0530] {logging_mixin.py:188} INFO - [2026-02-02T10:37:42.919+0530] {dagbag.py:538} INFO - Filling up the DagBag from /opt/airflow/dags/airflow_dag_collision_prediction.py
[2026-02-02T10:37:42.934+0530] {processor.py:840} INFO - DAG(s) 'collision_prediction_pipeline' retrieved from /opt/airflow/dags/airflow_dag_collision_prediction.py
[2026-02-02T10:37:42.966+0530] {logging_mixin.py:188} INFO - [2026-02-02T10:37:42.966+0530] {dag.py:3036} INFO - Sync 1 DAGs
[2026-02-02T10:37:42.991+0530] {logging_mixin.py:188} INFO - [2026-02-02T10:37:42.991+0530] {dag.py:3823} INFO - Setting next_dagrun for collision_prediction_pipeline to 2026-02-01 18:30:00+00:00, run_after=2026-02-02 00:30:00+00:00
[2026-02-02T10:37:43.008+0530] {processor.py:183} INFO - Processing /opt/airflow/dags/airflow_dag_collision_prediction.py took 0.093 seconds
[2026-02-02T10:38:13.161+0530] {processor.py:161} INFO - Started process (PID=9172) to work on /opt/airflow/dags/airflow_dag_collision_prediction.py
[2026-02-02T10:38:13.162+0530] {processor.py:830} INFO - Processing file /opt/airflow/dags/airflow_dag_collision_prediction.py for tasks to queue
[2026-02-02T10:38:13.164+0530] {logging_mixin.py:188} INFO - [2026-02-02T10:38:13.163+0530] {dagbag.py:538} INFO - Filling up the DagBag from /opt/airflow/dags/airflow_dag_collision_prediction.py
[2026-02-02T10:38:13.199+0530] {processor.py:840} INFO - DAG(s) 'collision_prediction_pipeline' retrieved from /opt/airflow/dags/airflow_dag_collision_prediction.py
[2026-02-02T10:38:13.249+0530] {logging_mixin.py:188} INFO - [2026-02-02T10:38:13.249+0530] {dag.py:3036} INFO - Sync 1 DAGs
[2026-02-02T10:38:13.287+0530] {logging_mixin.py:188} INFO - [2026-02-02T10:38:13.286+0530] {dag.py:3823} INFO - Setting next_dagrun for collision_prediction_pipeline to 2026-02-01 18:30:00+00:00, run_after=2026-02-02 00:30:00+00:00
[2026-02-02T10:38:13.304+0530] {processor.py:183} INFO - Processing /opt/airflow/dags/airflow_dag_collision_prediction.py took 0.152 seconds
[2026-02-02T10:38:43.449+0530] {processor.py:161} INFO - Started process (PID=9194) to work on /opt/airflow/dags/airflow_dag_collision_prediction.py
[2026-02-02T10:38:43.449+0530] {processor.py:830} INFO - Processing file /opt/airflow/dags/airflow_dag_collision_prediction.py for tasks to queue
[2026-02-02T10:38:43.450+0530] {logging_mixin.py:188} INFO - [2026-02-02T10:38:43.450+0530] {dagbag.py:538} INFO - Filling up the DagBag from /opt/airflow/dags/airflow_dag_collision_prediction.py
[2026-02-02T10:38:43.465+0530] {processor.py:840} INFO - DAG(s) 'collision_prediction_pipeline' retrieved from /opt/airflow/dags/airflow_dag_collision_prediction.py
[2026-02-02T10:38:43.498+0530] {logging_mixin.py:188} INFO - [2026-02-02T10:38:43.497+0530] {dag.py:3036} INFO - Sync 1 DAGs
[2026-02-02T10:38:43.524+0530] {logging_mixin.py:188} INFO - [2026-02-02T10:38:43.524+0530] {dag.py:3823} INFO - Setting next_dagrun for collision_prediction_pipeline to 2026-02-01 18:30:00+00:00, run_after=2026-02-02 00:30:00+00:00
[2026-02-02T10:38:43.543+0530] {processor.py:183} INFO - Processing /opt/airflow/dags/airflow_dag_collision_prediction.py took 0.098 seconds
[2026-02-02T10:39:13.694+0530] {processor.py:161} INFO - Started process (PID=9209) to work on /opt/airflow/dags/airflow_dag_collision_prediction.py
[2026-02-02T10:39:13.695+0530] {processor.py:830} INFO - Processing file /opt/airflow/dags/airflow_dag_collision_prediction.py for tasks to queue
[2026-02-02T10:39:13.697+0530] {logging_mixin.py:188} INFO - [2026-02-02T10:39:13.696+0530] {dagbag.py:538} INFO - Filling up the DagBag from /opt/airflow/dags/airflow_dag_collision_prediction.py
[2026-02-02T10:39:13.728+0530] {processor.py:840} INFO - DAG(s) 'collision_prediction_pipeline' retrieved from /opt/airflow/dags/airflow_dag_collision_prediction.py
[2026-02-02T10:39:13.787+0530] {logging_mixin.py:188} INFO - [2026-02-02T10:39:13.787+0530] {dag.py:3036} INFO - Sync 1 DAGs
[2026-02-02T10:39:13.836+0530] {logging_mixin.py:188} INFO - [2026-02-02T10:39:13.836+0530] {dag.py:3823} INFO - Setting next_dagrun for collision_prediction_pipeline to 2026-02-01 18:30:00+00:00, run_after=2026-02-02 00:30:00+00:00
[2026-02-02T10:39:13.869+0530] {processor.py:183} INFO - Processing /opt/airflow/dags/airflow_dag_collision_prediction.py took 0.181 seconds
[2026-02-02T10:39:44.044+0530] {processor.py:161} INFO - Started process (PID=9224) to work on /opt/airflow/dags/airflow_dag_collision_prediction.py
[2026-02-02T10:39:44.045+0530] {processor.py:830} INFO - Processing file /opt/airflow/dags/airflow_dag_collision_prediction.py for tasks to queue
[2026-02-02T10:39:44.047+0530] {logging_mixin.py:188} INFO - [2026-02-02T10:39:44.046+0530] {dagbag.py:538} INFO - Filling up the DagBag from /opt/airflow/dags/airflow_dag_collision_prediction.py
[2026-02-02T10:39:44.077+0530] {processor.py:840} INFO - DAG(s) 'collision_prediction_pipeline' retrieved from /opt/airflow/dags/airflow_dag_collision_prediction.py
[2026-02-02T10:39:44.136+0530] {logging_mixin.py:188} INFO - [2026-02-02T10:39:44.136+0530] {dag.py:3036} INFO - Sync 1 DAGs
[2026-02-02T10:39:44.188+0530] {logging_mixin.py:188} INFO - [2026-02-02T10:39:44.187+0530] {dag.py:3823} INFO - Setting next_dagrun for collision_prediction_pipeline to 2026-02-01 18:30:00+00:00, run_after=2026-02-02 00:30:00+00:00
[2026-02-02T10:39:44.215+0530] {processor.py:183} INFO - Processing /opt/airflow/dags/airflow_dag_collision_prediction.py took 0.177 seconds
[2026-02-02T10:40:14.406+0530] {processor.py:161} INFO - Started process (PID=9239) to work on /opt/airflow/dags/airflow_dag_collision_prediction.py
[2026-02-02T10:40:14.408+0530] {processor.py:830} INFO - Processing file /opt/airflow/dags/airflow_dag_collision_prediction.py for tasks to queue
[2026-02-02T10:40:14.410+0530] {logging_mixin.py:188} INFO - [2026-02-02T10:40:14.409+0530] {dagbag.py:538} INFO - Filling up the DagBag from /opt/airflow/dags/airflow_dag_collision_prediction.py
[2026-02-02T10:40:14.440+0530] {processor.py:840} INFO - DAG(s) 'collision_prediction_pipeline' retrieved from /opt/airflow/dags/airflow_dag_collision_prediction.py
[2026-02-02T10:40:14.499+0530] {logging_mixin.py:188} INFO - [2026-02-02T10:40:14.498+0530] {dag.py:3036} INFO - Sync 1 DAGs
[2026-02-02T10:40:14.550+0530] {logging_mixin.py:188} INFO - [2026-02-02T10:40:14.549+0530] {dag.py:3823} INFO - Setting next_dagrun for collision_prediction_pipeline to 2026-02-01 18:30:00+00:00, run_after=2026-02-02 00:30:00+00:00
[2026-02-02T10:40:14.585+0530] {processor.py:183} INFO - Processing /opt/airflow/dags/airflow_dag_collision_prediction.py took 0.184 seconds
[2026-02-02T10:40:44.802+0530] {processor.py:161} INFO - Started process (PID=9272) to work on /opt/airflow/dags/airflow_dag_collision_prediction.py
[2026-02-02T10:40:44.805+0530] {processor.py:830} INFO - Processing file /opt/airflow/dags/airflow_dag_collision_prediction.py for tasks to queue
[2026-02-02T10:40:44.807+0530] {logging_mixin.py:188} INFO - [2026-02-02T10:40:44.806+0530] {dagbag.py:538} INFO - Filling up the DagBag from /opt/airflow/dags/airflow_dag_collision_prediction.py
[2026-02-02T10:40:44.836+0530] {processor.py:840} INFO - DAG(s) 'collision_prediction_pipeline' retrieved from /opt/airflow/dags/airflow_dag_collision_prediction.py
[2026-02-02T10:40:44.907+0530] {logging_mixin.py:188} INFO - [2026-02-02T10:40:44.906+0530] {dag.py:3036} INFO - Sync 1 DAGs
[2026-02-02T10:40:44.957+0530] {logging_mixin.py:188} INFO - [2026-02-02T10:40:44.957+0530] {dag.py:3823} INFO - Setting next_dagrun for collision_prediction_pipeline to 2026-02-01 18:30:00+00:00, run_after=2026-02-02 00:30:00+00:00
[2026-02-02T10:40:44.987+0530] {processor.py:183} INFO - Processing /opt/airflow/dags/airflow_dag_collision_prediction.py took 0.192 seconds
[2026-02-02T10:41:15.171+0530] {processor.py:161} INFO - Started process (PID=9287) to work on /opt/airflow/dags/airflow_dag_collision_prediction.py
[2026-02-02T10:41:15.175+0530] {processor.py:830} INFO - Processing file /opt/airflow/dags/airflow_dag_collision_prediction.py for tasks to queue
[2026-02-02T10:41:15.177+0530] {logging_mixin.py:188} INFO - [2026-02-02T10:41:15.176+0530] {dagbag.py:538} INFO - Filling up the DagBag from /opt/airflow/dags/airflow_dag_collision_prediction.py
[2026-02-02T10:41:15.205+0530] {processor.py:840} INFO - DAG(s) 'collision_prediction_pipeline' retrieved from /opt/airflow/dags/airflow_dag_collision_prediction.py
[2026-02-02T10:41:15.447+0530] {logging_mixin.py:188} INFO - [2026-02-02T10:41:15.446+0530] {dag.py:3036} INFO - Sync 1 DAGs
[2026-02-02T10:41:15.489+0530] {logging_mixin.py:188} INFO - [2026-02-02T10:41:15.489+0530] {dag.py:3823} INFO - Setting next_dagrun for collision_prediction_pipeline to 2026-02-01 18:30:00+00:00, run_after=2026-02-02 00:30:00+00:00
[2026-02-02T10:41:15.524+0530] {processor.py:183} INFO - Processing /opt/airflow/dags/airflow_dag_collision_prediction.py took 0.359 seconds
[2026-02-02T10:41:45.690+0530] {processor.py:161} INFO - Started process (PID=9302) to work on /opt/airflow/dags/airflow_dag_collision_prediction.py
[2026-02-02T10:41:45.693+0530] {processor.py:830} INFO - Processing file /opt/airflow/dags/airflow_dag_collision_prediction.py for tasks to queue
[2026-02-02T10:41:45.694+0530] {logging_mixin.py:188} INFO - [2026-02-02T10:41:45.693+0530] {dagbag.py:538} INFO - Filling up the DagBag from /opt/airflow/dags/airflow_dag_collision_prediction.py
[2026-02-02T10:41:45.717+0530] {processor.py:840} INFO - DAG(s) 'collision_prediction_pipeline' retrieved from /opt/airflow/dags/airflow_dag_collision_prediction.py
[2026-02-02T10:41:45.910+0530] {logging_mixin.py:188} INFO - [2026-02-02T10:41:45.910+0530] {dag.py:3036} INFO - Sync 1 DAGs
[2026-02-02T10:41:45.954+0530] {logging_mixin.py:188} INFO - [2026-02-02T10:41:45.954+0530] {dag.py:3823} INFO - Setting next_dagrun for collision_prediction_pipeline to 2026-02-01 18:30:00+00:00, run_after=2026-02-02 00:30:00+00:00
[2026-02-02T10:41:45.984+0530] {processor.py:183} INFO - Processing /opt/airflow/dags/airflow_dag_collision_prediction.py took 0.299 seconds
[2026-02-02T10:42:16.167+0530] {processor.py:161} INFO - Started process (PID=9317) to work on /opt/airflow/dags/airflow_dag_collision_prediction.py
[2026-02-02T10:42:16.169+0530] {processor.py:830} INFO - Processing file /opt/airflow/dags/airflow_dag_collision_prediction.py for tasks to queue
[2026-02-02T10:42:16.170+0530] {logging_mixin.py:188} INFO - [2026-02-02T10:42:16.170+0530] {dagbag.py:538} INFO - Filling up the DagBag from /opt/airflow/dags/airflow_dag_collision_prediction.py
[2026-02-02T10:42:16.210+0530] {processor.py:840} INFO - DAG(s) 'collision_prediction_pipeline' retrieved from /opt/airflow/dags/airflow_dag_collision_prediction.py
[2026-02-02T10:42:16.263+0530] {logging_mixin.py:188} INFO - [2026-02-02T10:42:16.262+0530] {dag.py:3036} INFO - Sync 1 DAGs
[2026-02-02T10:42:16.313+0530] {logging_mixin.py:188} INFO - [2026-02-02T10:42:16.313+0530] {dag.py:3823} INFO - Setting next_dagrun for collision_prediction_pipeline to 2026-02-01 18:30:00+00:00, run_after=2026-02-02 00:30:00+00:00
[2026-02-02T10:42:16.347+0530] {processor.py:183} INFO - Processing /opt/airflow/dags/airflow_dag_collision_prediction.py took 0.188 seconds
[2026-02-02T10:42:46.529+0530] {processor.py:161} INFO - Started process (PID=9332) to work on /opt/airflow/dags/airflow_dag_collision_prediction.py
[2026-02-02T10:42:46.539+0530] {processor.py:830} INFO - Processing file /opt/airflow/dags/airflow_dag_collision_prediction.py for tasks to queue
[2026-02-02T10:42:46.540+0530] {logging_mixin.py:188} INFO - [2026-02-02T10:42:46.539+0530] {dagbag.py:538} INFO - Filling up the DagBag from /opt/airflow/dags/airflow_dag_collision_prediction.py
[2026-02-02T10:42:46.584+0530] {processor.py:840} INFO - DAG(s) 'collision_prediction_pipeline' retrieved from /opt/airflow/dags/airflow_dag_collision_prediction.py
[2026-02-02T10:42:46.661+0530] {logging_mixin.py:188} INFO - [2026-02-02T10:42:46.661+0530] {dag.py:3036} INFO - Sync 1 DAGs
[2026-02-02T10:42:46.715+0530] {logging_mixin.py:188} INFO - [2026-02-02T10:42:46.715+0530] {dag.py:3823} INFO - Setting next_dagrun for collision_prediction_pipeline to 2026-02-01 18:30:00+00:00, run_after=2026-02-02 00:30:00+00:00
[2026-02-02T10:42:46.739+0530] {processor.py:183} INFO - Processing /opt/airflow/dags/airflow_dag_collision_prediction.py took 0.222 seconds
[2026-02-02T10:43:16.925+0530] {processor.py:161} INFO - Started process (PID=9347) to work on /opt/airflow/dags/airflow_dag_collision_prediction.py
[2026-02-02T10:43:16.929+0530] {processor.py:830} INFO - Processing file /opt/airflow/dags/airflow_dag_collision_prediction.py for tasks to queue
[2026-02-02T10:43:16.930+0530] {logging_mixin.py:188} INFO - [2026-02-02T10:43:16.930+0530] {dagbag.py:538} INFO - Filling up the DagBag from /opt/airflow/dags/airflow_dag_collision_prediction.py
[2026-02-02T10:43:16.959+0530] {processor.py:840} INFO - DAG(s) 'collision_prediction_pipeline' retrieved from /opt/airflow/dags/airflow_dag_collision_prediction.py
[2026-02-02T10:43:17.014+0530] {logging_mixin.py:188} INFO - [2026-02-02T10:43:17.014+0530] {dag.py:3036} INFO - Sync 1 DAGs
[2026-02-02T10:43:17.060+0530] {logging_mixin.py:188} INFO - [2026-02-02T10:43:17.060+0530] {dag.py:3823} INFO - Setting next_dagrun for collision_prediction_pipeline to 2026-02-01 18:30:00+00:00, run_after=2026-02-02 00:30:00+00:00
[2026-02-02T10:43:17.092+0530] {processor.py:183} INFO - Processing /opt/airflow/dags/airflow_dag_collision_prediction.py took 0.173 seconds
[2026-02-02T10:43:47.284+0530] {processor.py:161} INFO - Started process (PID=9362) to work on /opt/airflow/dags/airflow_dag_collision_prediction.py
[2026-02-02T10:43:47.285+0530] {processor.py:830} INFO - Processing file /opt/airflow/dags/airflow_dag_collision_prediction.py for tasks to queue
[2026-02-02T10:43:47.287+0530] {logging_mixin.py:188} INFO - [2026-02-02T10:43:47.286+0530] {dagbag.py:538} INFO - Filling up the DagBag from /opt/airflow/dags/airflow_dag_collision_prediction.py
[2026-02-02T10:43:47.318+0530] {processor.py:840} INFO - DAG(s) 'collision_prediction_pipeline' retrieved from /opt/airflow/dags/airflow_dag_collision_prediction.py
[2026-02-02T10:43:47.380+0530] {logging_mixin.py:188} INFO - [2026-02-02T10:43:47.380+0530] {dag.py:3036} INFO - Sync 1 DAGs
[2026-02-02T10:43:47.448+0530] {logging_mixin.py:188} INFO - [2026-02-02T10:43:47.447+0530] {dag.py:3823} INFO - Setting next_dagrun for collision_prediction_pipeline to 2026-02-01 18:30:00+00:00, run_after=2026-02-02 00:30:00+00:00
[2026-02-02T10:43:47.484+0530] {processor.py:183} INFO - Processing /opt/airflow/dags/airflow_dag_collision_prediction.py took 0.206 seconds
[2026-02-02T10:44:17.661+0530] {processor.py:161} INFO - Started process (PID=9377) to work on /opt/airflow/dags/airflow_dag_collision_prediction.py
[2026-02-02T10:44:17.662+0530] {processor.py:830} INFO - Processing file /opt/airflow/dags/airflow_dag_collision_prediction.py for tasks to queue
[2026-02-02T10:44:17.664+0530] {logging_mixin.py:188} INFO - [2026-02-02T10:44:17.663+0530] {dagbag.py:538} INFO - Filling up the DagBag from /opt/airflow/dags/airflow_dag_collision_prediction.py
[2026-02-02T10:44:17.685+0530] {processor.py:840} INFO - DAG(s) 'collision_prediction_pipeline' retrieved from /opt/airflow/dags/airflow_dag_collision_prediction.py
[2026-02-02T10:44:17.739+0530] {logging_mixin.py:188} INFO - [2026-02-02T10:44:17.738+0530] {dag.py:3036} INFO - Sync 1 DAGs
[2026-02-02T10:44:17.781+0530] {logging_mixin.py:188} INFO - [2026-02-02T10:44:17.781+0530] {dag.py:3823} INFO - Setting next_dagrun for collision_prediction_pipeline to 2026-02-01 18:30:00+00:00, run_after=2026-02-02 00:30:00+00:00
[2026-02-02T10:44:17.815+0530] {processor.py:183} INFO - Processing /opt/airflow/dags/airflow_dag_collision_prediction.py took 0.161 seconds
[2026-02-02T10:44:47.992+0530] {processor.py:161} INFO - Started process (PID=9392) to work on /opt/airflow/dags/airflow_dag_collision_prediction.py
[2026-02-02T10:44:47.996+0530] {processor.py:830} INFO - Processing file /opt/airflow/dags/airflow_dag_collision_prediction.py for tasks to queue
[2026-02-02T10:44:47.998+0530] {logging_mixin.py:188} INFO - [2026-02-02T10:44:47.997+0530] {dagbag.py:538} INFO - Filling up the DagBag from /opt/airflow/dags/airflow_dag_collision_prediction.py
[2026-02-02T10:44:48.025+0530] {processor.py:840} INFO - DAG(s) 'collision_prediction_pipeline' retrieved from /opt/airflow/dags/airflow_dag_collision_prediction.py
[2026-02-02T10:44:48.081+0530] {logging_mixin.py:188} INFO - [2026-02-02T10:44:48.080+0530] {dag.py:3036} INFO - Sync 1 DAGs
[2026-02-02T10:44:48.131+0530] {logging_mixin.py:188} INFO - [2026-02-02T10:44:48.131+0530] {dag.py:3823} INFO - Setting next_dagrun for collision_prediction_pipeline to 2026-02-01 18:30:00+00:00, run_after=2026-02-02 00:30:00+00:00
[2026-02-02T10:44:48.164+0530] {processor.py:183} INFO - Processing /opt/airflow/dags/airflow_dag_collision_prediction.py took 0.180 seconds
[2026-02-02T10:45:18.340+0530] {processor.py:161} INFO - Started process (PID=9407) to work on /opt/airflow/dags/airflow_dag_collision_prediction.py
[2026-02-02T10:45:18.341+0530] {processor.py:830} INFO - Processing file /opt/airflow/dags/airflow_dag_collision_prediction.py for tasks to queue
[2026-02-02T10:45:18.343+0530] {logging_mixin.py:188} INFO - [2026-02-02T10:45:18.342+0530] {dagbag.py:538} INFO - Filling up the DagBag from /opt/airflow/dags/airflow_dag_collision_prediction.py
[2026-02-02T10:45:18.372+0530] {processor.py:840} INFO - DAG(s) 'collision_prediction_pipeline' retrieved from /opt/airflow/dags/airflow_dag_collision_prediction.py
[2026-02-02T10:45:18.432+0530] {logging_mixin.py:188} INFO - [2026-02-02T10:45:18.431+0530] {dag.py:3036} INFO - Sync 1 DAGs
[2026-02-02T10:45:18.481+0530] {logging_mixin.py:188} INFO - [2026-02-02T10:45:18.481+0530] {dag.py:3823} INFO - Setting next_dagrun for collision_prediction_pipeline to 2026-02-01 18:30:00+00:00, run_after=2026-02-02 00:30:00+00:00
[2026-02-02T10:45:18.515+0530] {processor.py:183} INFO - Processing /opt/airflow/dags/airflow_dag_collision_prediction.py took 0.182 seconds
[2026-02-02T10:45:48.702+0530] {processor.py:161} INFO - Started process (PID=9422) to work on /opt/airflow/dags/airflow_dag_collision_prediction.py
[2026-02-02T10:45:48.704+0530] {processor.py:830} INFO - Processing file /opt/airflow/dags/airflow_dag_collision_prediction.py for tasks to queue
[2026-02-02T10:45:48.706+0530] {logging_mixin.py:188} INFO - [2026-02-02T10:45:48.705+0530] {dagbag.py:538} INFO - Filling up the DagBag from /opt/airflow/dags/airflow_dag_collision_prediction.py
[2026-02-02T10:45:48.736+0530] {processor.py:840} INFO - DAG(s) 'collision_prediction_pipeline' retrieved from /opt/airflow/dags/airflow_dag_collision_prediction.py
[2026-02-02T10:45:48.789+0530] {logging_mixin.py:188} INFO - [2026-02-02T10:45:48.788+0530] {dag.py:3036} INFO - Sync 1 DAGs
[2026-02-02T10:45:48.840+0530] {logging_mixin.py:188} INFO - [2026-02-02T10:45:48.840+0530] {dag.py:3823} INFO - Setting next_dagrun for collision_prediction_pipeline to 2026-02-01 18:30:00+00:00, run_after=2026-02-02 00:30:00+00:00
[2026-02-02T10:45:48.863+0530] {processor.py:183} INFO - Processing /opt/airflow/dags/airflow_dag_collision_prediction.py took 0.168 seconds
[2026-02-02T10:46:19.064+0530] {processor.py:161} INFO - Started process (PID=9437) to work on /opt/airflow/dags/airflow_dag_collision_prediction.py
[2026-02-02T10:46:19.065+0530] {processor.py:830} INFO - Processing file /opt/airflow/dags/airflow_dag_collision_prediction.py for tasks to queue
[2026-02-02T10:46:19.066+0530] {logging_mixin.py:188} INFO - [2026-02-02T10:46:19.066+0530] {dagbag.py:538} INFO - Filling up the DagBag from /opt/airflow/dags/airflow_dag_collision_prediction.py
[2026-02-02T10:46:19.096+0530] {processor.py:840} INFO - DAG(s) 'collision_prediction_pipeline' retrieved from /opt/airflow/dags/airflow_dag_collision_prediction.py
[2026-02-02T10:46:19.155+0530] {logging_mixin.py:188} INFO - [2026-02-02T10:46:19.155+0530] {dag.py:3036} INFO - Sync 1 DAGs
[2026-02-02T10:46:19.208+0530] {logging_mixin.py:188} INFO - [2026-02-02T10:46:19.208+0530] {dag.py:3823} INFO - Setting next_dagrun for collision_prediction_pipeline to 2026-02-01 18:30:00+00:00, run_after=2026-02-02 00:30:00+00:00
[2026-02-02T10:46:19.244+0530] {processor.py:183} INFO - Processing /opt/airflow/dags/airflow_dag_collision_prediction.py took 0.186 seconds
[2026-02-02T10:46:49.432+0530] {processor.py:161} INFO - Started process (PID=9452) to work on /opt/airflow/dags/airflow_dag_collision_prediction.py
[2026-02-02T10:46:49.434+0530] {processor.py:830} INFO - Processing file /opt/airflow/dags/airflow_dag_collision_prediction.py for tasks to queue
[2026-02-02T10:46:49.435+0530] {logging_mixin.py:188} INFO - [2026-02-02T10:46:49.435+0530] {dagbag.py:538} INFO - Filling up the DagBag from /opt/airflow/dags/airflow_dag_collision_prediction.py
[2026-02-02T10:46:49.467+0530] {processor.py:840} INFO - DAG(s) 'collision_prediction_pipeline' retrieved from /opt/airflow/dags/airflow_dag_collision_prediction.py
[2026-02-02T10:46:49.522+0530] {logging_mixin.py:188} INFO - [2026-02-02T10:46:49.522+0530] {dag.py:3036} INFO - Sync 1 DAGs
[2026-02-02T10:46:49.572+0530] {logging_mixin.py:188} INFO - [2026-02-02T10:46:49.572+0530] {dag.py:3823} INFO - Setting next_dagrun for collision_prediction_pipeline to 2026-02-01 18:30:00+00:00, run_after=2026-02-02 00:30:00+00:00
[2026-02-02T10:46:49.605+0530] {processor.py:183} INFO - Processing /opt/airflow/dags/airflow_dag_collision_prediction.py took 0.185 seconds
[2026-02-02T10:47:19.783+0530] {processor.py:161} INFO - Started process (PID=9467) to work on /opt/airflow/dags/airflow_dag_collision_prediction.py
[2026-02-02T10:47:19.787+0530] {processor.py:830} INFO - Processing file /opt/airflow/dags/airflow_dag_collision_prediction.py for tasks to queue
[2026-02-02T10:47:19.790+0530] {logging_mixin.py:188} INFO - [2026-02-02T10:47:19.788+0530] {dagbag.py:538} INFO - Filling up the DagBag from /opt/airflow/dags/airflow_dag_collision_prediction.py
[2026-02-02T10:47:19.839+0530] {processor.py:840} INFO - DAG(s) 'collision_prediction_pipeline' retrieved from /opt/airflow/dags/airflow_dag_collision_prediction.py
[2026-02-02T10:47:20.078+0530] {logging_mixin.py:188} INFO - [2026-02-02T10:47:20.077+0530] {dag.py:3036} INFO - Sync 1 DAGs
[2026-02-02T10:47:20.127+0530] {logging_mixin.py:188} INFO - [2026-02-02T10:47:20.127+0530] {dag.py:3823} INFO - Setting next_dagrun for collision_prediction_pipeline to 2026-02-01 18:30:00+00:00, run_after=2026-02-02 00:30:00+00:00
[2026-02-02T10:47:20.159+0530] {processor.py:183} INFO - Processing /opt/airflow/dags/airflow_dag_collision_prediction.py took 0.383 seconds
[2026-02-02T10:47:50.339+0530] {processor.py:161} INFO - Started process (PID=9482) to work on /opt/airflow/dags/airflow_dag_collision_prediction.py
[2026-02-02T10:47:50.341+0530] {processor.py:830} INFO - Processing file /opt/airflow/dags/airflow_dag_collision_prediction.py for tasks to queue
[2026-02-02T10:47:50.342+0530] {logging_mixin.py:188} INFO - [2026-02-02T10:47:50.342+0530] {dagbag.py:538} INFO - Filling up the DagBag from /opt/airflow/dags/airflow_dag_collision_prediction.py
[2026-02-02T10:47:50.373+0530] {processor.py:840} INFO - DAG(s) 'collision_prediction_pipeline' retrieved from /opt/airflow/dags/airflow_dag_collision_prediction.py
[2026-02-02T10:47:50.566+0530] {logging_mixin.py:188} INFO - [2026-02-02T10:47:50.566+0530] {dag.py:3036} INFO - Sync 1 DAGs
[2026-02-02T10:47:50.611+0530] {logging_mixin.py:188} INFO - [2026-02-02T10:47:50.611+0530] {dag.py:3823} INFO - Setting next_dagrun for collision_prediction_pipeline to 2026-02-01 18:30:00+00:00, run_after=2026-02-02 00:30:00+00:00
[2026-02-02T10:47:50.645+0530] {processor.py:183} INFO - Processing /opt/airflow/dags/airflow_dag_collision_prediction.py took 0.312 seconds
[2026-02-02T10:48:20.816+0530] {processor.py:161} INFO - Started process (PID=9497) to work on /opt/airflow/dags/airflow_dag_collision_prediction.py
[2026-02-02T10:48:20.820+0530] {processor.py:830} INFO - Processing file /opt/airflow/dags/airflow_dag_collision_prediction.py for tasks to queue
[2026-02-02T10:48:20.822+0530] {logging_mixin.py:188} INFO - [2026-02-02T10:48:20.821+0530] {dagbag.py:538} INFO - Filling up the DagBag from /opt/airflow/dags/airflow_dag_collision_prediction.py
[2026-02-02T10:48:20.851+0530] {processor.py:840} INFO - DAG(s) 'collision_prediction_pipeline' retrieved from /opt/airflow/dags/airflow_dag_collision_prediction.py
[2026-02-02T10:48:20.910+0530] {logging_mixin.py:188} INFO - [2026-02-02T10:48:20.909+0530] {dag.py:3036} INFO - Sync 1 DAGs
[2026-02-02T10:48:20.960+0530] {logging_mixin.py:188} INFO - [2026-02-02T10:48:20.960+0530] {dag.py:3823} INFO - Setting next_dagrun for collision_prediction_pipeline to 2026-02-01 18:30:00+00:00, run_after=2026-02-02 00:30:00+00:00
[2026-02-02T10:48:20.991+0530] {processor.py:183} INFO - Processing /opt/airflow/dags/airflow_dag_collision_prediction.py took 0.182 seconds
[2026-02-02T10:48:51.174+0530] {processor.py:161} INFO - Started process (PID=9512) to work on /opt/airflow/dags/airflow_dag_collision_prediction.py
[2026-02-02T10:48:51.175+0530] {processor.py:830} INFO - Processing file /opt/airflow/dags/airflow_dag_collision_prediction.py for tasks to queue
[2026-02-02T10:48:51.177+0530] {logging_mixin.py:188} INFO - [2026-02-02T10:48:51.176+0530] {dagbag.py:538} INFO - Filling up the DagBag from /opt/airflow/dags/airflow_dag_collision_prediction.py
[2026-02-02T10:48:51.200+0530] {processor.py:840} INFO - DAG(s) 'collision_prediction_pipeline' retrieved from /opt/airflow/dags/airflow_dag_collision_prediction.py
[2026-02-02T10:48:51.260+0530] {logging_mixin.py:188} INFO - [2026-02-02T10:48:51.260+0530] {dag.py:3036} INFO - Sync 1 DAGs
[2026-02-02T10:48:51.309+0530] {logging_mixin.py:188} INFO - [2026-02-02T10:48:51.309+0530] {dag.py:3823} INFO - Setting next_dagrun for collision_prediction_pipeline to 2026-02-01 18:30:00+00:00, run_after=2026-02-02 00:30:00+00:00
[2026-02-02T10:48:51.343+0530] {processor.py:183} INFO - Processing /opt/airflow/dags/airflow_dag_collision_prediction.py took 0.175 seconds
[2026-02-02T10:49:21.538+0530] {processor.py:161} INFO - Started process (PID=9527) to work on /opt/airflow/dags/airflow_dag_collision_prediction.py
[2026-02-02T10:49:21.541+0530] {processor.py:830} INFO - Processing file /opt/airflow/dags/airflow_dag_collision_prediction.py for tasks to queue
[2026-02-02T10:49:21.543+0530] {logging_mixin.py:188} INFO - [2026-02-02T10:49:21.542+0530] {dagbag.py:538} INFO - Filling up the DagBag from /opt/airflow/dags/airflow_dag_collision_prediction.py
[2026-02-02T10:49:21.572+0530] {processor.py:840} INFO - DAG(s) 'collision_prediction_pipeline' retrieved from /opt/airflow/dags/airflow_dag_collision_prediction.py
[2026-02-02T10:49:21.631+0530] {logging_mixin.py:188} INFO - [2026-02-02T10:49:21.631+0530] {dag.py:3036} INFO - Sync 1 DAGs
[2026-02-02T10:49:21.682+0530] {logging_mixin.py:188} INFO - [2026-02-02T10:49:21.682+0530] {dag.py:3823} INFO - Setting next_dagrun for collision_prediction_pipeline to 2026-02-01 18:30:00+00:00, run_after=2026-02-02 00:30:00+00:00
[2026-02-02T10:49:21.716+0530] {processor.py:183} INFO - Processing /opt/airflow/dags/airflow_dag_collision_prediction.py took 0.185 seconds
[2026-02-02T10:49:51.911+0530] {processor.py:161} INFO - Started process (PID=9542) to work on /opt/airflow/dags/airflow_dag_collision_prediction.py
[2026-02-02T10:49:51.913+0530] {processor.py:830} INFO - Processing file /opt/airflow/dags/airflow_dag_collision_prediction.py for tasks to queue
[2026-02-02T10:49:51.915+0530] {logging_mixin.py:188} INFO - [2026-02-02T10:49:51.914+0530] {dagbag.py:538} INFO - Filling up the DagBag from /opt/airflow/dags/airflow_dag_collision_prediction.py
[2026-02-02T10:49:51.944+0530] {processor.py:840} INFO - DAG(s) 'collision_prediction_pipeline' retrieved from /opt/airflow/dags/airflow_dag_collision_prediction.py
[2026-02-02T10:49:52.006+0530] {logging_mixin.py:188} INFO - [2026-02-02T10:49:52.006+0530] {dag.py:3036} INFO - Sync 1 DAGs
[2026-02-02T10:49:52.057+0530] {logging_mixin.py:188} INFO - [2026-02-02T10:49:52.056+0530] {dag.py:3823} INFO - Setting next_dagrun for collision_prediction_pipeline to 2026-02-01 18:30:00+00:00, run_after=2026-02-02 00:30:00+00:00
[2026-02-02T10:49:52.090+0530] {processor.py:183} INFO - Processing /opt/airflow/dags/airflow_dag_collision_prediction.py took 0.185 seconds
[2026-02-02T10:50:22.287+0530] {processor.py:161} INFO - Started process (PID=9557) to work on /opt/airflow/dags/airflow_dag_collision_prediction.py
[2026-02-02T10:50:22.289+0530] {processor.py:830} INFO - Processing file /opt/airflow/dags/airflow_dag_collision_prediction.py for tasks to queue
[2026-02-02T10:50:22.292+0530] {logging_mixin.py:188} INFO - [2026-02-02T10:50:22.291+0530] {dagbag.py:538} INFO - Filling up the DagBag from /opt/airflow/dags/airflow_dag_collision_prediction.py
[2026-02-02T10:50:22.322+0530] {processor.py:840} INFO - DAG(s) 'collision_prediction_pipeline' retrieved from /opt/airflow/dags/airflow_dag_collision_prediction.py
[2026-02-02T10:50:22.377+0530] {logging_mixin.py:188} INFO - [2026-02-02T10:50:22.377+0530] {dag.py:3036} INFO - Sync 1 DAGs
[2026-02-02T10:50:22.429+0530] {logging_mixin.py:188} INFO - [2026-02-02T10:50:22.429+0530] {dag.py:3823} INFO - Setting next_dagrun for collision_prediction_pipeline to 2026-02-01 18:30:00+00:00, run_after=2026-02-02 00:30:00+00:00
[2026-02-02T10:50:22.462+0530] {processor.py:183} INFO - Processing /opt/airflow/dags/airflow_dag_collision_prediction.py took 0.181 seconds
[2026-02-02T10:50:52.643+0530] {processor.py:161} INFO - Started process (PID=9572) to work on /opt/airflow/dags/airflow_dag_collision_prediction.py
[2026-02-02T10:50:52.646+0530] {processor.py:830} INFO - Processing file /opt/airflow/dags/airflow_dag_collision_prediction.py for tasks to queue
[2026-02-02T10:50:52.649+0530] {logging_mixin.py:188} INFO - [2026-02-02T10:50:52.648+0530] {dagbag.py:538} INFO - Filling up the DagBag from /opt/airflow/dags/airflow_dag_collision_prediction.py
[2026-02-02T10:50:52.681+0530] {processor.py:840} INFO - DAG(s) 'collision_prediction_pipeline' retrieved from /opt/airflow/dags/airflow_dag_collision_prediction.py
[2026-02-02T10:50:52.738+0530] {logging_mixin.py:188} INFO - [2026-02-02T10:50:52.737+0530] {dag.py:3036} INFO - Sync 1 DAGs
[2026-02-02T10:50:52.793+0530] {logging_mixin.py:188} INFO - [2026-02-02T10:50:52.793+0530] {dag.py:3823} INFO - Setting next_dagrun for collision_prediction_pipeline to 2026-02-01 18:30:00+00:00, run_after=2026-02-02 00:30:00+00:00
[2026-02-02T10:50:52.825+0530] {processor.py:183} INFO - Processing /opt/airflow/dags/airflow_dag_collision_prediction.py took 0.190 seconds
[2026-02-02T10:51:23.032+0530] {processor.py:161} INFO - Started process (PID=9587) to work on /opt/airflow/dags/airflow_dag_collision_prediction.py
[2026-02-02T10:51:23.035+0530] {processor.py:830} INFO - Processing file /opt/airflow/dags/airflow_dag_collision_prediction.py for tasks to queue
[2026-02-02T10:51:23.037+0530] {logging_mixin.py:188} INFO - [2026-02-02T10:51:23.036+0530] {dagbag.py:538} INFO - Filling up the DagBag from /opt/airflow/dags/airflow_dag_collision_prediction.py
[2026-02-02T10:51:23.068+0530] {processor.py:840} INFO - DAG(s) 'collision_prediction_pipeline' retrieved from /opt/airflow/dags/airflow_dag_collision_prediction.py
[2026-02-02T10:51:23.121+0530] {logging_mixin.py:188} INFO - [2026-02-02T10:51:23.121+0530] {dag.py:3036} INFO - Sync 1 DAGs
[2026-02-02T10:51:23.169+0530] {logging_mixin.py:188} INFO - [2026-02-02T10:51:23.169+0530] {dag.py:3823} INFO - Setting next_dagrun for collision_prediction_pipeline to 2026-02-01 18:30:00+00:00, run_after=2026-02-02 00:30:00+00:00
[2026-02-02T10:51:23.198+0530] {processor.py:183} INFO - Processing /opt/airflow/dags/airflow_dag_collision_prediction.py took 0.172 seconds
[2026-02-02T10:51:53.388+0530] {processor.py:161} INFO - Started process (PID=9602) to work on /opt/airflow/dags/airflow_dag_collision_prediction.py
[2026-02-02T10:51:53.390+0530] {processor.py:830} INFO - Processing file /opt/airflow/dags/airflow_dag_collision_prediction.py for tasks to queue
[2026-02-02T10:51:53.391+0530] {logging_mixin.py:188} INFO - [2026-02-02T10:51:53.391+0530] {dagbag.py:538} INFO - Filling up the DagBag from /opt/airflow/dags/airflow_dag_collision_prediction.py
[2026-02-02T10:51:53.420+0530] {processor.py:840} INFO - DAG(s) 'collision_prediction_pipeline' retrieved from /opt/airflow/dags/airflow_dag_collision_prediction.py
[2026-02-02T10:51:53.480+0530] {logging_mixin.py:188} INFO - [2026-02-02T10:51:53.480+0530] {dag.py:3036} INFO - Sync 1 DAGs
[2026-02-02T10:51:53.529+0530] {logging_mixin.py:188} INFO - [2026-02-02T10:51:53.529+0530] {dag.py:3823} INFO - Setting next_dagrun for collision_prediction_pipeline to 2026-02-01 18:30:00+00:00, run_after=2026-02-02 00:30:00+00:00
[2026-02-02T10:51:53.563+0530] {processor.py:183} INFO - Processing /opt/airflow/dags/airflow_dag_collision_prediction.py took 0.181 seconds
[2026-02-02T10:52:23.755+0530] {processor.py:161} INFO - Started process (PID=9617) to work on /opt/airflow/dags/airflow_dag_collision_prediction.py
[2026-02-02T10:52:23.757+0530] {processor.py:830} INFO - Processing file /opt/airflow/dags/airflow_dag_collision_prediction.py for tasks to queue
[2026-02-02T10:52:23.758+0530] {logging_mixin.py:188} INFO - [2026-02-02T10:52:23.758+0530] {dagbag.py:538} INFO - Filling up the DagBag from /opt/airflow/dags/airflow_dag_collision_prediction.py
[2026-02-02T10:52:23.788+0530] {processor.py:840} INFO - DAG(s) 'collision_prediction_pipeline' retrieved from /opt/airflow/dags/airflow_dag_collision_prediction.py
[2026-02-02T10:52:23.849+0530] {logging_mixin.py:188} INFO - [2026-02-02T10:52:23.849+0530] {dag.py:3036} INFO - Sync 1 DAGs
[2026-02-02T10:52:23.901+0530] {logging_mixin.py:188} INFO - [2026-02-02T10:52:23.901+0530] {dag.py:3823} INFO - Setting next_dagrun for collision_prediction_pipeline to 2026-02-01 18:30:00+00:00, run_after=2026-02-02 00:30:00+00:00
[2026-02-02T10:52:23.935+0530] {processor.py:183} INFO - Processing /opt/airflow/dags/airflow_dag_collision_prediction.py took 0.186 seconds
[2026-02-02T10:52:54.139+0530] {processor.py:161} INFO - Started process (PID=9632) to work on /opt/airflow/dags/airflow_dag_collision_prediction.py
[2026-02-02T10:52:54.142+0530] {processor.py:830} INFO - Processing file /opt/airflow/dags/airflow_dag_collision_prediction.py for tasks to queue
[2026-02-02T10:52:54.144+0530] {logging_mixin.py:188} INFO - [2026-02-02T10:52:54.143+0530] {dagbag.py:538} INFO - Filling up the DagBag from /opt/airflow/dags/airflow_dag_collision_prediction.py
[2026-02-02T10:52:54.174+0530] {processor.py:840} INFO - DAG(s) 'collision_prediction_pipeline' retrieved from /opt/airflow/dags/airflow_dag_collision_prediction.py
[2026-02-02T10:52:54.237+0530] {logging_mixin.py:188} INFO - [2026-02-02T10:52:54.237+0530] {dag.py:3036} INFO - Sync 1 DAGs
[2026-02-02T10:52:54.288+0530] {logging_mixin.py:188} INFO - [2026-02-02T10:52:54.288+0530] {dag.py:3823} INFO - Setting next_dagrun for collision_prediction_pipeline to 2026-02-01 18:30:00+00:00, run_after=2026-02-02 00:30:00+00:00
[2026-02-02T10:52:54.324+0530] {processor.py:183} INFO - Processing /opt/airflow/dags/airflow_dag_collision_prediction.py took 0.193 seconds
[2026-02-02T10:53:24.511+0530] {processor.py:161} INFO - Started process (PID=9647) to work on /opt/airflow/dags/airflow_dag_collision_prediction.py
[2026-02-02T10:53:24.512+0530] {processor.py:830} INFO - Processing file /opt/airflow/dags/airflow_dag_collision_prediction.py for tasks to queue
[2026-02-02T10:53:24.514+0530] {logging_mixin.py:188} INFO - [2026-02-02T10:53:24.513+0530] {dagbag.py:538} INFO - Filling up the DagBag from /opt/airflow/dags/airflow_dag_collision_prediction.py
[2026-02-02T10:53:24.538+0530] {processor.py:840} INFO - DAG(s) 'collision_prediction_pipeline' retrieved from /opt/airflow/dags/airflow_dag_collision_prediction.py
[2026-02-02T10:53:24.594+0530] {logging_mixin.py:188} INFO - [2026-02-02T10:53:24.594+0530] {dag.py:3036} INFO - Sync 1 DAGs
[2026-02-02T10:53:24.642+0530] {logging_mixin.py:188} INFO - [2026-02-02T10:53:24.641+0530] {dag.py:3823} INFO - Setting next_dagrun for collision_prediction_pipeline to 2026-02-01 18:30:00+00:00, run_after=2026-02-02 00:30:00+00:00
[2026-02-02T10:53:24.675+0530] {processor.py:183} INFO - Processing /opt/airflow/dags/airflow_dag_collision_prediction.py took 0.171 seconds
[2026-02-02T10:53:54.865+0530] {processor.py:161} INFO - Started process (PID=9662) to work on /opt/airflow/dags/airflow_dag_collision_prediction.py
[2026-02-02T10:53:54.868+0530] {processor.py:830} INFO - Processing file /opt/airflow/dags/airflow_dag_collision_prediction.py for tasks to queue
[2026-02-02T10:53:54.870+0530] {logging_mixin.py:188} INFO - [2026-02-02T10:53:54.869+0530] {dagbag.py:538} INFO - Filling up the DagBag from /opt/airflow/dags/airflow_dag_collision_prediction.py
[2026-02-02T10:53:54.899+0530] {processor.py:840} INFO - DAG(s) 'collision_prediction_pipeline' retrieved from /opt/airflow/dags/airflow_dag_collision_prediction.py
[2026-02-02T10:53:54.958+0530] {logging_mixin.py:188} INFO - [2026-02-02T10:53:54.957+0530] {dag.py:3036} INFO - Sync 1 DAGs
[2026-02-02T10:53:55.010+0530] {logging_mixin.py:188} INFO - [2026-02-02T10:53:55.010+0530] {dag.py:3823} INFO - Setting next_dagrun for collision_prediction_pipeline to 2026-02-01 18:30:00+00:00, run_after=2026-02-02 00:30:00+00:00
[2026-02-02T10:53:55.043+0530] {processor.py:183} INFO - Processing /opt/airflow/dags/airflow_dag_collision_prediction.py took 0.186 seconds
[2026-02-02T10:54:25.218+0530] {processor.py:161} INFO - Started process (PID=9677) to work on /opt/airflow/dags/airflow_dag_collision_prediction.py
[2026-02-02T10:54:25.219+0530] {processor.py:830} INFO - Processing file /opt/airflow/dags/airflow_dag_collision_prediction.py for tasks to queue
[2026-02-02T10:54:25.221+0530] {logging_mixin.py:188} INFO - [2026-02-02T10:54:25.220+0530] {dagbag.py:538} INFO - Filling up the DagBag from /opt/airflow/dags/airflow_dag_collision_prediction.py
[2026-02-02T10:54:25.251+0530] {processor.py:840} INFO - DAG(s) 'collision_prediction_pipeline' retrieved from /opt/airflow/dags/airflow_dag_collision_prediction.py
[2026-02-02T10:54:25.296+0530] {logging_mixin.py:188} INFO - [2026-02-02T10:54:25.296+0530] {dag.py:3036} INFO - Sync 1 DAGs
[2026-02-02T10:54:25.342+0530] {logging_mixin.py:188} INFO - [2026-02-02T10:54:25.341+0530] {dag.py:3823} INFO - Setting next_dagrun for collision_prediction_pipeline to 2026-02-01 18:30:00+00:00, run_after=2026-02-02 00:30:00+00:00
[2026-02-02T10:54:25.371+0530] {processor.py:183} INFO - Processing /opt/airflow/dags/airflow_dag_collision_prediction.py took 0.161 seconds
[2026-02-02T10:54:55.563+0530] {processor.py:161} INFO - Started process (PID=9692) to work on /opt/airflow/dags/airflow_dag_collision_prediction.py
[2026-02-02T10:54:55.566+0530] {processor.py:830} INFO - Processing file /opt/airflow/dags/airflow_dag_collision_prediction.py for tasks to queue
[2026-02-02T10:54:55.568+0530] {logging_mixin.py:188} INFO - [2026-02-02T10:54:55.567+0530] {dagbag.py:538} INFO - Filling up the DagBag from /opt/airflow/dags/airflow_dag_collision_prediction.py
[2026-02-02T10:54:55.597+0530] {processor.py:840} INFO - DAG(s) 'collision_prediction_pipeline' retrieved from /opt/airflow/dags/airflow_dag_collision_prediction.py
[2026-02-02T10:54:55.657+0530] {logging_mixin.py:188} INFO - [2026-02-02T10:54:55.656+0530] {dag.py:3036} INFO - Sync 1 DAGs
[2026-02-02T10:54:55.706+0530] {logging_mixin.py:188} INFO - [2026-02-02T10:54:55.706+0530] {dag.py:3823} INFO - Setting next_dagrun for collision_prediction_pipeline to 2026-02-01 18:30:00+00:00, run_after=2026-02-02 00:30:00+00:00
[2026-02-02T10:54:55.734+0530] {processor.py:183} INFO - Processing /opt/airflow/dags/airflow_dag_collision_prediction.py took 0.178 seconds
[2026-02-02T10:55:25.925+0530] {processor.py:161} INFO - Started process (PID=9707) to work on /opt/airflow/dags/airflow_dag_collision_prediction.py
[2026-02-02T10:55:25.925+0530] {processor.py:830} INFO - Processing file /opt/airflow/dags/airflow_dag_collision_prediction.py for tasks to queue
[2026-02-02T10:55:25.926+0530] {logging_mixin.py:188} INFO - [2026-02-02T10:55:25.926+0530] {dagbag.py:538} INFO - Filling up the DagBag from /opt/airflow/dags/airflow_dag_collision_prediction.py
[2026-02-02T10:55:25.942+0530] {processor.py:840} INFO - DAG(s) 'collision_prediction_pipeline' retrieved from /opt/airflow/dags/airflow_dag_collision_prediction.py
[2026-02-02T10:55:25.983+0530] {logging_mixin.py:188} INFO - [2026-02-02T10:55:25.983+0530] {dag.py:3036} INFO - Sync 1 DAGs
[2026-02-02T10:55:26.012+0530] {logging_mixin.py:188} INFO - [2026-02-02T10:55:26.012+0530] {dag.py:3823} INFO - Setting next_dagrun for collision_prediction_pipeline to 2026-02-01 18:30:00+00:00, run_after=2026-02-02 00:30:00+00:00
[2026-02-02T10:55:26.030+0530] {processor.py:183} INFO - Processing /opt/airflow/dags/airflow_dag_collision_prediction.py took 0.109 seconds
[2026-02-02T10:55:56.209+0530] {processor.py:161} INFO - Started process (PID=9722) to work on /opt/airflow/dags/airflow_dag_collision_prediction.py
[2026-02-02T10:55:56.210+0530] {processor.py:830} INFO - Processing file /opt/airflow/dags/airflow_dag_collision_prediction.py for tasks to queue
[2026-02-02T10:55:56.213+0530] {logging_mixin.py:188} INFO - [2026-02-02T10:55:56.212+0530] {dagbag.py:538} INFO - Filling up the DagBag from /opt/airflow/dags/airflow_dag_collision_prediction.py
[2026-02-02T10:55:56.243+0530] {processor.py:840} INFO - DAG(s) 'collision_prediction_pipeline' retrieved from /opt/airflow/dags/airflow_dag_collision_prediction.py
[2026-02-02T10:55:56.296+0530] {logging_mixin.py:188} INFO - [2026-02-02T10:55:56.295+0530] {dag.py:3036} INFO - Sync 1 DAGs
[2026-02-02T10:55:56.349+0530] {logging_mixin.py:188} INFO - [2026-02-02T10:55:56.349+0530] {dag.py:3823} INFO - Setting next_dagrun for collision_prediction_pipeline to 2026-02-01 18:30:00+00:00, run_after=2026-02-02 00:30:00+00:00
[2026-02-02T10:55:56.383+0530] {processor.py:183} INFO - Processing /opt/airflow/dags/airflow_dag_collision_prediction.py took 0.182 seconds
[2026-02-02T10:56:26.588+0530] {processor.py:161} INFO - Started process (PID=9737) to work on /opt/airflow/dags/airflow_dag_collision_prediction.py
[2026-02-02T10:56:26.590+0530] {processor.py:830} INFO - Processing file /opt/airflow/dags/airflow_dag_collision_prediction.py for tasks to queue
[2026-02-02T10:56:26.592+0530] {logging_mixin.py:188} INFO - [2026-02-02T10:56:26.591+0530] {dagbag.py:538} INFO - Filling up the DagBag from /opt/airflow/dags/airflow_dag_collision_prediction.py
[2026-02-02T10:56:26.625+0530] {processor.py:840} INFO - DAG(s) 'collision_prediction_pipeline' retrieved from /opt/airflow/dags/airflow_dag_collision_prediction.py
[2026-02-02T10:56:26.679+0530] {logging_mixin.py:188} INFO - [2026-02-02T10:56:26.679+0530] {dag.py:3036} INFO - Sync 1 DAGs
[2026-02-02T10:56:26.729+0530] {logging_mixin.py:188} INFO - [2026-02-02T10:56:26.728+0530] {dag.py:3823} INFO - Setting next_dagrun for collision_prediction_pipeline to 2026-02-01 18:30:00+00:00, run_after=2026-02-02 00:30:00+00:00
[2026-02-02T10:56:26.759+0530] {processor.py:183} INFO - Processing /opt/airflow/dags/airflow_dag_collision_prediction.py took 0.183 seconds
[2026-02-02T10:56:56.929+0530] {processor.py:161} INFO - Started process (PID=9752) to work on /opt/airflow/dags/airflow_dag_collision_prediction.py
[2026-02-02T10:56:56.933+0530] {processor.py:830} INFO - Processing file /opt/airflow/dags/airflow_dag_collision_prediction.py for tasks to queue
[2026-02-02T10:56:56.935+0530] {logging_mixin.py:188} INFO - [2026-02-02T10:56:56.934+0530] {dagbag.py:538} INFO - Filling up the DagBag from /opt/airflow/dags/airflow_dag_collision_prediction.py
[2026-02-02T10:56:56.963+0530] {processor.py:840} INFO - DAG(s) 'collision_prediction_pipeline' retrieved from /opt/airflow/dags/airflow_dag_collision_prediction.py
[2026-02-02T10:56:57.021+0530] {logging_mixin.py:188} INFO - [2026-02-02T10:56:57.020+0530] {dag.py:3036} INFO - Sync 1 DAGs
[2026-02-02T10:56:57.077+0530] {logging_mixin.py:188} INFO - [2026-02-02T10:56:57.077+0530] {dag.py:3823} INFO - Setting next_dagrun for collision_prediction_pipeline to 2026-02-01 18:30:00+00:00, run_after=2026-02-02 00:30:00+00:00
[2026-02-02T10:56:57.110+0530] {processor.py:183} INFO - Processing /opt/airflow/dags/airflow_dag_collision_prediction.py took 0.188 seconds
[2026-02-02T10:57:27.345+0530] {processor.py:161} INFO - Started process (PID=9767) to work on /opt/airflow/dags/airflow_dag_collision_prediction.py
[2026-02-02T10:57:27.346+0530] {processor.py:830} INFO - Processing file /opt/airflow/dags/airflow_dag_collision_prediction.py for tasks to queue
[2026-02-02T10:57:27.348+0530] {logging_mixin.py:188} INFO - [2026-02-02T10:57:27.347+0530] {dagbag.py:538} INFO - Filling up the DagBag from /opt/airflow/dags/airflow_dag_collision_prediction.py
[2026-02-02T10:57:27.377+0530] {processor.py:840} INFO - DAG(s) 'collision_prediction_pipeline' retrieved from /opt/airflow/dags/airflow_dag_collision_prediction.py
[2026-02-02T10:57:27.441+0530] {logging_mixin.py:188} INFO - [2026-02-02T10:57:27.440+0530] {dag.py:3036} INFO - Sync 1 DAGs
[2026-02-02T10:57:27.497+0530] {logging_mixin.py:188} INFO - [2026-02-02T10:57:27.496+0530] {dag.py:3823} INFO - Setting next_dagrun for collision_prediction_pipeline to 2026-02-01 18:30:00+00:00, run_after=2026-02-02 00:30:00+00:00
[2026-02-02T10:57:27.527+0530] {processor.py:183} INFO - Processing /opt/airflow/dags/airflow_dag_collision_prediction.py took 0.189 seconds
[2026-02-02T10:57:57.707+0530] {processor.py:161} INFO - Started process (PID=9782) to work on /opt/airflow/dags/airflow_dag_collision_prediction.py
[2026-02-02T10:57:57.710+0530] {processor.py:830} INFO - Processing file /opt/airflow/dags/airflow_dag_collision_prediction.py for tasks to queue
[2026-02-02T10:57:57.712+0530] {logging_mixin.py:188} INFO - [2026-02-02T10:57:57.711+0530] {dagbag.py:538} INFO - Filling up the DagBag from /opt/airflow/dags/airflow_dag_collision_prediction.py
[2026-02-02T10:57:57.747+0530] {processor.py:840} INFO - DAG(s) 'collision_prediction_pipeline' retrieved from /opt/airflow/dags/airflow_dag_collision_prediction.py
[2026-02-02T10:57:57.813+0530] {logging_mixin.py:188} INFO - [2026-02-02T10:57:57.812+0530] {dag.py:3036} INFO - Sync 1 DAGs
[2026-02-02T10:57:57.866+0530] {logging_mixin.py:188} INFO - [2026-02-02T10:57:57.865+0530] {dag.py:3823} INFO - Setting next_dagrun for collision_prediction_pipeline to 2026-02-01 18:30:00+00:00, run_after=2026-02-02 00:30:00+00:00
[2026-02-02T10:57:57.898+0530] {processor.py:183} INFO - Processing /opt/airflow/dags/airflow_dag_collision_prediction.py took 0.197 seconds
[2026-02-02T10:58:28.084+0530] {processor.py:161} INFO - Started process (PID=9797) to work on /opt/airflow/dags/airflow_dag_collision_prediction.py
[2026-02-02T10:58:28.085+0530] {processor.py:830} INFO - Processing file /opt/airflow/dags/airflow_dag_collision_prediction.py for tasks to queue
[2026-02-02T10:58:28.086+0530] {logging_mixin.py:188} INFO - [2026-02-02T10:58:28.085+0530] {dagbag.py:538} INFO - Filling up the DagBag from /opt/airflow/dags/airflow_dag_collision_prediction.py
[2026-02-02T10:58:28.110+0530] {processor.py:840} INFO - DAG(s) 'collision_prediction_pipeline' retrieved from /opt/airflow/dags/airflow_dag_collision_prediction.py
[2026-02-02T10:58:28.159+0530] {logging_mixin.py:188} INFO - [2026-02-02T10:58:28.159+0530] {dag.py:3036} INFO - Sync 1 DAGs
[2026-02-02T10:58:28.206+0530] {logging_mixin.py:188} INFO - [2026-02-02T10:58:28.206+0530] {dag.py:3823} INFO - Setting next_dagrun for collision_prediction_pipeline to 2026-02-01 18:30:00+00:00, run_after=2026-02-02 00:30:00+00:00
[2026-02-02T10:58:28.239+0530] {processor.py:183} INFO - Processing /opt/airflow/dags/airflow_dag_collision_prediction.py took 0.161 seconds
[2026-02-02T10:58:58.429+0530] {processor.py:161} INFO - Started process (PID=9819) to work on /opt/airflow/dags/airflow_dag_collision_prediction.py
[2026-02-02T10:58:58.432+0530] {processor.py:830} INFO - Processing file /opt/airflow/dags/airflow_dag_collision_prediction.py for tasks to queue
[2026-02-02T10:58:58.434+0530] {logging_mixin.py:188} INFO - [2026-02-02T10:58:58.433+0530] {dagbag.py:538} INFO - Filling up the DagBag from /opt/airflow/dags/airflow_dag_collision_prediction.py
[2026-02-02T10:58:58.463+0530] {processor.py:840} INFO - DAG(s) 'collision_prediction_pipeline' retrieved from /opt/airflow/dags/airflow_dag_collision_prediction.py
[2026-02-02T10:58:58.525+0530] {logging_mixin.py:188} INFO - [2026-02-02T10:58:58.525+0530] {dag.py:3036} INFO - Sync 1 DAGs
[2026-02-02T10:58:58.573+0530] {logging_mixin.py:188} INFO - [2026-02-02T10:58:58.573+0530] {dag.py:3823} INFO - Setting next_dagrun for collision_prediction_pipeline to 2026-02-01 18:30:00+00:00, run_after=2026-02-02 00:30:00+00:00
[2026-02-02T10:58:58.603+0530] {processor.py:183} INFO - Processing /opt/airflow/dags/airflow_dag_collision_prediction.py took 0.179 seconds
[2026-02-02T10:59:28.800+0530] {processor.py:161} INFO - Started process (PID=9834) to work on /opt/airflow/dags/airflow_dag_collision_prediction.py
[2026-02-02T10:59:28.802+0530] {processor.py:830} INFO - Processing file /opt/airflow/dags/airflow_dag_collision_prediction.py for tasks to queue
[2026-02-02T10:59:28.805+0530] {logging_mixin.py:188} INFO - [2026-02-02T10:59:28.805+0530] {dagbag.py:538} INFO - Filling up the DagBag from /opt/airflow/dags/airflow_dag_collision_prediction.py
[2026-02-02T10:59:28.856+0530] {processor.py:840} INFO - DAG(s) 'collision_prediction_pipeline' retrieved from /opt/airflow/dags/airflow_dag_collision_prediction.py
[2026-02-02T10:59:28.933+0530] {logging_mixin.py:188} INFO - [2026-02-02T10:59:28.933+0530] {dag.py:3036} INFO - Sync 1 DAGs
[2026-02-02T10:59:28.989+0530] {logging_mixin.py:188} INFO - [2026-02-02T10:59:28.989+0530] {dag.py:3823} INFO - Setting next_dagrun for collision_prediction_pipeline to 2026-02-01 18:30:00+00:00, run_after=2026-02-02 00:30:00+00:00
[2026-02-02T10:59:29.017+0530] {processor.py:183} INFO - Processing /opt/airflow/dags/airflow_dag_collision_prediction.py took 0.231 seconds
[2026-02-02T10:59:59.198+0530] {processor.py:161} INFO - Started process (PID=9849) to work on /opt/airflow/dags/airflow_dag_collision_prediction.py
[2026-02-02T10:59:59.201+0530] {processor.py:830} INFO - Processing file /opt/airflow/dags/airflow_dag_collision_prediction.py for tasks to queue
[2026-02-02T10:59:59.203+0530] {logging_mixin.py:188} INFO - [2026-02-02T10:59:59.202+0530] {dagbag.py:538} INFO - Filling up the DagBag from /opt/airflow/dags/airflow_dag_collision_prediction.py
[2026-02-02T10:59:59.234+0530] {processor.py:840} INFO - DAG(s) 'collision_prediction_pipeline' retrieved from /opt/airflow/dags/airflow_dag_collision_prediction.py
[2026-02-02T10:59:59.294+0530] {logging_mixin.py:188} INFO - [2026-02-02T10:59:59.293+0530] {dag.py:3036} INFO - Sync 1 DAGs
[2026-02-02T10:59:59.347+0530] {logging_mixin.py:188} INFO - [2026-02-02T10:59:59.347+0530] {dag.py:3823} INFO - Setting next_dagrun for collision_prediction_pipeline to 2026-02-01 18:30:00+00:00, run_after=2026-02-02 00:30:00+00:00
[2026-02-02T10:59:59.377+0530] {processor.py:183} INFO - Processing /opt/airflow/dags/airflow_dag_collision_prediction.py took 0.187 seconds
[2026-02-02T11:00:29.557+0530] {processor.py:161} INFO - Started process (PID=9864) to work on /opt/airflow/dags/airflow_dag_collision_prediction.py
[2026-02-02T11:00:29.559+0530] {processor.py:830} INFO - Processing file /opt/airflow/dags/airflow_dag_collision_prediction.py for tasks to queue
[2026-02-02T11:00:29.560+0530] {logging_mixin.py:188} INFO - [2026-02-02T11:00:29.560+0530] {dagbag.py:538} INFO - Filling up the DagBag from /opt/airflow/dags/airflow_dag_collision_prediction.py
[2026-02-02T11:00:29.592+0530] {processor.py:840} INFO - DAG(s) 'collision_prediction_pipeline' retrieved from /opt/airflow/dags/airflow_dag_collision_prediction.py
[2026-02-02T11:00:29.655+0530] {logging_mixin.py:188} INFO - [2026-02-02T11:00:29.654+0530] {dag.py:3036} INFO - Sync 1 DAGs
[2026-02-02T11:00:29.702+0530] {logging_mixin.py:188} INFO - [2026-02-02T11:00:29.702+0530] {dag.py:3823} INFO - Setting next_dagrun for collision_prediction_pipeline to 2026-02-01 18:30:00+00:00, run_after=2026-02-02 00:30:00+00:00
[2026-02-02T11:00:29.735+0530] {processor.py:183} INFO - Processing /opt/airflow/dags/airflow_dag_collision_prediction.py took 0.185 seconds
[2026-02-02T11:00:59.923+0530] {processor.py:161} INFO - Started process (PID=9879) to work on /opt/airflow/dags/airflow_dag_collision_prediction.py
[2026-02-02T11:00:59.928+0530] {processor.py:830} INFO - Processing file /opt/airflow/dags/airflow_dag_collision_prediction.py for tasks to queue
[2026-02-02T11:00:59.931+0530] {logging_mixin.py:188} INFO - [2026-02-02T11:00:59.928+0530] {dagbag.py:538} INFO - Filling up the DagBag from /opt/airflow/dags/airflow_dag_collision_prediction.py
[2026-02-02T11:00:59.959+0530] {processor.py:840} INFO - DAG(s) 'collision_prediction_pipeline' retrieved from /opt/airflow/dags/airflow_dag_collision_prediction.py
[2026-02-02T11:01:00.006+0530] {logging_mixin.py:188} INFO - [2026-02-02T11:01:00.006+0530] {dag.py:3036} INFO - Sync 1 DAGs
[2026-02-02T11:01:00.042+0530] {logging_mixin.py:188} INFO - [2026-02-02T11:01:00.042+0530] {dag.py:3823} INFO - Setting next_dagrun for collision_prediction_pipeline to 2026-02-01 18:30:00+00:00, run_after=2026-02-02 00:30:00+00:00
[2026-02-02T11:01:00.061+0530] {processor.py:183} INFO - Processing /opt/airflow/dags/airflow_dag_collision_prediction.py took 0.146 seconds
[2026-02-02T11:01:30.220+0530] {processor.py:161} INFO - Started process (PID=9894) to work on /opt/airflow/dags/airflow_dag_collision_prediction.py
[2026-02-02T11:01:30.222+0530] {processor.py:830} INFO - Processing file /opt/airflow/dags/airflow_dag_collision_prediction.py for tasks to queue
[2026-02-02T11:01:30.223+0530] {logging_mixin.py:188} INFO - [2026-02-02T11:01:30.222+0530] {dagbag.py:538} INFO - Filling up the DagBag from /opt/airflow/dags/airflow_dag_collision_prediction.py
[2026-02-02T11:01:30.247+0530] {processor.py:840} INFO - DAG(s) 'collision_prediction_pipeline' retrieved from /opt/airflow/dags/airflow_dag_collision_prediction.py
[2026-02-02T11:01:30.297+0530] {logging_mixin.py:188} INFO - [2026-02-02T11:01:30.297+0530] {dag.py:3036} INFO - Sync 1 DAGs
[2026-02-02T11:01:30.337+0530] {logging_mixin.py:188} INFO - [2026-02-02T11:01:30.336+0530] {dag.py:3823} INFO - Setting next_dagrun for collision_prediction_pipeline to 2026-02-01 18:30:00+00:00, run_after=2026-02-02 00:30:00+00:00
[2026-02-02T11:01:30.359+0530] {processor.py:183} INFO - Processing /opt/airflow/dags/airflow_dag_collision_prediction.py took 0.144 seconds
[2026-02-02T11:02:00.536+0530] {processor.py:161} INFO - Started process (PID=9909) to work on /opt/airflow/dags/airflow_dag_collision_prediction.py
[2026-02-02T11:02:00.537+0530] {processor.py:830} INFO - Processing file /opt/airflow/dags/airflow_dag_collision_prediction.py for tasks to queue
[2026-02-02T11:02:00.539+0530] {logging_mixin.py:188} INFO - [2026-02-02T11:02:00.538+0530] {dagbag.py:538} INFO - Filling up the DagBag from /opt/airflow/dags/airflow_dag_collision_prediction.py
[2026-02-02T11:02:00.584+0530] {processor.py:840} INFO - DAG(s) 'collision_prediction_pipeline' retrieved from /opt/airflow/dags/airflow_dag_collision_prediction.py
[2026-02-02T11:02:00.670+0530] {logging_mixin.py:188} INFO - [2026-02-02T11:02:00.669+0530] {dag.py:3036} INFO - Sync 1 DAGs
[2026-02-02T11:02:00.734+0530] {logging_mixin.py:188} INFO - [2026-02-02T11:02:00.733+0530] {dag.py:3823} INFO - Setting next_dagrun for collision_prediction_pipeline to 2026-02-01 18:30:00+00:00, run_after=2026-02-02 00:30:00+00:00
[2026-02-02T11:02:00.761+0530] {processor.py:183} INFO - Processing /opt/airflow/dags/airflow_dag_collision_prediction.py took 0.236 seconds
[2026-02-02T11:02:30.979+0530] {processor.py:161} INFO - Started process (PID=9924) to work on /opt/airflow/dags/airflow_dag_collision_prediction.py
[2026-02-02T11:02:30.980+0530] {processor.py:830} INFO - Processing file /opt/airflow/dags/airflow_dag_collision_prediction.py for tasks to queue
[2026-02-02T11:02:30.981+0530] {logging_mixin.py:188} INFO - [2026-02-02T11:02:30.981+0530] {dagbag.py:538} INFO - Filling up the DagBag from /opt/airflow/dags/airflow_dag_collision_prediction.py
[2026-02-02T11:02:31.017+0530] {processor.py:840} INFO - DAG(s) 'collision_prediction_pipeline' retrieved from /opt/airflow/dags/airflow_dag_collision_prediction.py
[2026-02-02T11:02:31.083+0530] {logging_mixin.py:188} INFO - [2026-02-02T11:02:31.083+0530] {dag.py:3036} INFO - Sync 1 DAGs
[2026-02-02T11:02:31.132+0530] {logging_mixin.py:188} INFO - [2026-02-02T11:02:31.132+0530] {dag.py:3823} INFO - Setting next_dagrun for collision_prediction_pipeline to 2026-02-01 18:30:00+00:00, run_after=2026-02-02 00:30:00+00:00
[2026-02-02T11:02:31.167+0530] {processor.py:183} INFO - Processing /opt/airflow/dags/airflow_dag_collision_prediction.py took 0.200 seconds
[2026-02-02T11:03:01.345+0530] {processor.py:161} INFO - Started process (PID=9939) to work on /opt/airflow/dags/airflow_dag_collision_prediction.py
[2026-02-02T11:03:01.349+0530] {processor.py:830} INFO - Processing file /opt/airflow/dags/airflow_dag_collision_prediction.py for tasks to queue
[2026-02-02T11:03:01.352+0530] {logging_mixin.py:188} INFO - [2026-02-02T11:03:01.352+0530] {dagbag.py:538} INFO - Filling up the DagBag from /opt/airflow/dags/airflow_dag_collision_prediction.py
[2026-02-02T11:03:01.383+0530] {processor.py:840} INFO - DAG(s) 'collision_prediction_pipeline' retrieved from /opt/airflow/dags/airflow_dag_collision_prediction.py
[2026-02-02T11:03:01.429+0530] {logging_mixin.py:188} INFO - [2026-02-02T11:03:01.429+0530] {dag.py:3036} INFO - Sync 1 DAGs
[2026-02-02T11:03:01.465+0530] {logging_mixin.py:188} INFO - [2026-02-02T11:03:01.465+0530] {dag.py:3823} INFO - Setting next_dagrun for collision_prediction_pipeline to 2026-02-01 18:30:00+00:00, run_after=2026-02-02 00:30:00+00:00
[2026-02-02T11:03:01.485+0530] {processor.py:183} INFO - Processing /opt/airflow/dags/airflow_dag_collision_prediction.py took 0.146 seconds
[2026-02-02T11:03:31.684+0530] {processor.py:161} INFO - Started process (PID=9954) to work on /opt/airflow/dags/airflow_dag_collision_prediction.py
[2026-02-02T11:03:31.685+0530] {processor.py:830} INFO - Processing file /opt/airflow/dags/airflow_dag_collision_prediction.py for tasks to queue
[2026-02-02T11:03:31.686+0530] {logging_mixin.py:188} INFO - [2026-02-02T11:03:31.686+0530] {dagbag.py:538} INFO - Filling up the DagBag from /opt/airflow/dags/airflow_dag_collision_prediction.py
[2026-02-02T11:03:31.715+0530] {processor.py:840} INFO - DAG(s) 'collision_prediction_pipeline' retrieved from /opt/airflow/dags/airflow_dag_collision_prediction.py
[2026-02-02T11:03:31.764+0530] {logging_mixin.py:188} INFO - [2026-02-02T11:03:31.763+0530] {dag.py:3036} INFO - Sync 1 DAGs
[2026-02-02T11:03:31.803+0530] {logging_mixin.py:188} INFO - [2026-02-02T11:03:31.803+0530] {dag.py:3823} INFO - Setting next_dagrun for collision_prediction_pipeline to 2026-02-01 18:30:00+00:00, run_after=2026-02-02 00:30:00+00:00
[2026-02-02T11:03:31.827+0530] {processor.py:183} INFO - Processing /opt/airflow/dags/airflow_dag_collision_prediction.py took 0.152 seconds
[2026-02-02T11:04:02.014+0530] {processor.py:161} INFO - Started process (PID=9969) to work on /opt/airflow/dags/airflow_dag_collision_prediction.py
[2026-02-02T11:04:02.016+0530] {processor.py:830} INFO - Processing file /opt/airflow/dags/airflow_dag_collision_prediction.py for tasks to queue
[2026-02-02T11:04:02.017+0530] {logging_mixin.py:188} INFO - [2026-02-02T11:04:02.017+0530] {dagbag.py:538} INFO - Filling up the DagBag from /opt/airflow/dags/airflow_dag_collision_prediction.py
[2026-02-02T11:04:02.049+0530] {processor.py:840} INFO - DAG(s) 'collision_prediction_pipeline' retrieved from /opt/airflow/dags/airflow_dag_collision_prediction.py
[2026-02-02T11:04:02.114+0530] {logging_mixin.py:188} INFO - [2026-02-02T11:04:02.114+0530] {dag.py:3036} INFO - Sync 1 DAGs
[2026-02-02T11:04:02.168+0530] {logging_mixin.py:188} INFO - [2026-02-02T11:04:02.168+0530] {dag.py:3823} INFO - Setting next_dagrun for collision_prediction_pipeline to 2026-02-01 18:30:00+00:00, run_after=2026-02-02 00:30:00+00:00
[2026-02-02T11:04:02.206+0530] {processor.py:183} INFO - Processing /opt/airflow/dags/airflow_dag_collision_prediction.py took 0.198 seconds
[2026-02-02T11:04:32.406+0530] {processor.py:161} INFO - Started process (PID=9984) to work on /opt/airflow/dags/airflow_dag_collision_prediction.py
[2026-02-02T11:04:32.408+0530] {processor.py:830} INFO - Processing file /opt/airflow/dags/airflow_dag_collision_prediction.py for tasks to queue
[2026-02-02T11:04:32.410+0530] {logging_mixin.py:188} INFO - [2026-02-02T11:04:32.409+0530] {dagbag.py:538} INFO - Filling up the DagBag from /opt/airflow/dags/airflow_dag_collision_prediction.py
[2026-02-02T11:04:32.443+0530] {processor.py:840} INFO - DAG(s) 'collision_prediction_pipeline' retrieved from /opt/airflow/dags/airflow_dag_collision_prediction.py
[2026-02-02T11:04:32.513+0530] {logging_mixin.py:188} INFO - [2026-02-02T11:04:32.512+0530] {dag.py:3036} INFO - Sync 1 DAGs
[2026-02-02T11:04:32.573+0530] {logging_mixin.py:188} INFO - [2026-02-02T11:04:32.573+0530] {dag.py:3823} INFO - Setting next_dagrun for collision_prediction_pipeline to 2026-02-01 18:30:00+00:00, run_after=2026-02-02 00:30:00+00:00
[2026-02-02T11:04:32.609+0530] {processor.py:183} INFO - Processing /opt/airflow/dags/airflow_dag_collision_prediction.py took 0.207 seconds
[2026-02-02T11:05:02.777+0530] {processor.py:161} INFO - Started process (PID=9999) to work on /opt/airflow/dags/airflow_dag_collision_prediction.py
[2026-02-02T11:05:02.779+0530] {processor.py:830} INFO - Processing file /opt/airflow/dags/airflow_dag_collision_prediction.py for tasks to queue
[2026-02-02T11:05:02.780+0530] {logging_mixin.py:188} INFO - [2026-02-02T11:05:02.780+0530] {dagbag.py:538} INFO - Filling up the DagBag from /opt/airflow/dags/airflow_dag_collision_prediction.py
[2026-02-02T11:05:02.797+0530] {processor.py:840} INFO - DAG(s) 'collision_prediction_pipeline' retrieved from /opt/airflow/dags/airflow_dag_collision_prediction.py
[2026-02-02T11:05:02.842+0530] {logging_mixin.py:188} INFO - [2026-02-02T11:05:02.842+0530] {dag.py:3036} INFO - Sync 1 DAGs
[2026-02-02T11:05:02.872+0530] {logging_mixin.py:188} INFO - [2026-02-02T11:05:02.871+0530] {dag.py:3823} INFO - Setting next_dagrun for collision_prediction_pipeline to 2026-02-01 18:30:00+00:00, run_after=2026-02-02 00:30:00+00:00
[2026-02-02T11:05:02.891+0530] {processor.py:183} INFO - Processing /opt/airflow/dags/airflow_dag_collision_prediction.py took 0.119 seconds
[2026-02-02T11:05:33.078+0530] {processor.py:161} INFO - Started process (PID=10014) to work on /opt/airflow/dags/airflow_dag_collision_prediction.py
[2026-02-02T11:05:33.080+0530] {processor.py:830} INFO - Processing file /opt/airflow/dags/airflow_dag_collision_prediction.py for tasks to queue
[2026-02-02T11:05:33.083+0530] {logging_mixin.py:188} INFO - [2026-02-02T11:05:33.082+0530] {dagbag.py:538} INFO - Filling up the DagBag from /opt/airflow/dags/airflow_dag_collision_prediction.py
[2026-02-02T11:05:33.116+0530] {processor.py:840} INFO - DAG(s) 'collision_prediction_pipeline' retrieved from /opt/airflow/dags/airflow_dag_collision_prediction.py
[2026-02-02T11:05:33.185+0530] {logging_mixin.py:188} INFO - [2026-02-02T11:05:33.185+0530] {dag.py:3036} INFO - Sync 1 DAGs
[2026-02-02T11:05:33.240+0530] {logging_mixin.py:188} INFO - [2026-02-02T11:05:33.239+0530] {dag.py:3823} INFO - Setting next_dagrun for collision_prediction_pipeline to 2026-02-01 18:30:00+00:00, run_after=2026-02-02 00:30:00+00:00
[2026-02-02T11:05:33.266+0530] {processor.py:183} INFO - Processing /opt/airflow/dags/airflow_dag_collision_prediction.py took 0.196 seconds
[2026-02-02T11:06:03.475+0530] {processor.py:161} INFO - Started process (PID=10029) to work on /opt/airflow/dags/airflow_dag_collision_prediction.py
[2026-02-02T11:06:03.478+0530] {processor.py:830} INFO - Processing file /opt/airflow/dags/airflow_dag_collision_prediction.py for tasks to queue
[2026-02-02T11:06:03.480+0530] {logging_mixin.py:188} INFO - [2026-02-02T11:06:03.479+0530] {dagbag.py:538} INFO - Filling up the DagBag from /opt/airflow/dags/airflow_dag_collision_prediction.py
[2026-02-02T11:06:03.517+0530] {processor.py:840} INFO - DAG(s) 'collision_prediction_pipeline' retrieved from /opt/airflow/dags/airflow_dag_collision_prediction.py
[2026-02-02T11:06:03.582+0530] {logging_mixin.py:188} INFO - [2026-02-02T11:06:03.581+0530] {dag.py:3036} INFO - Sync 1 DAGs
[2026-02-02T11:06:03.640+0530] {logging_mixin.py:188} INFO - [2026-02-02T11:06:03.639+0530] {dag.py:3823} INFO - Setting next_dagrun for collision_prediction_pipeline to 2026-02-01 18:30:00+00:00, run_after=2026-02-02 00:30:00+00:00
[2026-02-02T11:06:03.677+0530] {processor.py:183} INFO - Processing /opt/airflow/dags/airflow_dag_collision_prediction.py took 0.209 seconds
