[2026-02-01T22:31:41.011+0530] {processor.py:161} INFO - Started process (PID=8031) to work on /opt/airflow/dags/airflow_dag_collision_prediction.py
[2026-02-01T22:31:41.012+0530] {processor.py:830} INFO - Processing file /opt/airflow/dags/airflow_dag_collision_prediction.py for tasks to queue
[2026-02-01T22:31:41.013+0530] {logging_mixin.py:188} INFO - [2026-02-01T22:31:41.012+0530] {dagbag.py:538} INFO - Filling up the DagBag from /opt/airflow/dags/airflow_dag_collision_prediction.py
[2026-02-01T22:31:41.032+0530] {processor.py:840} INFO - DAG(s) 'collision_prediction_pipeline' retrieved from /opt/airflow/dags/airflow_dag_collision_prediction.py
[2026-02-01T22:31:41.445+0530] {logging_mixin.py:188} INFO - [2026-02-01T22:31:41.444+0530] {override.py:1769} INFO - Created Permission View: can edit on DAG:collision_prediction_pipeline
[2026-02-01T22:31:41.458+0530] {logging_mixin.py:188} INFO - [2026-02-01T22:31:41.458+0530] {override.py:1769} INFO - Created Permission View: can delete on DAG:collision_prediction_pipeline
[2026-02-01T22:31:41.464+0530] {logging_mixin.py:188} INFO - [2026-02-01T22:31:41.464+0530] {override.py:1769} INFO - Created Permission View: can read on DAG:collision_prediction_pipeline
[2026-02-01T22:31:41.464+0530] {logging_mixin.py:188} INFO - [2026-02-01T22:31:41.464+0530] {dag.py:3036} INFO - Sync 1 DAGs
[2026-02-01T22:31:41.476+0530] {logging_mixin.py:188} INFO - [2026-02-01T22:31:41.476+0530] {dag.py:3058} INFO - Creating ORM DAG for collision_prediction_pipeline
[2026-02-01T22:31:41.489+0530] {logging_mixin.py:188} INFO - [2026-02-01T22:31:41.489+0530] {dag.py:3823} INFO - Setting next_dagrun for collision_prediction_pipeline to 2026-02-01 06:30:00+00:00, run_after=2026-02-01 12:30:00+00:00
[2026-02-01T22:31:41.507+0530] {processor.py:183} INFO - Processing /opt/airflow/dags/airflow_dag_collision_prediction.py took 0.500 seconds
[2026-02-01T22:32:11.615+0530] {processor.py:161} INFO - Started process (PID=8051) to work on /opt/airflow/dags/airflow_dag_collision_prediction.py
[2026-02-01T22:32:11.616+0530] {processor.py:830} INFO - Processing file /opt/airflow/dags/airflow_dag_collision_prediction.py for tasks to queue
[2026-02-01T22:32:11.617+0530] {logging_mixin.py:188} INFO - [2026-02-01T22:32:11.617+0530] {dagbag.py:538} INFO - Filling up the DagBag from /opt/airflow/dags/airflow_dag_collision_prediction.py
[2026-02-01T22:32:11.639+0530] {processor.py:840} INFO - DAG(s) 'collision_prediction_pipeline' retrieved from /opt/airflow/dags/airflow_dag_collision_prediction.py
[2026-02-01T22:32:11.686+0530] {logging_mixin.py:188} INFO - [2026-02-01T22:32:11.686+0530] {dag.py:3036} INFO - Sync 1 DAGs
[2026-02-01T22:32:11.718+0530] {logging_mixin.py:188} INFO - [2026-02-01T22:32:11.717+0530] {dag.py:3823} INFO - Setting next_dagrun for collision_prediction_pipeline to 2026-02-01 06:30:00+00:00, run_after=2026-02-01 12:30:00+00:00
[2026-02-01T22:32:11.982+0530] {processor.py:183} INFO - Processing /opt/airflow/dags/airflow_dag_collision_prediction.py took 0.370 seconds
[2026-02-01T22:32:42.412+0530] {processor.py:161} INFO - Started process (PID=8066) to work on /opt/airflow/dags/airflow_dag_collision_prediction.py
[2026-02-01T22:32:42.413+0530] {processor.py:830} INFO - Processing file /opt/airflow/dags/airflow_dag_collision_prediction.py for tasks to queue
[2026-02-01T22:32:42.414+0530] {logging_mixin.py:188} INFO - [2026-02-01T22:32:42.413+0530] {dagbag.py:538} INFO - Filling up the DagBag from /opt/airflow/dags/airflow_dag_collision_prediction.py
[2026-02-01T22:32:42.442+0530] {processor.py:840} INFO - DAG(s) 'collision_prediction_pipeline' retrieved from /opt/airflow/dags/airflow_dag_collision_prediction.py
[2026-02-01T22:32:42.758+0530] {logging_mixin.py:188} INFO - [2026-02-01T22:32:42.758+0530] {dag.py:3036} INFO - Sync 1 DAGs
[2026-02-01T22:32:42.800+0530] {logging_mixin.py:188} INFO - [2026-02-01T22:32:42.799+0530] {dag.py:3823} INFO - Setting next_dagrun for collision_prediction_pipeline to 2026-02-01 06:30:00+00:00, run_after=2026-02-01 12:30:00+00:00
[2026-02-01T22:32:42.821+0530] {processor.py:183} INFO - Processing /opt/airflow/dags/airflow_dag_collision_prediction.py took 0.415 seconds
[2026-02-01T22:33:13.161+0530] {processor.py:161} INFO - Started process (PID=8083) to work on /opt/airflow/dags/airflow_dag_collision_prediction.py
[2026-02-01T22:33:13.164+0530] {processor.py:830} INFO - Processing file /opt/airflow/dags/airflow_dag_collision_prediction.py for tasks to queue
[2026-02-01T22:33:13.166+0530] {logging_mixin.py:188} INFO - [2026-02-01T22:33:13.165+0530] {dagbag.py:538} INFO - Filling up the DagBag from /opt/airflow/dags/airflow_dag_collision_prediction.py
[2026-02-01T22:33:13.185+0530] {processor.py:840} INFO - DAG(s) 'collision_prediction_pipeline' retrieved from /opt/airflow/dags/airflow_dag_collision_prediction.py
[2026-02-01T22:33:13.228+0530] {logging_mixin.py:188} INFO - [2026-02-01T22:33:13.227+0530] {dag.py:3036} INFO - Sync 1 DAGs
[2026-02-01T22:33:13.274+0530] {logging_mixin.py:188} INFO - [2026-02-01T22:33:13.274+0530] {dag.py:3823} INFO - Setting next_dagrun for collision_prediction_pipeline to 2026-02-01 06:30:00+00:00, run_after=2026-02-01 12:30:00+00:00
[2026-02-01T22:33:13.300+0530] {processor.py:183} INFO - Processing /opt/airflow/dags/airflow_dag_collision_prediction.py took 0.145 seconds
[2026-02-01T22:33:43.428+0530] {processor.py:161} INFO - Started process (PID=8098) to work on /opt/airflow/dags/airflow_dag_collision_prediction.py
[2026-02-01T22:33:43.429+0530] {processor.py:830} INFO - Processing file /opt/airflow/dags/airflow_dag_collision_prediction.py for tasks to queue
[2026-02-01T22:33:43.430+0530] {logging_mixin.py:188} INFO - [2026-02-01T22:33:43.430+0530] {dagbag.py:538} INFO - Filling up the DagBag from /opt/airflow/dags/airflow_dag_collision_prediction.py
[2026-02-01T22:33:43.449+0530] {processor.py:840} INFO - DAG(s) 'collision_prediction_pipeline' retrieved from /opt/airflow/dags/airflow_dag_collision_prediction.py
[2026-02-01T22:33:43.492+0530] {logging_mixin.py:188} INFO - [2026-02-01T22:33:43.491+0530] {dag.py:3036} INFO - Sync 1 DAGs
[2026-02-01T22:33:43.536+0530] {logging_mixin.py:188} INFO - [2026-02-01T22:33:43.535+0530] {dag.py:3823} INFO - Setting next_dagrun for collision_prediction_pipeline to 2026-02-01 06:30:00+00:00, run_after=2026-02-01 12:30:00+00:00
[2026-02-01T22:33:43.553+0530] {processor.py:183} INFO - Processing /opt/airflow/dags/airflow_dag_collision_prediction.py took 0.128 seconds
[2026-02-01T22:34:13.796+0530] {processor.py:161} INFO - Started process (PID=8118) to work on /opt/airflow/dags/airflow_dag_collision_prediction.py
[2026-02-01T22:34:13.798+0530] {processor.py:830} INFO - Processing file /opt/airflow/dags/airflow_dag_collision_prediction.py for tasks to queue
[2026-02-01T22:34:13.799+0530] {logging_mixin.py:188} INFO - [2026-02-01T22:34:13.799+0530] {dagbag.py:538} INFO - Filling up the DagBag from /opt/airflow/dags/airflow_dag_collision_prediction.py
[2026-02-01T22:34:13.815+0530] {processor.py:840} INFO - DAG(s) 'collision_prediction_pipeline' retrieved from /opt/airflow/dags/airflow_dag_collision_prediction.py
[2026-02-01T22:34:13.849+0530] {logging_mixin.py:188} INFO - [2026-02-01T22:34:13.848+0530] {dag.py:3036} INFO - Sync 1 DAGs
[2026-02-01T22:34:13.879+0530] {logging_mixin.py:188} INFO - [2026-02-01T22:34:13.879+0530] {dag.py:3823} INFO - Setting next_dagrun for collision_prediction_pipeline to 2026-02-01 06:30:00+00:00, run_after=2026-02-01 12:30:00+00:00
[2026-02-01T22:34:13.899+0530] {processor.py:183} INFO - Processing /opt/airflow/dags/airflow_dag_collision_prediction.py took 0.107 seconds
[2026-02-01T22:34:44.179+0530] {processor.py:161} INFO - Started process (PID=8133) to work on /opt/airflow/dags/airflow_dag_collision_prediction.py
[2026-02-01T22:34:44.181+0530] {processor.py:830} INFO - Processing file /opt/airflow/dags/airflow_dag_collision_prediction.py for tasks to queue
[2026-02-01T22:34:44.182+0530] {logging_mixin.py:188} INFO - [2026-02-01T22:34:44.182+0530] {dagbag.py:538} INFO - Filling up the DagBag from /opt/airflow/dags/airflow_dag_collision_prediction.py
[2026-02-01T22:34:44.198+0530] {processor.py:840} INFO - DAG(s) 'collision_prediction_pipeline' retrieved from /opt/airflow/dags/airflow_dag_collision_prediction.py
[2026-02-01T22:34:44.239+0530] {logging_mixin.py:188} INFO - [2026-02-01T22:34:44.239+0530] {dag.py:3036} INFO - Sync 1 DAGs
[2026-02-01T22:34:44.269+0530] {logging_mixin.py:188} INFO - [2026-02-01T22:34:44.269+0530] {dag.py:3823} INFO - Setting next_dagrun for collision_prediction_pipeline to 2026-02-01 06:30:00+00:00, run_after=2026-02-01 12:30:00+00:00
[2026-02-01T22:34:44.288+0530] {processor.py:183} INFO - Processing /opt/airflow/dags/airflow_dag_collision_prediction.py took 0.113 seconds
[2026-02-01T22:35:14.521+0530] {processor.py:161} INFO - Started process (PID=8150) to work on /opt/airflow/dags/airflow_dag_collision_prediction.py
[2026-02-01T22:35:14.522+0530] {processor.py:830} INFO - Processing file /opt/airflow/dags/airflow_dag_collision_prediction.py for tasks to queue
[2026-02-01T22:35:14.524+0530] {logging_mixin.py:188} INFO - [2026-02-01T22:35:14.523+0530] {dagbag.py:538} INFO - Filling up the DagBag from /opt/airflow/dags/airflow_dag_collision_prediction.py
[2026-02-01T22:35:14.547+0530] {processor.py:840} INFO - DAG(s) 'collision_prediction_pipeline' retrieved from /opt/airflow/dags/airflow_dag_collision_prediction.py
[2026-02-01T22:35:14.592+0530] {logging_mixin.py:188} INFO - [2026-02-01T22:35:14.591+0530] {dag.py:3036} INFO - Sync 1 DAGs
[2026-02-01T22:35:14.638+0530] {logging_mixin.py:188} INFO - [2026-02-01T22:35:14.637+0530] {dag.py:3823} INFO - Setting next_dagrun for collision_prediction_pipeline to 2026-02-01 06:30:00+00:00, run_after=2026-02-01 12:30:00+00:00
[2026-02-01T22:35:14.665+0530] {processor.py:183} INFO - Processing /opt/airflow/dags/airflow_dag_collision_prediction.py took 0.150 seconds
[2026-02-01T22:35:44.980+0530] {processor.py:161} INFO - Started process (PID=8165) to work on /opt/airflow/dags/airflow_dag_collision_prediction.py
[2026-02-01T22:35:44.982+0530] {processor.py:830} INFO - Processing file /opt/airflow/dags/airflow_dag_collision_prediction.py for tasks to queue
[2026-02-01T22:35:44.984+0530] {logging_mixin.py:188} INFO - [2026-02-01T22:35:44.983+0530] {dagbag.py:538} INFO - Filling up the DagBag from /opt/airflow/dags/airflow_dag_collision_prediction.py
[2026-02-01T22:35:45.005+0530] {processor.py:840} INFO - DAG(s) 'collision_prediction_pipeline' retrieved from /opt/airflow/dags/airflow_dag_collision_prediction.py
[2026-02-01T22:35:45.047+0530] {logging_mixin.py:188} INFO - [2026-02-01T22:35:45.047+0530] {dag.py:3036} INFO - Sync 1 DAGs
[2026-02-01T22:35:45.085+0530] {logging_mixin.py:188} INFO - [2026-02-01T22:35:45.085+0530] {dag.py:3823} INFO - Setting next_dagrun for collision_prediction_pipeline to 2026-02-01 06:30:00+00:00, run_after=2026-02-01 12:30:00+00:00
[2026-02-01T22:35:45.110+0530] {processor.py:183} INFO - Processing /opt/airflow/dags/airflow_dag_collision_prediction.py took 0.135 seconds
[2026-02-01T22:36:15.306+0530] {processor.py:161} INFO - Started process (PID=8185) to work on /opt/airflow/dags/airflow_dag_collision_prediction.py
[2026-02-01T22:36:15.308+0530] {processor.py:830} INFO - Processing file /opt/airflow/dags/airflow_dag_collision_prediction.py for tasks to queue
[2026-02-01T22:36:15.309+0530] {logging_mixin.py:188} INFO - [2026-02-01T22:36:15.308+0530] {dagbag.py:538} INFO - Filling up the DagBag from /opt/airflow/dags/airflow_dag_collision_prediction.py
[2026-02-01T22:36:15.324+0530] {processor.py:840} INFO - DAG(s) 'collision_prediction_pipeline' retrieved from /opt/airflow/dags/airflow_dag_collision_prediction.py
[2026-02-01T22:36:15.358+0530] {logging_mixin.py:188} INFO - [2026-02-01T22:36:15.357+0530] {dag.py:3036} INFO - Sync 1 DAGs
[2026-02-01T22:36:15.395+0530] {logging_mixin.py:188} INFO - [2026-02-01T22:36:15.394+0530] {dag.py:3823} INFO - Setting next_dagrun for collision_prediction_pipeline to 2026-02-01 06:30:00+00:00, run_after=2026-02-01 12:30:00+00:00
[2026-02-01T22:36:15.421+0530] {processor.py:183} INFO - Processing /opt/airflow/dags/airflow_dag_collision_prediction.py took 0.119 seconds
[2026-02-01T22:36:45.733+0530] {processor.py:161} INFO - Started process (PID=8200) to work on /opt/airflow/dags/airflow_dag_collision_prediction.py
[2026-02-01T22:36:45.736+0530] {processor.py:830} INFO - Processing file /opt/airflow/dags/airflow_dag_collision_prediction.py for tasks to queue
[2026-02-01T22:36:45.737+0530] {logging_mixin.py:188} INFO - [2026-02-01T22:36:45.737+0530] {dagbag.py:538} INFO - Filling up the DagBag from /opt/airflow/dags/airflow_dag_collision_prediction.py
[2026-02-01T22:36:45.754+0530] {processor.py:840} INFO - DAG(s) 'collision_prediction_pipeline' retrieved from /opt/airflow/dags/airflow_dag_collision_prediction.py
[2026-02-01T22:36:45.790+0530] {logging_mixin.py:188} INFO - [2026-02-01T22:36:45.790+0530] {dag.py:3036} INFO - Sync 1 DAGs
[2026-02-01T22:36:45.828+0530] {logging_mixin.py:188} INFO - [2026-02-01T22:36:45.828+0530] {dag.py:3823} INFO - Setting next_dagrun for collision_prediction_pipeline to 2026-02-01 06:30:00+00:00, run_after=2026-02-01 12:30:00+00:00
[2026-02-01T22:36:45.851+0530] {processor.py:183} INFO - Processing /opt/airflow/dags/airflow_dag_collision_prediction.py took 0.123 seconds
[2026-02-01T22:37:15.993+0530] {processor.py:161} INFO - Started process (PID=8217) to work on /opt/airflow/dags/airflow_dag_collision_prediction.py
[2026-02-01T22:37:15.995+0530] {processor.py:830} INFO - Processing file /opt/airflow/dags/airflow_dag_collision_prediction.py for tasks to queue
[2026-02-01T22:37:15.996+0530] {logging_mixin.py:188} INFO - [2026-02-01T22:37:15.996+0530] {dagbag.py:538} INFO - Filling up the DagBag from /opt/airflow/dags/airflow_dag_collision_prediction.py
[2026-02-01T22:37:16.014+0530] {processor.py:840} INFO - DAG(s) 'collision_prediction_pipeline' retrieved from /opt/airflow/dags/airflow_dag_collision_prediction.py
[2026-02-01T22:37:16.052+0530] {logging_mixin.py:188} INFO - [2026-02-01T22:37:16.052+0530] {dag.py:3036} INFO - Sync 1 DAGs
[2026-02-01T22:37:16.088+0530] {logging_mixin.py:188} INFO - [2026-02-01T22:37:16.088+0530] {dag.py:3823} INFO - Setting next_dagrun for collision_prediction_pipeline to 2026-02-01 06:30:00+00:00, run_after=2026-02-01 12:30:00+00:00
[2026-02-01T22:37:16.109+0530] {processor.py:183} INFO - Processing /opt/airflow/dags/airflow_dag_collision_prediction.py took 0.120 seconds
[2026-02-01T22:37:46.291+0530] {processor.py:161} INFO - Started process (PID=8232) to work on /opt/airflow/dags/airflow_dag_collision_prediction.py
[2026-02-01T22:37:46.294+0530] {processor.py:830} INFO - Processing file /opt/airflow/dags/airflow_dag_collision_prediction.py for tasks to queue
[2026-02-01T22:37:46.295+0530] {logging_mixin.py:188} INFO - [2026-02-01T22:37:46.295+0530] {dagbag.py:538} INFO - Filling up the DagBag from /opt/airflow/dags/airflow_dag_collision_prediction.py
[2026-02-01T22:37:46.321+0530] {processor.py:840} INFO - DAG(s) 'collision_prediction_pipeline' retrieved from /opt/airflow/dags/airflow_dag_collision_prediction.py
[2026-02-01T22:37:46.376+0530] {logging_mixin.py:188} INFO - [2026-02-01T22:37:46.376+0530] {dag.py:3036} INFO - Sync 1 DAGs
[2026-02-01T22:37:46.422+0530] {logging_mixin.py:188} INFO - [2026-02-01T22:37:46.422+0530] {dag.py:3823} INFO - Setting next_dagrun for collision_prediction_pipeline to 2026-02-01 06:30:00+00:00, run_after=2026-02-01 12:30:00+00:00
[2026-02-01T22:37:46.454+0530] {processor.py:183} INFO - Processing /opt/airflow/dags/airflow_dag_collision_prediction.py took 0.169 seconds
[2026-02-01T22:38:16.716+0530] {processor.py:161} INFO - Started process (PID=8252) to work on /opt/airflow/dags/airflow_dag_collision_prediction.py
[2026-02-01T22:38:16.719+0530] {processor.py:830} INFO - Processing file /opt/airflow/dags/airflow_dag_collision_prediction.py for tasks to queue
[2026-02-01T22:38:16.720+0530] {logging_mixin.py:188} INFO - [2026-02-01T22:38:16.719+0530] {dagbag.py:538} INFO - Filling up the DagBag from /opt/airflow/dags/airflow_dag_collision_prediction.py
[2026-02-01T22:38:16.744+0530] {processor.py:840} INFO - DAG(s) 'collision_prediction_pipeline' retrieved from /opt/airflow/dags/airflow_dag_collision_prediction.py
[2026-02-01T22:38:16.788+0530] {logging_mixin.py:188} INFO - [2026-02-01T22:38:16.788+0530] {dag.py:3036} INFO - Sync 1 DAGs
[2026-02-01T22:38:16.828+0530] {logging_mixin.py:188} INFO - [2026-02-01T22:38:16.828+0530] {dag.py:3823} INFO - Setting next_dagrun for collision_prediction_pipeline to 2026-02-01 06:30:00+00:00, run_after=2026-02-01 12:30:00+00:00
[2026-02-01T22:38:16.856+0530] {processor.py:183} INFO - Processing /opt/airflow/dags/airflow_dag_collision_prediction.py took 0.146 seconds
[2026-02-01T22:38:47.076+0530] {processor.py:161} INFO - Started process (PID=8267) to work on /opt/airflow/dags/airflow_dag_collision_prediction.py
[2026-02-01T22:38:47.079+0530] {processor.py:830} INFO - Processing file /opt/airflow/dags/airflow_dag_collision_prediction.py for tasks to queue
[2026-02-01T22:38:47.081+0530] {logging_mixin.py:188} INFO - [2026-02-01T22:38:47.080+0530] {dagbag.py:538} INFO - Filling up the DagBag from /opt/airflow/dags/airflow_dag_collision_prediction.py
[2026-02-01T22:38:47.097+0530] {processor.py:840} INFO - DAG(s) 'collision_prediction_pipeline' retrieved from /opt/airflow/dags/airflow_dag_collision_prediction.py
[2026-02-01T22:38:47.136+0530] {logging_mixin.py:188} INFO - [2026-02-01T22:38:47.135+0530] {dag.py:3036} INFO - Sync 1 DAGs
[2026-02-01T22:38:47.172+0530] {logging_mixin.py:188} INFO - [2026-02-01T22:38:47.171+0530] {dag.py:3823} INFO - Setting next_dagrun for collision_prediction_pipeline to 2026-02-01 06:30:00+00:00, run_after=2026-02-01 12:30:00+00:00
[2026-02-01T22:38:47.196+0530] {processor.py:183} INFO - Processing /opt/airflow/dags/airflow_dag_collision_prediction.py took 0.126 seconds
[2026-02-01T22:39:17.335+0530] {processor.py:161} INFO - Started process (PID=8284) to work on /opt/airflow/dags/airflow_dag_collision_prediction.py
[2026-02-01T22:39:17.336+0530] {processor.py:830} INFO - Processing file /opt/airflow/dags/airflow_dag_collision_prediction.py for tasks to queue
[2026-02-01T22:39:17.337+0530] {logging_mixin.py:188} INFO - [2026-02-01T22:39:17.336+0530] {dagbag.py:538} INFO - Filling up the DagBag from /opt/airflow/dags/airflow_dag_collision_prediction.py
[2026-02-01T22:39:17.355+0530] {processor.py:840} INFO - DAG(s) 'collision_prediction_pipeline' retrieved from /opt/airflow/dags/airflow_dag_collision_prediction.py
[2026-02-01T22:39:17.401+0530] {logging_mixin.py:188} INFO - [2026-02-01T22:39:17.401+0530] {dag.py:3036} INFO - Sync 1 DAGs
[2026-02-01T22:39:17.447+0530] {logging_mixin.py:188} INFO - [2026-02-01T22:39:17.447+0530] {dag.py:3823} INFO - Setting next_dagrun for collision_prediction_pipeline to 2026-02-01 06:30:00+00:00, run_after=2026-02-01 12:30:00+00:00
[2026-02-01T22:39:17.474+0530] {processor.py:183} INFO - Processing /opt/airflow/dags/airflow_dag_collision_prediction.py took 0.143 seconds
[2026-02-01T22:39:47.747+0530] {processor.py:161} INFO - Started process (PID=8299) to work on /opt/airflow/dags/airflow_dag_collision_prediction.py
[2026-02-01T22:39:47.748+0530] {processor.py:830} INFO - Processing file /opt/airflow/dags/airflow_dag_collision_prediction.py for tasks to queue
[2026-02-01T22:39:47.749+0530] {logging_mixin.py:188} INFO - [2026-02-01T22:39:47.748+0530] {dagbag.py:538} INFO - Filling up the DagBag from /opt/airflow/dags/airflow_dag_collision_prediction.py
[2026-02-01T22:39:47.764+0530] {processor.py:840} INFO - DAG(s) 'collision_prediction_pipeline' retrieved from /opt/airflow/dags/airflow_dag_collision_prediction.py
[2026-02-01T22:39:47.801+0530] {logging_mixin.py:188} INFO - [2026-02-01T22:39:47.801+0530] {dag.py:3036} INFO - Sync 1 DAGs
[2026-02-01T22:39:47.845+0530] {logging_mixin.py:188} INFO - [2026-02-01T22:39:47.845+0530] {dag.py:3823} INFO - Setting next_dagrun for collision_prediction_pipeline to 2026-02-01 06:30:00+00:00, run_after=2026-02-01 12:30:00+00:00
[2026-02-01T22:39:47.872+0530] {processor.py:183} INFO - Processing /opt/airflow/dags/airflow_dag_collision_prediction.py took 0.129 seconds
[2026-02-01T22:40:18.051+0530] {processor.py:161} INFO - Started process (PID=8319) to work on /opt/airflow/dags/airflow_dag_collision_prediction.py
[2026-02-01T22:40:18.052+0530] {processor.py:830} INFO - Processing file /opt/airflow/dags/airflow_dag_collision_prediction.py for tasks to queue
[2026-02-01T22:40:18.054+0530] {logging_mixin.py:188} INFO - [2026-02-01T22:40:18.053+0530] {dagbag.py:538} INFO - Filling up the DagBag from /opt/airflow/dags/airflow_dag_collision_prediction.py
[2026-02-01T22:40:18.077+0530] {processor.py:840} INFO - DAG(s) 'collision_prediction_pipeline' retrieved from /opt/airflow/dags/airflow_dag_collision_prediction.py
[2026-02-01T22:40:18.128+0530] {logging_mixin.py:188} INFO - [2026-02-01T22:40:18.128+0530] {dag.py:3036} INFO - Sync 1 DAGs
[2026-02-01T22:40:18.166+0530] {logging_mixin.py:188} INFO - [2026-02-01T22:40:18.166+0530] {dag.py:3823} INFO - Setting next_dagrun for collision_prediction_pipeline to 2026-02-01 06:30:00+00:00, run_after=2026-02-01 12:30:00+00:00
[2026-02-01T22:40:18.185+0530] {processor.py:183} INFO - Processing /opt/airflow/dags/airflow_dag_collision_prediction.py took 0.140 seconds
[2026-02-01T22:40:48.360+0530] {processor.py:161} INFO - Started process (PID=8334) to work on /opt/airflow/dags/airflow_dag_collision_prediction.py
[2026-02-01T22:40:48.362+0530] {processor.py:830} INFO - Processing file /opt/airflow/dags/airflow_dag_collision_prediction.py for tasks to queue
[2026-02-01T22:40:48.363+0530] {logging_mixin.py:188} INFO - [2026-02-01T22:40:48.363+0530] {dagbag.py:538} INFO - Filling up the DagBag from /opt/airflow/dags/airflow_dag_collision_prediction.py
[2026-02-01T22:40:48.378+0530] {processor.py:840} INFO - DAG(s) 'collision_prediction_pipeline' retrieved from /opt/airflow/dags/airflow_dag_collision_prediction.py
[2026-02-01T22:40:48.416+0530] {logging_mixin.py:188} INFO - [2026-02-01T22:40:48.416+0530] {dag.py:3036} INFO - Sync 1 DAGs
[2026-02-01T22:40:48.457+0530] {logging_mixin.py:188} INFO - [2026-02-01T22:40:48.456+0530] {dag.py:3823} INFO - Setting next_dagrun for collision_prediction_pipeline to 2026-02-01 06:30:00+00:00, run_after=2026-02-01 12:30:00+00:00
[2026-02-01T22:40:48.480+0530] {processor.py:183} INFO - Processing /opt/airflow/dags/airflow_dag_collision_prediction.py took 0.123 seconds
[2026-02-01T22:41:18.820+0530] {processor.py:161} INFO - Started process (PID=8351) to work on /opt/airflow/dags/airflow_dag_collision_prediction.py
[2026-02-01T22:41:18.822+0530] {processor.py:830} INFO - Processing file /opt/airflow/dags/airflow_dag_collision_prediction.py for tasks to queue
[2026-02-01T22:41:18.823+0530] {logging_mixin.py:188} INFO - [2026-02-01T22:41:18.823+0530] {dagbag.py:538} INFO - Filling up the DagBag from /opt/airflow/dags/airflow_dag_collision_prediction.py
[2026-02-01T22:41:18.838+0530] {processor.py:840} INFO - DAG(s) 'collision_prediction_pipeline' retrieved from /opt/airflow/dags/airflow_dag_collision_prediction.py
[2026-02-01T22:41:18.886+0530] {logging_mixin.py:188} INFO - [2026-02-01T22:41:18.886+0530] {dag.py:3036} INFO - Sync 1 DAGs
[2026-02-01T22:41:18.922+0530] {logging_mixin.py:188} INFO - [2026-02-01T22:41:18.921+0530] {dag.py:3823} INFO - Setting next_dagrun for collision_prediction_pipeline to 2026-02-01 06:30:00+00:00, run_after=2026-02-01 12:30:00+00:00
[2026-02-01T22:41:18.940+0530] {processor.py:183} INFO - Processing /opt/airflow/dags/airflow_dag_collision_prediction.py took 0.124 seconds
[2026-02-01T22:41:49.108+0530] {processor.py:161} INFO - Started process (PID=8366) to work on /opt/airflow/dags/airflow_dag_collision_prediction.py
[2026-02-01T22:41:49.111+0530] {processor.py:830} INFO - Processing file /opt/airflow/dags/airflow_dag_collision_prediction.py for tasks to queue
[2026-02-01T22:41:49.113+0530] {logging_mixin.py:188} INFO - [2026-02-01T22:41:49.112+0530] {dagbag.py:538} INFO - Filling up the DagBag from /opt/airflow/dags/airflow_dag_collision_prediction.py
[2026-02-01T22:41:49.138+0530] {processor.py:840} INFO - DAG(s) 'collision_prediction_pipeline' retrieved from /opt/airflow/dags/airflow_dag_collision_prediction.py
[2026-02-01T22:41:49.176+0530] {logging_mixin.py:188} INFO - [2026-02-01T22:41:49.176+0530] {dag.py:3036} INFO - Sync 1 DAGs
[2026-02-01T22:41:49.205+0530] {logging_mixin.py:188} INFO - [2026-02-01T22:41:49.204+0530] {dag.py:3823} INFO - Setting next_dagrun for collision_prediction_pipeline to 2026-02-01 06:30:00+00:00, run_after=2026-02-01 12:30:00+00:00
[2026-02-01T22:41:49.223+0530] {processor.py:183} INFO - Processing /opt/airflow/dags/airflow_dag_collision_prediction.py took 0.120 seconds
[2026-02-01T22:42:19.442+0530] {processor.py:161} INFO - Started process (PID=8386) to work on /opt/airflow/dags/airflow_dag_collision_prediction.py
[2026-02-01T22:42:19.445+0530] {processor.py:830} INFO - Processing file /opt/airflow/dags/airflow_dag_collision_prediction.py for tasks to queue
[2026-02-01T22:42:19.447+0530] {logging_mixin.py:188} INFO - [2026-02-01T22:42:19.446+0530] {dagbag.py:538} INFO - Filling up the DagBag from /opt/airflow/dags/airflow_dag_collision_prediction.py
[2026-02-01T22:42:19.471+0530] {processor.py:840} INFO - DAG(s) 'collision_prediction_pipeline' retrieved from /opt/airflow/dags/airflow_dag_collision_prediction.py
[2026-02-01T22:42:19.519+0530] {logging_mixin.py:188} INFO - [2026-02-01T22:42:19.518+0530] {dag.py:3036} INFO - Sync 1 DAGs
[2026-02-01T22:42:19.554+0530] {logging_mixin.py:188} INFO - [2026-02-01T22:42:19.554+0530] {dag.py:3823} INFO - Setting next_dagrun for collision_prediction_pipeline to 2026-02-01 06:30:00+00:00, run_after=2026-02-01 12:30:00+00:00
[2026-02-01T22:42:19.582+0530] {processor.py:183} INFO - Processing /opt/airflow/dags/airflow_dag_collision_prediction.py took 0.145 seconds
[2026-02-01T22:42:49.769+0530] {processor.py:161} INFO - Started process (PID=8403) to work on /opt/airflow/dags/airflow_dag_collision_prediction.py
[2026-02-01T22:42:49.771+0530] {processor.py:830} INFO - Processing file /opt/airflow/dags/airflow_dag_collision_prediction.py for tasks to queue
[2026-02-01T22:42:49.772+0530] {logging_mixin.py:188} INFO - [2026-02-01T22:42:49.772+0530] {dagbag.py:538} INFO - Filling up the DagBag from /opt/airflow/dags/airflow_dag_collision_prediction.py
[2026-02-01T22:42:49.787+0530] {processor.py:840} INFO - DAG(s) 'collision_prediction_pipeline' retrieved from /opt/airflow/dags/airflow_dag_collision_prediction.py
[2026-02-01T22:42:49.833+0530] {logging_mixin.py:188} INFO - [2026-02-01T22:42:49.833+0530] {dag.py:3036} INFO - Sync 1 DAGs
[2026-02-01T22:42:49.881+0530] {logging_mixin.py:188} INFO - [2026-02-01T22:42:49.881+0530] {dag.py:3823} INFO - Setting next_dagrun for collision_prediction_pipeline to 2026-02-01 06:30:00+00:00, run_after=2026-02-01 12:30:00+00:00
[2026-02-01T22:42:49.910+0530] {processor.py:183} INFO - Processing /opt/airflow/dags/airflow_dag_collision_prediction.py took 0.145 seconds
[2026-02-01T22:43:20.029+0530] {processor.py:161} INFO - Started process (PID=8418) to work on /opt/airflow/dags/airflow_dag_collision_prediction.py
[2026-02-01T22:43:20.032+0530] {processor.py:830} INFO - Processing file /opt/airflow/dags/airflow_dag_collision_prediction.py for tasks to queue
[2026-02-01T22:43:20.033+0530] {logging_mixin.py:188} INFO - [2026-02-01T22:43:20.032+0530] {dagbag.py:538} INFO - Filling up the DagBag from /opt/airflow/dags/airflow_dag_collision_prediction.py
[2026-02-01T22:43:20.055+0530] {processor.py:840} INFO - DAG(s) 'collision_prediction_pipeline' retrieved from /opt/airflow/dags/airflow_dag_collision_prediction.py
[2026-02-01T22:43:20.100+0530] {logging_mixin.py:188} INFO - [2026-02-01T22:43:20.099+0530] {dag.py:3036} INFO - Sync 1 DAGs
[2026-02-01T22:43:20.134+0530] {logging_mixin.py:188} INFO - [2026-02-01T22:43:20.133+0530] {dag.py:3823} INFO - Setting next_dagrun for collision_prediction_pipeline to 2026-02-01 06:30:00+00:00, run_after=2026-02-01 12:30:00+00:00
[2026-02-01T22:43:20.159+0530] {processor.py:183} INFO - Processing /opt/airflow/dags/airflow_dag_collision_prediction.py took 0.135 seconds
[2026-02-01T22:43:50.325+0530] {processor.py:161} INFO - Started process (PID=8433) to work on /opt/airflow/dags/airflow_dag_collision_prediction.py
[2026-02-01T22:43:50.328+0530] {processor.py:830} INFO - Processing file /opt/airflow/dags/airflow_dag_collision_prediction.py for tasks to queue
[2026-02-01T22:43:50.329+0530] {logging_mixin.py:188} INFO - [2026-02-01T22:43:50.328+0530] {dagbag.py:538} INFO - Filling up the DagBag from /opt/airflow/dags/airflow_dag_collision_prediction.py
[2026-02-01T22:43:50.346+0530] {processor.py:840} INFO - DAG(s) 'collision_prediction_pipeline' retrieved from /opt/airflow/dags/airflow_dag_collision_prediction.py
[2026-02-01T22:43:50.384+0530] {logging_mixin.py:188} INFO - [2026-02-01T22:43:50.383+0530] {dag.py:3036} INFO - Sync 1 DAGs
[2026-02-01T22:43:50.427+0530] {logging_mixin.py:188} INFO - [2026-02-01T22:43:50.427+0530] {dag.py:3823} INFO - Setting next_dagrun for collision_prediction_pipeline to 2026-02-01 06:30:00+00:00, run_after=2026-02-01 12:30:00+00:00
[2026-02-01T22:43:50.448+0530] {processor.py:183} INFO - Processing /opt/airflow/dags/airflow_dag_collision_prediction.py took 0.126 seconds
[2026-02-01T22:44:20.616+0530] {processor.py:161} INFO - Started process (PID=8453) to work on /opt/airflow/dags/airflow_dag_collision_prediction.py
[2026-02-01T22:44:20.618+0530] {processor.py:830} INFO - Processing file /opt/airflow/dags/airflow_dag_collision_prediction.py for tasks to queue
[2026-02-01T22:44:20.619+0530] {logging_mixin.py:188} INFO - [2026-02-01T22:44:20.619+0530] {dagbag.py:538} INFO - Filling up the DagBag from /opt/airflow/dags/airflow_dag_collision_prediction.py
[2026-02-01T22:44:20.634+0530] {processor.py:840} INFO - DAG(s) 'collision_prediction_pipeline' retrieved from /opt/airflow/dags/airflow_dag_collision_prediction.py
[2026-02-01T22:44:20.681+0530] {logging_mixin.py:188} INFO - [2026-02-01T22:44:20.680+0530] {dag.py:3036} INFO - Sync 1 DAGs
[2026-02-01T22:44:20.723+0530] {logging_mixin.py:188} INFO - [2026-02-01T22:44:20.723+0530] {dag.py:3823} INFO - Setting next_dagrun for collision_prediction_pipeline to 2026-02-01 06:30:00+00:00, run_after=2026-02-01 12:30:00+00:00
[2026-02-01T22:44:20.749+0530] {processor.py:183} INFO - Processing /opt/airflow/dags/airflow_dag_collision_prediction.py took 0.137 seconds
[2026-02-01T22:44:50.925+0530] {processor.py:161} INFO - Started process (PID=8468) to work on /opt/airflow/dags/airflow_dag_collision_prediction.py
[2026-02-01T22:44:50.927+0530] {processor.py:830} INFO - Processing file /opt/airflow/dags/airflow_dag_collision_prediction.py for tasks to queue
[2026-02-01T22:44:50.928+0530] {logging_mixin.py:188} INFO - [2026-02-01T22:44:50.928+0530] {dagbag.py:538} INFO - Filling up the DagBag from /opt/airflow/dags/airflow_dag_collision_prediction.py
[2026-02-01T22:44:50.953+0530] {processor.py:840} INFO - DAG(s) 'collision_prediction_pipeline' retrieved from /opt/airflow/dags/airflow_dag_collision_prediction.py
[2026-02-01T22:44:50.990+0530] {logging_mixin.py:188} INFO - [2026-02-01T22:44:50.989+0530] {dag.py:3036} INFO - Sync 1 DAGs
[2026-02-01T22:44:51.033+0530] {logging_mixin.py:188} INFO - [2026-02-01T22:44:51.033+0530] {dag.py:3823} INFO - Setting next_dagrun for collision_prediction_pipeline to 2026-02-01 06:30:00+00:00, run_after=2026-02-01 12:30:00+00:00
[2026-02-01T22:44:51.064+0530] {processor.py:183} INFO - Processing /opt/airflow/dags/airflow_dag_collision_prediction.py took 0.145 seconds
[2026-02-01T22:45:21.349+0530] {processor.py:161} INFO - Started process (PID=8483) to work on /opt/airflow/dags/airflow_dag_collision_prediction.py
[2026-02-01T22:45:21.351+0530] {processor.py:830} INFO - Processing file /opt/airflow/dags/airflow_dag_collision_prediction.py for tasks to queue
[2026-02-01T22:45:21.352+0530] {logging_mixin.py:188} INFO - [2026-02-01T22:45:21.352+0530] {dagbag.py:538} INFO - Filling up the DagBag from /opt/airflow/dags/airflow_dag_collision_prediction.py
[2026-02-01T22:45:21.375+0530] {processor.py:840} INFO - DAG(s) 'collision_prediction_pipeline' retrieved from /opt/airflow/dags/airflow_dag_collision_prediction.py
[2026-02-01T22:45:21.418+0530] {logging_mixin.py:188} INFO - [2026-02-01T22:45:21.418+0530] {dag.py:3036} INFO - Sync 1 DAGs
[2026-02-01T22:45:21.461+0530] {logging_mixin.py:188} INFO - [2026-02-01T22:45:21.461+0530] {dag.py:3823} INFO - Setting next_dagrun for collision_prediction_pipeline to 2026-02-01 06:30:00+00:00, run_after=2026-02-01 12:30:00+00:00
[2026-02-01T22:45:21.484+0530] {processor.py:183} INFO - Processing /opt/airflow/dags/airflow_dag_collision_prediction.py took 0.139 seconds
[2026-02-01T22:45:51.719+0530] {processor.py:161} INFO - Started process (PID=8498) to work on /opt/airflow/dags/airflow_dag_collision_prediction.py
[2026-02-01T22:45:51.721+0530] {processor.py:830} INFO - Processing file /opt/airflow/dags/airflow_dag_collision_prediction.py for tasks to queue
[2026-02-01T22:45:51.723+0530] {logging_mixin.py:188} INFO - [2026-02-01T22:45:51.722+0530] {dagbag.py:538} INFO - Filling up the DagBag from /opt/airflow/dags/airflow_dag_collision_prediction.py
[2026-02-01T22:45:51.745+0530] {processor.py:840} INFO - DAG(s) 'collision_prediction_pipeline' retrieved from /opt/airflow/dags/airflow_dag_collision_prediction.py
[2026-02-01T22:45:51.778+0530] {logging_mixin.py:188} INFO - [2026-02-01T22:45:51.778+0530] {dag.py:3036} INFO - Sync 1 DAGs
[2026-02-01T22:45:51.807+0530] {logging_mixin.py:188} INFO - [2026-02-01T22:45:51.807+0530] {dag.py:3823} INFO - Setting next_dagrun for collision_prediction_pipeline to 2026-02-01 06:30:00+00:00, run_after=2026-02-01 12:30:00+00:00
[2026-02-01T22:45:51.826+0530] {processor.py:183} INFO - Processing /opt/airflow/dags/airflow_dag_collision_prediction.py took 0.112 seconds
[2026-02-01T22:46:22.074+0530] {processor.py:161} INFO - Started process (PID=8513) to work on /opt/airflow/dags/airflow_dag_collision_prediction.py
[2026-02-01T22:46:22.077+0530] {processor.py:830} INFO - Processing file /opt/airflow/dags/airflow_dag_collision_prediction.py for tasks to queue
[2026-02-01T22:46:22.078+0530] {logging_mixin.py:188} INFO - [2026-02-01T22:46:22.077+0530] {dagbag.py:538} INFO - Filling up the DagBag from /opt/airflow/dags/airflow_dag_collision_prediction.py
[2026-02-01T22:46:22.101+0530] {processor.py:840} INFO - DAG(s) 'collision_prediction_pipeline' retrieved from /opt/airflow/dags/airflow_dag_collision_prediction.py
[2026-02-01T22:46:22.141+0530] {logging_mixin.py:188} INFO - [2026-02-01T22:46:22.140+0530] {dag.py:3036} INFO - Sync 1 DAGs
[2026-02-01T22:46:22.186+0530] {logging_mixin.py:188} INFO - [2026-02-01T22:46:22.186+0530] {dag.py:3823} INFO - Setting next_dagrun for collision_prediction_pipeline to 2026-02-01 06:30:00+00:00, run_after=2026-02-01 12:30:00+00:00
[2026-02-01T22:46:22.215+0530] {processor.py:183} INFO - Processing /opt/airflow/dags/airflow_dag_collision_prediction.py took 0.147 seconds
[2026-02-01T22:46:52.370+0530] {processor.py:161} INFO - Started process (PID=8528) to work on /opt/airflow/dags/airflow_dag_collision_prediction.py
[2026-02-01T22:46:52.372+0530] {processor.py:830} INFO - Processing file /opt/airflow/dags/airflow_dag_collision_prediction.py for tasks to queue
[2026-02-01T22:46:52.373+0530] {logging_mixin.py:188} INFO - [2026-02-01T22:46:52.372+0530] {dagbag.py:538} INFO - Filling up the DagBag from /opt/airflow/dags/airflow_dag_collision_prediction.py
[2026-02-01T22:46:52.396+0530] {processor.py:840} INFO - DAG(s) 'collision_prediction_pipeline' retrieved from /opt/airflow/dags/airflow_dag_collision_prediction.py
[2026-02-01T22:46:52.443+0530] {logging_mixin.py:188} INFO - [2026-02-01T22:46:52.443+0530] {dag.py:3036} INFO - Sync 1 DAGs
[2026-02-01T22:46:52.484+0530] {logging_mixin.py:188} INFO - [2026-02-01T22:46:52.484+0530] {dag.py:3823} INFO - Setting next_dagrun for collision_prediction_pipeline to 2026-02-01 06:30:00+00:00, run_after=2026-02-01 12:30:00+00:00
[2026-02-01T22:46:52.513+0530] {processor.py:183} INFO - Processing /opt/airflow/dags/airflow_dag_collision_prediction.py took 0.149 seconds
[2026-02-01T22:47:22.656+0530] {processor.py:161} INFO - Started process (PID=8543) to work on /opt/airflow/dags/airflow_dag_collision_prediction.py
[2026-02-01T22:47:22.659+0530] {processor.py:830} INFO - Processing file /opt/airflow/dags/airflow_dag_collision_prediction.py for tasks to queue
[2026-02-01T22:47:22.660+0530] {logging_mixin.py:188} INFO - [2026-02-01T22:47:22.659+0530] {dagbag.py:538} INFO - Filling up the DagBag from /opt/airflow/dags/airflow_dag_collision_prediction.py
[2026-02-01T22:47:22.675+0530] {processor.py:840} INFO - DAG(s) 'collision_prediction_pipeline' retrieved from /opt/airflow/dags/airflow_dag_collision_prediction.py
[2026-02-01T22:47:22.727+0530] {logging_mixin.py:188} INFO - [2026-02-01T22:47:22.726+0530] {dag.py:3036} INFO - Sync 1 DAGs
[2026-02-01T22:47:22.773+0530] {logging_mixin.py:188} INFO - [2026-02-01T22:47:22.772+0530] {dag.py:3823} INFO - Setting next_dagrun for collision_prediction_pipeline to 2026-02-01 06:30:00+00:00, run_after=2026-02-01 12:30:00+00:00
[2026-02-01T22:47:22.792+0530] {processor.py:183} INFO - Processing /opt/airflow/dags/airflow_dag_collision_prediction.py took 0.140 seconds
[2026-02-01T22:47:52.957+0530] {processor.py:161} INFO - Started process (PID=8558) to work on /opt/airflow/dags/airflow_dag_collision_prediction.py
[2026-02-01T22:47:52.959+0530] {processor.py:830} INFO - Processing file /opt/airflow/dags/airflow_dag_collision_prediction.py for tasks to queue
[2026-02-01T22:47:52.960+0530] {logging_mixin.py:188} INFO - [2026-02-01T22:47:52.960+0530] {dagbag.py:538} INFO - Filling up the DagBag from /opt/airflow/dags/airflow_dag_collision_prediction.py
[2026-02-01T22:47:52.976+0530] {processor.py:840} INFO - DAG(s) 'collision_prediction_pipeline' retrieved from /opt/airflow/dags/airflow_dag_collision_prediction.py
[2026-02-01T22:47:53.009+0530] {logging_mixin.py:188} INFO - [2026-02-01T22:47:53.009+0530] {dag.py:3036} INFO - Sync 1 DAGs
[2026-02-01T22:47:53.037+0530] {logging_mixin.py:188} INFO - [2026-02-01T22:47:53.036+0530] {dag.py:3823} INFO - Setting next_dagrun for collision_prediction_pipeline to 2026-02-01 06:30:00+00:00, run_after=2026-02-01 12:30:00+00:00
[2026-02-01T22:47:53.055+0530] {processor.py:183} INFO - Processing /opt/airflow/dags/airflow_dag_collision_prediction.py took 0.104 seconds
[2026-02-01T22:48:23.235+0530] {processor.py:161} INFO - Started process (PID=8573) to work on /opt/airflow/dags/airflow_dag_collision_prediction.py
[2026-02-01T22:48:23.237+0530] {processor.py:830} INFO - Processing file /opt/airflow/dags/airflow_dag_collision_prediction.py for tasks to queue
[2026-02-01T22:48:23.238+0530] {logging_mixin.py:188} INFO - [2026-02-01T22:48:23.238+0530] {dagbag.py:538} INFO - Filling up the DagBag from /opt/airflow/dags/airflow_dag_collision_prediction.py
[2026-02-01T22:48:23.253+0530] {processor.py:840} INFO - DAG(s) 'collision_prediction_pipeline' retrieved from /opt/airflow/dags/airflow_dag_collision_prediction.py
[2026-02-01T22:48:23.288+0530] {logging_mixin.py:188} INFO - [2026-02-01T22:48:23.288+0530] {dag.py:3036} INFO - Sync 1 DAGs
[2026-02-01T22:48:23.318+0530] {logging_mixin.py:188} INFO - [2026-02-01T22:48:23.318+0530] {dag.py:3823} INFO - Setting next_dagrun for collision_prediction_pipeline to 2026-02-01 06:30:00+00:00, run_after=2026-02-01 12:30:00+00:00
[2026-02-01T22:48:23.336+0530] {processor.py:183} INFO - Processing /opt/airflow/dags/airflow_dag_collision_prediction.py took 0.105 seconds
[2026-02-01T22:48:53.491+0530] {processor.py:161} INFO - Started process (PID=8588) to work on /opt/airflow/dags/airflow_dag_collision_prediction.py
[2026-02-01T22:48:53.494+0530] {processor.py:830} INFO - Processing file /opt/airflow/dags/airflow_dag_collision_prediction.py for tasks to queue
[2026-02-01T22:48:53.494+0530] {logging_mixin.py:188} INFO - [2026-02-01T22:48:53.494+0530] {dagbag.py:538} INFO - Filling up the DagBag from /opt/airflow/dags/airflow_dag_collision_prediction.py
[2026-02-01T22:48:53.510+0530] {processor.py:840} INFO - DAG(s) 'collision_prediction_pipeline' retrieved from /opt/airflow/dags/airflow_dag_collision_prediction.py
[2026-02-01T22:48:53.543+0530] {logging_mixin.py:188} INFO - [2026-02-01T22:48:53.542+0530] {dag.py:3036} INFO - Sync 1 DAGs
[2026-02-01T22:48:53.577+0530] {logging_mixin.py:188} INFO - [2026-02-01T22:48:53.576+0530] {dag.py:3823} INFO - Setting next_dagrun for collision_prediction_pipeline to 2026-02-01 06:30:00+00:00, run_after=2026-02-01 12:30:00+00:00
[2026-02-01T22:48:53.598+0530] {processor.py:183} INFO - Processing /opt/airflow/dags/airflow_dag_collision_prediction.py took 0.111 seconds
[2026-02-01T22:49:23.763+0530] {processor.py:161} INFO - Started process (PID=8603) to work on /opt/airflow/dags/airflow_dag_collision_prediction.py
[2026-02-01T22:49:23.766+0530] {processor.py:830} INFO - Processing file /opt/airflow/dags/airflow_dag_collision_prediction.py for tasks to queue
[2026-02-01T22:49:23.768+0530] {logging_mixin.py:188} INFO - [2026-02-01T22:49:23.767+0530] {dagbag.py:538} INFO - Filling up the DagBag from /opt/airflow/dags/airflow_dag_collision_prediction.py
[2026-02-01T22:49:23.792+0530] {processor.py:840} INFO - DAG(s) 'collision_prediction_pipeline' retrieved from /opt/airflow/dags/airflow_dag_collision_prediction.py
[2026-02-01T22:49:23.845+0530] {logging_mixin.py:188} INFO - [2026-02-01T22:49:23.845+0530] {dag.py:3036} INFO - Sync 1 DAGs
[2026-02-01T22:49:23.890+0530] {logging_mixin.py:188} INFO - [2026-02-01T22:49:23.890+0530] {dag.py:3823} INFO - Setting next_dagrun for collision_prediction_pipeline to 2026-02-01 06:30:00+00:00, run_after=2026-02-01 12:30:00+00:00
[2026-02-01T22:49:23.919+0530] {processor.py:183} INFO - Processing /opt/airflow/dags/airflow_dag_collision_prediction.py took 0.162 seconds
[2026-02-01T22:49:54.205+0530] {processor.py:161} INFO - Started process (PID=8618) to work on /opt/airflow/dags/airflow_dag_collision_prediction.py
[2026-02-01T22:49:54.207+0530] {processor.py:830} INFO - Processing file /opt/airflow/dags/airflow_dag_collision_prediction.py for tasks to queue
[2026-02-01T22:49:54.209+0530] {logging_mixin.py:188} INFO - [2026-02-01T22:49:54.208+0530] {dagbag.py:538} INFO - Filling up the DagBag from /opt/airflow/dags/airflow_dag_collision_prediction.py
[2026-02-01T22:49:54.233+0530] {processor.py:840} INFO - DAG(s) 'collision_prediction_pipeline' retrieved from /opt/airflow/dags/airflow_dag_collision_prediction.py
[2026-02-01T22:49:54.283+0530] {logging_mixin.py:188} INFO - [2026-02-01T22:49:54.282+0530] {dag.py:3036} INFO - Sync 1 DAGs
[2026-02-01T22:49:54.327+0530] {logging_mixin.py:188} INFO - [2026-02-01T22:49:54.327+0530] {dag.py:3823} INFO - Setting next_dagrun for collision_prediction_pipeline to 2026-02-01 06:30:00+00:00, run_after=2026-02-01 12:30:00+00:00
[2026-02-01T22:49:54.357+0530] {processor.py:183} INFO - Processing /opt/airflow/dags/airflow_dag_collision_prediction.py took 0.158 seconds
[2026-02-01T22:50:24.567+0530] {processor.py:161} INFO - Started process (PID=8633) to work on /opt/airflow/dags/airflow_dag_collision_prediction.py
[2026-02-01T22:50:24.570+0530] {processor.py:830} INFO - Processing file /opt/airflow/dags/airflow_dag_collision_prediction.py for tasks to queue
[2026-02-01T22:50:24.571+0530] {logging_mixin.py:188} INFO - [2026-02-01T22:50:24.571+0530] {dagbag.py:538} INFO - Filling up the DagBag from /opt/airflow/dags/airflow_dag_collision_prediction.py
[2026-02-01T22:50:24.595+0530] {processor.py:840} INFO - DAG(s) 'collision_prediction_pipeline' retrieved from /opt/airflow/dags/airflow_dag_collision_prediction.py
[2026-02-01T22:50:24.640+0530] {logging_mixin.py:188} INFO - [2026-02-01T22:50:24.640+0530] {dag.py:3036} INFO - Sync 1 DAGs
[2026-02-01T22:50:24.674+0530] {logging_mixin.py:188} INFO - [2026-02-01T22:50:24.674+0530] {dag.py:3823} INFO - Setting next_dagrun for collision_prediction_pipeline to 2026-02-01 06:30:00+00:00, run_after=2026-02-01 12:30:00+00:00
[2026-02-01T22:50:24.693+0530] {processor.py:183} INFO - Processing /opt/airflow/dags/airflow_dag_collision_prediction.py took 0.130 seconds
[2026-02-01T22:50:54.888+0530] {processor.py:161} INFO - Started process (PID=8648) to work on /opt/airflow/dags/airflow_dag_collision_prediction.py
[2026-02-01T22:50:54.891+0530] {processor.py:830} INFO - Processing file /opt/airflow/dags/airflow_dag_collision_prediction.py for tasks to queue
[2026-02-01T22:50:54.892+0530] {logging_mixin.py:188} INFO - [2026-02-01T22:50:54.892+0530] {dagbag.py:538} INFO - Filling up the DagBag from /opt/airflow/dags/airflow_dag_collision_prediction.py
[2026-02-01T22:50:54.917+0530] {processor.py:840} INFO - DAG(s) 'collision_prediction_pipeline' retrieved from /opt/airflow/dags/airflow_dag_collision_prediction.py
[2026-02-01T22:50:54.964+0530] {logging_mixin.py:188} INFO - [2026-02-01T22:50:54.964+0530] {dag.py:3036} INFO - Sync 1 DAGs
[2026-02-01T22:50:55.006+0530] {logging_mixin.py:188} INFO - [2026-02-01T22:50:55.006+0530] {dag.py:3823} INFO - Setting next_dagrun for collision_prediction_pipeline to 2026-02-01 06:30:00+00:00, run_after=2026-02-01 12:30:00+00:00
[2026-02-01T22:50:55.039+0530] {processor.py:183} INFO - Processing /opt/airflow/dags/airflow_dag_collision_prediction.py took 0.156 seconds
[2026-02-01T22:51:25.291+0530] {processor.py:161} INFO - Started process (PID=8663) to work on /opt/airflow/dags/airflow_dag_collision_prediction.py
[2026-02-01T22:51:25.293+0530] {processor.py:830} INFO - Processing file /opt/airflow/dags/airflow_dag_collision_prediction.py for tasks to queue
[2026-02-01T22:51:25.294+0530] {logging_mixin.py:188} INFO - [2026-02-01T22:51:25.293+0530] {dagbag.py:538} INFO - Filling up the DagBag from /opt/airflow/dags/airflow_dag_collision_prediction.py
[2026-02-01T22:51:25.309+0530] {processor.py:840} INFO - DAG(s) 'collision_prediction_pipeline' retrieved from /opt/airflow/dags/airflow_dag_collision_prediction.py
[2026-02-01T22:51:25.350+0530] {logging_mixin.py:188} INFO - [2026-02-01T22:51:25.349+0530] {dag.py:3036} INFO - Sync 1 DAGs
[2026-02-01T22:51:25.395+0530] {logging_mixin.py:188} INFO - [2026-02-01T22:51:25.395+0530] {dag.py:3823} INFO - Setting next_dagrun for collision_prediction_pipeline to 2026-02-01 06:30:00+00:00, run_after=2026-02-01 12:30:00+00:00
[2026-02-01T22:51:25.422+0530] {processor.py:183} INFO - Processing /opt/airflow/dags/airflow_dag_collision_prediction.py took 0.134 seconds
[2026-02-01T22:51:55.643+0530] {processor.py:161} INFO - Started process (PID=8678) to work on /opt/airflow/dags/airflow_dag_collision_prediction.py
[2026-02-01T22:51:55.646+0530] {processor.py:830} INFO - Processing file /opt/airflow/dags/airflow_dag_collision_prediction.py for tasks to queue
[2026-02-01T22:51:55.648+0530] {logging_mixin.py:188} INFO - [2026-02-01T22:51:55.647+0530] {dagbag.py:538} INFO - Filling up the DagBag from /opt/airflow/dags/airflow_dag_collision_prediction.py
[2026-02-01T22:51:55.672+0530] {processor.py:840} INFO - DAG(s) 'collision_prediction_pipeline' retrieved from /opt/airflow/dags/airflow_dag_collision_prediction.py
[2026-02-01T22:51:55.724+0530] {logging_mixin.py:188} INFO - [2026-02-01T22:51:55.724+0530] {dag.py:3036} INFO - Sync 1 DAGs
[2026-02-01T22:51:55.762+0530] {logging_mixin.py:188} INFO - [2026-02-01T22:51:55.762+0530] {dag.py:3823} INFO - Setting next_dagrun for collision_prediction_pipeline to 2026-02-01 06:30:00+00:00, run_after=2026-02-01 12:30:00+00:00
[2026-02-01T22:51:55.784+0530] {processor.py:183} INFO - Processing /opt/airflow/dags/airflow_dag_collision_prediction.py took 0.146 seconds
[2026-02-01T22:52:26.058+0530] {processor.py:161} INFO - Started process (PID=8693) to work on /opt/airflow/dags/airflow_dag_collision_prediction.py
[2026-02-01T22:52:26.059+0530] {processor.py:830} INFO - Processing file /opt/airflow/dags/airflow_dag_collision_prediction.py for tasks to queue
[2026-02-01T22:52:26.060+0530] {logging_mixin.py:188} INFO - [2026-02-01T22:52:26.060+0530] {dagbag.py:538} INFO - Filling up the DagBag from /opt/airflow/dags/airflow_dag_collision_prediction.py
[2026-02-01T22:52:26.075+0530] {processor.py:840} INFO - DAG(s) 'collision_prediction_pipeline' retrieved from /opt/airflow/dags/airflow_dag_collision_prediction.py
[2026-02-01T22:52:26.111+0530] {logging_mixin.py:188} INFO - [2026-02-01T22:52:26.111+0530] {dag.py:3036} INFO - Sync 1 DAGs
[2026-02-01T22:52:26.140+0530] {logging_mixin.py:188} INFO - [2026-02-01T22:52:26.140+0530] {dag.py:3823} INFO - Setting next_dagrun for collision_prediction_pipeline to 2026-02-01 06:30:00+00:00, run_after=2026-02-01 12:30:00+00:00
[2026-02-01T22:52:26.159+0530] {processor.py:183} INFO - Processing /opt/airflow/dags/airflow_dag_collision_prediction.py took 0.104 seconds
[2026-02-01T22:52:56.372+0530] {processor.py:161} INFO - Started process (PID=8708) to work on /opt/airflow/dags/airflow_dag_collision_prediction.py
[2026-02-01T22:52:56.375+0530] {processor.py:830} INFO - Processing file /opt/airflow/dags/airflow_dag_collision_prediction.py for tasks to queue
[2026-02-01T22:52:56.377+0530] {logging_mixin.py:188} INFO - [2026-02-01T22:52:56.376+0530] {dagbag.py:538} INFO - Filling up the DagBag from /opt/airflow/dags/airflow_dag_collision_prediction.py
[2026-02-01T22:52:56.401+0530] {processor.py:840} INFO - DAG(s) 'collision_prediction_pipeline' retrieved from /opt/airflow/dags/airflow_dag_collision_prediction.py
[2026-02-01T22:52:56.457+0530] {logging_mixin.py:188} INFO - [2026-02-01T22:52:56.456+0530] {dag.py:3036} INFO - Sync 1 DAGs
[2026-02-01T22:52:56.496+0530] {logging_mixin.py:188} INFO - [2026-02-01T22:52:56.496+0530] {dag.py:3823} INFO - Setting next_dagrun for collision_prediction_pipeline to 2026-02-01 06:30:00+00:00, run_after=2026-02-01 12:30:00+00:00
[2026-02-01T22:52:56.526+0530] {processor.py:183} INFO - Processing /opt/airflow/dags/airflow_dag_collision_prediction.py took 0.159 seconds
[2026-02-01T22:53:26.781+0530] {processor.py:161} INFO - Started process (PID=8723) to work on /opt/airflow/dags/airflow_dag_collision_prediction.py
[2026-02-01T22:53:26.782+0530] {processor.py:830} INFO - Processing file /opt/airflow/dags/airflow_dag_collision_prediction.py for tasks to queue
[2026-02-01T22:53:26.783+0530] {logging_mixin.py:188} INFO - [2026-02-01T22:53:26.783+0530] {dagbag.py:538} INFO - Filling up the DagBag from /opt/airflow/dags/airflow_dag_collision_prediction.py
[2026-02-01T22:53:26.798+0530] {processor.py:840} INFO - DAG(s) 'collision_prediction_pipeline' retrieved from /opt/airflow/dags/airflow_dag_collision_prediction.py
[2026-02-01T22:53:26.836+0530] {logging_mixin.py:188} INFO - [2026-02-01T22:53:26.836+0530] {dag.py:3036} INFO - Sync 1 DAGs
[2026-02-01T22:53:26.883+0530] {logging_mixin.py:188} INFO - [2026-02-01T22:53:26.883+0530] {dag.py:3823} INFO - Setting next_dagrun for collision_prediction_pipeline to 2026-02-01 06:30:00+00:00, run_after=2026-02-01 12:30:00+00:00
[2026-02-01T22:53:26.914+0530] {processor.py:183} INFO - Processing /opt/airflow/dags/airflow_dag_collision_prediction.py took 0.136 seconds
[2026-02-01T22:53:57.171+0530] {processor.py:161} INFO - Started process (PID=8738) to work on /opt/airflow/dags/airflow_dag_collision_prediction.py
[2026-02-01T22:53:57.173+0530] {processor.py:830} INFO - Processing file /opt/airflow/dags/airflow_dag_collision_prediction.py for tasks to queue
[2026-02-01T22:53:57.174+0530] {logging_mixin.py:188} INFO - [2026-02-01T22:53:57.174+0530] {dagbag.py:538} INFO - Filling up the DagBag from /opt/airflow/dags/airflow_dag_collision_prediction.py
[2026-02-01T22:53:57.198+0530] {processor.py:840} INFO - DAG(s) 'collision_prediction_pipeline' retrieved from /opt/airflow/dags/airflow_dag_collision_prediction.py
[2026-02-01T22:53:57.247+0530] {logging_mixin.py:188} INFO - [2026-02-01T22:53:57.247+0530] {dag.py:3036} INFO - Sync 1 DAGs
[2026-02-01T22:53:57.293+0530] {logging_mixin.py:188} INFO - [2026-02-01T22:53:57.292+0530] {dag.py:3823} INFO - Setting next_dagrun for collision_prediction_pipeline to 2026-02-01 06:30:00+00:00, run_after=2026-02-01 12:30:00+00:00
[2026-02-01T22:53:57.319+0530] {processor.py:183} INFO - Processing /opt/airflow/dags/airflow_dag_collision_prediction.py took 0.154 seconds
[2026-02-01T22:54:27.532+0530] {processor.py:161} INFO - Started process (PID=8753) to work on /opt/airflow/dags/airflow_dag_collision_prediction.py
[2026-02-01T22:54:27.533+0530] {processor.py:830} INFO - Processing file /opt/airflow/dags/airflow_dag_collision_prediction.py for tasks to queue
[2026-02-01T22:54:27.534+0530] {logging_mixin.py:188} INFO - [2026-02-01T22:54:27.533+0530] {dagbag.py:538} INFO - Filling up the DagBag from /opt/airflow/dags/airflow_dag_collision_prediction.py
[2026-02-01T22:54:27.549+0530] {processor.py:840} INFO - DAG(s) 'collision_prediction_pipeline' retrieved from /opt/airflow/dags/airflow_dag_collision_prediction.py
[2026-02-01T22:54:27.585+0530] {logging_mixin.py:188} INFO - [2026-02-01T22:54:27.585+0530] {dag.py:3036} INFO - Sync 1 DAGs
[2026-02-01T22:54:27.627+0530] {logging_mixin.py:188} INFO - [2026-02-01T22:54:27.627+0530] {dag.py:3823} INFO - Setting next_dagrun for collision_prediction_pipeline to 2026-02-01 06:30:00+00:00, run_after=2026-02-01 12:30:00+00:00
[2026-02-01T22:54:27.651+0530] {processor.py:183} INFO - Processing /opt/airflow/dags/airflow_dag_collision_prediction.py took 0.123 seconds
[2026-02-01T22:54:57.851+0530] {processor.py:161} INFO - Started process (PID=8768) to work on /opt/airflow/dags/airflow_dag_collision_prediction.py
[2026-02-01T22:54:57.854+0530] {processor.py:830} INFO - Processing file /opt/airflow/dags/airflow_dag_collision_prediction.py for tasks to queue
[2026-02-01T22:54:57.855+0530] {logging_mixin.py:188} INFO - [2026-02-01T22:54:57.854+0530] {dagbag.py:538} INFO - Filling up the DagBag from /opt/airflow/dags/airflow_dag_collision_prediction.py
[2026-02-01T22:54:57.877+0530] {processor.py:840} INFO - DAG(s) 'collision_prediction_pipeline' retrieved from /opt/airflow/dags/airflow_dag_collision_prediction.py
[2026-02-01T22:54:57.912+0530] {logging_mixin.py:188} INFO - [2026-02-01T22:54:57.912+0530] {dag.py:3036} INFO - Sync 1 DAGs
[2026-02-01T22:54:57.946+0530] {logging_mixin.py:188} INFO - [2026-02-01T22:54:57.946+0530] {dag.py:3823} INFO - Setting next_dagrun for collision_prediction_pipeline to 2026-02-01 06:30:00+00:00, run_after=2026-02-01 12:30:00+00:00
[2026-02-01T22:54:57.965+0530] {processor.py:183} INFO - Processing /opt/airflow/dags/airflow_dag_collision_prediction.py took 0.121 seconds
[2026-02-01T22:55:28.135+0530] {processor.py:161} INFO - Started process (PID=8783) to work on /opt/airflow/dags/airflow_dag_collision_prediction.py
[2026-02-01T22:55:28.138+0530] {processor.py:830} INFO - Processing file /opt/airflow/dags/airflow_dag_collision_prediction.py for tasks to queue
[2026-02-01T22:55:28.139+0530] {logging_mixin.py:188} INFO - [2026-02-01T22:55:28.139+0530] {dagbag.py:538} INFO - Filling up the DagBag from /opt/airflow/dags/airflow_dag_collision_prediction.py
[2026-02-01T22:55:28.155+0530] {processor.py:840} INFO - DAG(s) 'collision_prediction_pipeline' retrieved from /opt/airflow/dags/airflow_dag_collision_prediction.py
[2026-02-01T22:55:28.188+0530] {logging_mixin.py:188} INFO - [2026-02-01T22:55:28.188+0530] {dag.py:3036} INFO - Sync 1 DAGs
[2026-02-01T22:55:28.217+0530] {logging_mixin.py:188} INFO - [2026-02-01T22:55:28.217+0530] {dag.py:3823} INFO - Setting next_dagrun for collision_prediction_pipeline to 2026-02-01 06:30:00+00:00, run_after=2026-02-01 12:30:00+00:00
[2026-02-01T22:55:28.235+0530] {processor.py:183} INFO - Processing /opt/airflow/dags/airflow_dag_collision_prediction.py took 0.106 seconds
[2026-02-01T22:55:58.400+0530] {processor.py:161} INFO - Started process (PID=8798) to work on /opt/airflow/dags/airflow_dag_collision_prediction.py
[2026-02-01T22:55:58.401+0530] {processor.py:830} INFO - Processing file /opt/airflow/dags/airflow_dag_collision_prediction.py for tasks to queue
[2026-02-01T22:55:58.402+0530] {logging_mixin.py:188} INFO - [2026-02-01T22:55:58.402+0530] {dagbag.py:538} INFO - Filling up the DagBag from /opt/airflow/dags/airflow_dag_collision_prediction.py
[2026-02-01T22:55:58.417+0530] {processor.py:840} INFO - DAG(s) 'collision_prediction_pipeline' retrieved from /opt/airflow/dags/airflow_dag_collision_prediction.py
[2026-02-01T22:55:58.454+0530] {logging_mixin.py:188} INFO - [2026-02-01T22:55:58.454+0530] {dag.py:3036} INFO - Sync 1 DAGs
[2026-02-01T22:55:58.494+0530] {logging_mixin.py:188} INFO - [2026-02-01T22:55:58.494+0530] {dag.py:3823} INFO - Setting next_dagrun for collision_prediction_pipeline to 2026-02-01 06:30:00+00:00, run_after=2026-02-01 12:30:00+00:00
[2026-02-01T22:55:58.520+0530] {processor.py:183} INFO - Processing /opt/airflow/dags/airflow_dag_collision_prediction.py took 0.123 seconds
[2026-02-01T22:56:28.715+0530] {processor.py:161} INFO - Started process (PID=8813) to work on /opt/airflow/dags/airflow_dag_collision_prediction.py
[2026-02-01T22:56:28.718+0530] {processor.py:830} INFO - Processing file /opt/airflow/dags/airflow_dag_collision_prediction.py for tasks to queue
[2026-02-01T22:56:28.720+0530] {logging_mixin.py:188} INFO - [2026-02-01T22:56:28.719+0530] {dagbag.py:538} INFO - Filling up the DagBag from /opt/airflow/dags/airflow_dag_collision_prediction.py
[2026-02-01T22:56:28.749+0530] {processor.py:840} INFO - DAG(s) 'collision_prediction_pipeline' retrieved from /opt/airflow/dags/airflow_dag_collision_prediction.py
[2026-02-01T22:56:28.807+0530] {logging_mixin.py:188} INFO - [2026-02-01T22:56:28.807+0530] {dag.py:3036} INFO - Sync 1 DAGs
[2026-02-01T22:56:28.859+0530] {logging_mixin.py:188} INFO - [2026-02-01T22:56:28.859+0530] {dag.py:3823} INFO - Setting next_dagrun for collision_prediction_pipeline to 2026-02-01 06:30:00+00:00, run_after=2026-02-01 12:30:00+00:00
[2026-02-01T22:56:28.889+0530] {processor.py:183} INFO - Processing /opt/airflow/dags/airflow_dag_collision_prediction.py took 0.180 seconds
[2026-02-01T22:56:59.192+0530] {processor.py:161} INFO - Started process (PID=8828) to work on /opt/airflow/dags/airflow_dag_collision_prediction.py
[2026-02-01T22:56:59.193+0530] {processor.py:830} INFO - Processing file /opt/airflow/dags/airflow_dag_collision_prediction.py for tasks to queue
[2026-02-01T22:56:59.195+0530] {logging_mixin.py:188} INFO - [2026-02-01T22:56:59.194+0530] {dagbag.py:538} INFO - Filling up the DagBag from /opt/airflow/dags/airflow_dag_collision_prediction.py
[2026-02-01T22:56:59.225+0530] {processor.py:840} INFO - DAG(s) 'collision_prediction_pipeline' retrieved from /opt/airflow/dags/airflow_dag_collision_prediction.py
[2026-02-01T22:56:59.279+0530] {logging_mixin.py:188} INFO - [2026-02-01T22:56:59.279+0530] {dag.py:3036} INFO - Sync 1 DAGs
[2026-02-01T22:56:59.320+0530] {logging_mixin.py:188} INFO - [2026-02-01T22:56:59.320+0530] {dag.py:3823} INFO - Setting next_dagrun for collision_prediction_pipeline to 2026-02-01 06:30:00+00:00, run_after=2026-02-01 12:30:00+00:00
[2026-02-01T22:56:59.348+0530] {processor.py:183} INFO - Processing /opt/airflow/dags/airflow_dag_collision_prediction.py took 0.163 seconds
[2026-02-01T22:57:29.601+0530] {processor.py:161} INFO - Started process (PID=8843) to work on /opt/airflow/dags/airflow_dag_collision_prediction.py
[2026-02-01T22:57:29.604+0530] {processor.py:830} INFO - Processing file /opt/airflow/dags/airflow_dag_collision_prediction.py for tasks to queue
[2026-02-01T22:57:29.605+0530] {logging_mixin.py:188} INFO - [2026-02-01T22:57:29.604+0530] {dagbag.py:538} INFO - Filling up the DagBag from /opt/airflow/dags/airflow_dag_collision_prediction.py
[2026-02-01T22:57:29.624+0530] {processor.py:840} INFO - DAG(s) 'collision_prediction_pipeline' retrieved from /opt/airflow/dags/airflow_dag_collision_prediction.py
[2026-02-01T22:57:29.668+0530] {logging_mixin.py:188} INFO - [2026-02-01T22:57:29.667+0530] {dag.py:3036} INFO - Sync 1 DAGs
[2026-02-01T22:57:29.708+0530] {logging_mixin.py:188} INFO - [2026-02-01T22:57:29.708+0530] {dag.py:3823} INFO - Setting next_dagrun for collision_prediction_pipeline to 2026-02-01 06:30:00+00:00, run_after=2026-02-01 12:30:00+00:00
[2026-02-01T22:57:29.727+0530] {processor.py:183} INFO - Processing /opt/airflow/dags/airflow_dag_collision_prediction.py took 0.130 seconds
[2026-02-01T22:58:00.013+0530] {processor.py:161} INFO - Started process (PID=8858) to work on /opt/airflow/dags/airflow_dag_collision_prediction.py
[2026-02-01T22:58:00.016+0530] {processor.py:830} INFO - Processing file /opt/airflow/dags/airflow_dag_collision_prediction.py for tasks to queue
[2026-02-01T22:58:00.017+0530] {logging_mixin.py:188} INFO - [2026-02-01T22:58:00.016+0530] {dagbag.py:538} INFO - Filling up the DagBag from /opt/airflow/dags/airflow_dag_collision_prediction.py
[2026-02-01T22:58:00.035+0530] {processor.py:840} INFO - DAG(s) 'collision_prediction_pipeline' retrieved from /opt/airflow/dags/airflow_dag_collision_prediction.py
[2026-02-01T22:58:00.069+0530] {logging_mixin.py:188} INFO - [2026-02-01T22:58:00.069+0530] {dag.py:3036} INFO - Sync 1 DAGs
[2026-02-01T22:58:00.111+0530] {logging_mixin.py:188} INFO - [2026-02-01T22:58:00.111+0530] {dag.py:3823} INFO - Setting next_dagrun for collision_prediction_pipeline to 2026-02-01 06:30:00+00:00, run_after=2026-02-01 12:30:00+00:00
[2026-02-01T22:58:00.134+0530] {processor.py:183} INFO - Processing /opt/airflow/dags/airflow_dag_collision_prediction.py took 0.125 seconds
[2026-02-01T22:58:30.391+0530] {processor.py:161} INFO - Started process (PID=8873) to work on /opt/airflow/dags/airflow_dag_collision_prediction.py
[2026-02-01T22:58:30.394+0530] {processor.py:830} INFO - Processing file /opt/airflow/dags/airflow_dag_collision_prediction.py for tasks to queue
[2026-02-01T22:58:30.396+0530] {logging_mixin.py:188} INFO - [2026-02-01T22:58:30.395+0530] {dagbag.py:538} INFO - Filling up the DagBag from /opt/airflow/dags/airflow_dag_collision_prediction.py
[2026-02-01T22:58:30.424+0530] {processor.py:840} INFO - DAG(s) 'collision_prediction_pipeline' retrieved from /opt/airflow/dags/airflow_dag_collision_prediction.py
[2026-02-01T22:58:30.481+0530] {logging_mixin.py:188} INFO - [2026-02-01T22:58:30.481+0530] {dag.py:3036} INFO - Sync 1 DAGs
[2026-02-01T22:58:30.518+0530] {logging_mixin.py:188} INFO - [2026-02-01T22:58:30.517+0530] {dag.py:3823} INFO - Setting next_dagrun for collision_prediction_pipeline to 2026-02-01 06:30:00+00:00, run_after=2026-02-01 12:30:00+00:00
[2026-02-01T22:58:30.541+0530] {processor.py:183} INFO - Processing /opt/airflow/dags/airflow_dag_collision_prediction.py took 0.156 seconds
[2026-02-01T22:59:00.785+0530] {processor.py:161} INFO - Started process (PID=8888) to work on /opt/airflow/dags/airflow_dag_collision_prediction.py
[2026-02-01T22:59:00.788+0530] {processor.py:830} INFO - Processing file /opt/airflow/dags/airflow_dag_collision_prediction.py for tasks to queue
[2026-02-01T22:59:00.789+0530] {logging_mixin.py:188} INFO - [2026-02-01T22:59:00.788+0530] {dagbag.py:538} INFO - Filling up the DagBag from /opt/airflow/dags/airflow_dag_collision_prediction.py
[2026-02-01T22:59:00.818+0530] {processor.py:840} INFO - DAG(s) 'collision_prediction_pipeline' retrieved from /opt/airflow/dags/airflow_dag_collision_prediction.py
[2026-02-01T22:59:00.869+0530] {logging_mixin.py:188} INFO - [2026-02-01T22:59:00.869+0530] {dag.py:3036} INFO - Sync 1 DAGs
[2026-02-01T22:59:00.907+0530] {logging_mixin.py:188} INFO - [2026-02-01T22:59:00.907+0530] {dag.py:3823} INFO - Setting next_dagrun for collision_prediction_pipeline to 2026-02-01 06:30:00+00:00, run_after=2026-02-01 12:30:00+00:00
[2026-02-01T22:59:00.932+0530] {processor.py:183} INFO - Processing /opt/airflow/dags/airflow_dag_collision_prediction.py took 0.151 seconds
[2026-02-01T22:59:31.184+0530] {processor.py:161} INFO - Started process (PID=8903) to work on /opt/airflow/dags/airflow_dag_collision_prediction.py
[2026-02-01T22:59:31.186+0530] {processor.py:830} INFO - Processing file /opt/airflow/dags/airflow_dag_collision_prediction.py for tasks to queue
[2026-02-01T22:59:31.187+0530] {logging_mixin.py:188} INFO - [2026-02-01T22:59:31.187+0530] {dagbag.py:538} INFO - Filling up the DagBag from /opt/airflow/dags/airflow_dag_collision_prediction.py
[2026-02-01T22:59:31.207+0530] {processor.py:840} INFO - DAG(s) 'collision_prediction_pipeline' retrieved from /opt/airflow/dags/airflow_dag_collision_prediction.py
[2026-02-01T22:59:31.250+0530] {logging_mixin.py:188} INFO - [2026-02-01T22:59:31.249+0530] {dag.py:3036} INFO - Sync 1 DAGs
[2026-02-01T22:59:31.294+0530] {logging_mixin.py:188} INFO - [2026-02-01T22:59:31.293+0530] {dag.py:3823} INFO - Setting next_dagrun for collision_prediction_pipeline to 2026-02-01 06:30:00+00:00, run_after=2026-02-01 12:30:00+00:00
[2026-02-01T22:59:31.323+0530] {processor.py:183} INFO - Processing /opt/airflow/dags/airflow_dag_collision_prediction.py took 0.143 seconds
[2026-02-01T23:00:01.576+0530] {processor.py:161} INFO - Started process (PID=8918) to work on /opt/airflow/dags/airflow_dag_collision_prediction.py
[2026-02-01T23:00:01.579+0530] {processor.py:830} INFO - Processing file /opt/airflow/dags/airflow_dag_collision_prediction.py for tasks to queue
[2026-02-01T23:00:01.581+0530] {logging_mixin.py:188} INFO - [2026-02-01T23:00:01.580+0530] {dagbag.py:538} INFO - Filling up the DagBag from /opt/airflow/dags/airflow_dag_collision_prediction.py
[2026-02-01T23:00:01.609+0530] {processor.py:840} INFO - DAG(s) 'collision_prediction_pipeline' retrieved from /opt/airflow/dags/airflow_dag_collision_prediction.py
[2026-02-01T23:00:01.665+0530] {logging_mixin.py:188} INFO - [2026-02-01T23:00:01.665+0530] {dag.py:3036} INFO - Sync 1 DAGs
[2026-02-01T23:00:01.713+0530] {logging_mixin.py:188} INFO - [2026-02-01T23:00:01.712+0530] {dag.py:3823} INFO - Setting next_dagrun for collision_prediction_pipeline to 2026-02-01 06:30:00+00:00, run_after=2026-02-01 12:30:00+00:00
[2026-02-01T23:00:01.745+0530] {processor.py:183} INFO - Processing /opt/airflow/dags/airflow_dag_collision_prediction.py took 0.175 seconds
[2026-02-01T23:00:31.974+0530] {processor.py:161} INFO - Started process (PID=8933) to work on /opt/airflow/dags/airflow_dag_collision_prediction.py
[2026-02-01T23:00:31.977+0530] {processor.py:830} INFO - Processing file /opt/airflow/dags/airflow_dag_collision_prediction.py for tasks to queue
[2026-02-01T23:00:31.978+0530] {logging_mixin.py:188} INFO - [2026-02-01T23:00:31.977+0530] {dagbag.py:538} INFO - Filling up the DagBag from /opt/airflow/dags/airflow_dag_collision_prediction.py
[2026-02-01T23:00:32.002+0530] {processor.py:840} INFO - DAG(s) 'collision_prediction_pipeline' retrieved from /opt/airflow/dags/airflow_dag_collision_prediction.py
[2026-02-01T23:00:32.048+0530] {logging_mixin.py:188} INFO - [2026-02-01T23:00:32.048+0530] {dag.py:3036} INFO - Sync 1 DAGs
[2026-02-01T23:00:32.095+0530] {logging_mixin.py:188} INFO - [2026-02-01T23:00:32.094+0530] {dag.py:3823} INFO - Setting next_dagrun for collision_prediction_pipeline to 2026-02-01 06:30:00+00:00, run_after=2026-02-01 12:30:00+00:00
[2026-02-01T23:00:32.124+0530] {processor.py:183} INFO - Processing /opt/airflow/dags/airflow_dag_collision_prediction.py took 0.157 seconds
[2026-02-01T23:01:02.347+0530] {processor.py:161} INFO - Started process (PID=8948) to work on /opt/airflow/dags/airflow_dag_collision_prediction.py
[2026-02-01T23:01:02.348+0530] {processor.py:830} INFO - Processing file /opt/airflow/dags/airflow_dag_collision_prediction.py for tasks to queue
[2026-02-01T23:01:02.350+0530] {logging_mixin.py:188} INFO - [2026-02-01T23:01:02.349+0530] {dagbag.py:538} INFO - Filling up the DagBag from /opt/airflow/dags/airflow_dag_collision_prediction.py
[2026-02-01T23:01:02.378+0530] {processor.py:840} INFO - DAG(s) 'collision_prediction_pipeline' retrieved from /opt/airflow/dags/airflow_dag_collision_prediction.py
[2026-02-01T23:01:02.436+0530] {logging_mixin.py:188} INFO - [2026-02-01T23:01:02.436+0530] {dag.py:3036} INFO - Sync 1 DAGs
[2026-02-01T23:01:02.481+0530] {logging_mixin.py:188} INFO - [2026-02-01T23:01:02.481+0530] {dag.py:3823} INFO - Setting next_dagrun for collision_prediction_pipeline to 2026-02-01 06:30:00+00:00, run_after=2026-02-01 12:30:00+00:00
[2026-02-01T23:01:02.503+0530] {processor.py:183} INFO - Processing /opt/airflow/dags/airflow_dag_collision_prediction.py took 0.162 seconds
[2026-02-01T23:01:32.785+0530] {processor.py:161} INFO - Started process (PID=8963) to work on /opt/airflow/dags/airflow_dag_collision_prediction.py
[2026-02-01T23:01:32.788+0530] {processor.py:830} INFO - Processing file /opt/airflow/dags/airflow_dag_collision_prediction.py for tasks to queue
[2026-02-01T23:01:32.790+0530] {logging_mixin.py:188} INFO - [2026-02-01T23:01:32.789+0530] {dagbag.py:538} INFO - Filling up the DagBag from /opt/airflow/dags/airflow_dag_collision_prediction.py
[2026-02-01T23:01:32.815+0530] {processor.py:840} INFO - DAG(s) 'collision_prediction_pipeline' retrieved from /opt/airflow/dags/airflow_dag_collision_prediction.py
[2026-02-01T23:01:32.859+0530] {logging_mixin.py:188} INFO - [2026-02-01T23:01:32.859+0530] {dag.py:3036} INFO - Sync 1 DAGs
[2026-02-01T23:01:32.899+0530] {logging_mixin.py:188} INFO - [2026-02-01T23:01:32.899+0530] {dag.py:3823} INFO - Setting next_dagrun for collision_prediction_pipeline to 2026-02-01 06:30:00+00:00, run_after=2026-02-01 12:30:00+00:00
[2026-02-01T23:01:32.926+0530] {processor.py:183} INFO - Processing /opt/airflow/dags/airflow_dag_collision_prediction.py took 0.146 seconds
[2026-02-01T23:02:03.132+0530] {processor.py:161} INFO - Started process (PID=8978) to work on /opt/airflow/dags/airflow_dag_collision_prediction.py
[2026-02-01T23:02:03.134+0530] {processor.py:830} INFO - Processing file /opt/airflow/dags/airflow_dag_collision_prediction.py for tasks to queue
[2026-02-01T23:02:03.135+0530] {logging_mixin.py:188} INFO - [2026-02-01T23:02:03.135+0530] {dagbag.py:538} INFO - Filling up the DagBag from /opt/airflow/dags/airflow_dag_collision_prediction.py
[2026-02-01T23:02:03.154+0530] {processor.py:840} INFO - DAG(s) 'collision_prediction_pipeline' retrieved from /opt/airflow/dags/airflow_dag_collision_prediction.py
[2026-02-01T23:02:03.192+0530] {logging_mixin.py:188} INFO - [2026-02-01T23:02:03.192+0530] {dag.py:3036} INFO - Sync 1 DAGs
[2026-02-01T23:02:03.232+0530] {logging_mixin.py:188} INFO - [2026-02-01T23:02:03.231+0530] {dag.py:3823} INFO - Setting next_dagrun for collision_prediction_pipeline to 2026-02-01 06:30:00+00:00, run_after=2026-02-01 12:30:00+00:00
[2026-02-01T23:02:03.257+0530] {processor.py:183} INFO - Processing /opt/airflow/dags/airflow_dag_collision_prediction.py took 0.129 seconds
[2026-02-01T23:02:33.420+0530] {processor.py:161} INFO - Started process (PID=8993) to work on /opt/airflow/dags/airflow_dag_collision_prediction.py
[2026-02-01T23:02:33.423+0530] {processor.py:830} INFO - Processing file /opt/airflow/dags/airflow_dag_collision_prediction.py for tasks to queue
[2026-02-01T23:02:33.424+0530] {logging_mixin.py:188} INFO - [2026-02-01T23:02:33.423+0530] {dagbag.py:538} INFO - Filling up the DagBag from /opt/airflow/dags/airflow_dag_collision_prediction.py
[2026-02-01T23:02:33.443+0530] {processor.py:840} INFO - DAG(s) 'collision_prediction_pipeline' retrieved from /opt/airflow/dags/airflow_dag_collision_prediction.py
[2026-02-01T23:02:33.491+0530] {logging_mixin.py:188} INFO - [2026-02-01T23:02:33.490+0530] {dag.py:3036} INFO - Sync 1 DAGs
[2026-02-01T23:02:33.542+0530] {logging_mixin.py:188} INFO - [2026-02-01T23:02:33.542+0530] {dag.py:3823} INFO - Setting next_dagrun for collision_prediction_pipeline to 2026-02-01 06:30:00+00:00, run_after=2026-02-01 12:30:00+00:00
[2026-02-01T23:02:33.569+0530] {processor.py:183} INFO - Processing /opt/airflow/dags/airflow_dag_collision_prediction.py took 0.154 seconds
[2026-02-01T23:03:03.693+0530] {processor.py:161} INFO - Started process (PID=9008) to work on /opt/airflow/dags/airflow_dag_collision_prediction.py
[2026-02-01T23:03:03.696+0530] {processor.py:830} INFO - Processing file /opt/airflow/dags/airflow_dag_collision_prediction.py for tasks to queue
[2026-02-01T23:03:03.697+0530] {logging_mixin.py:188} INFO - [2026-02-01T23:03:03.696+0530] {dagbag.py:538} INFO - Filling up the DagBag from /opt/airflow/dags/airflow_dag_collision_prediction.py
[2026-02-01T23:03:03.715+0530] {processor.py:840} INFO - DAG(s) 'collision_prediction_pipeline' retrieved from /opt/airflow/dags/airflow_dag_collision_prediction.py
[2026-02-01T23:03:03.753+0530] {logging_mixin.py:188} INFO - [2026-02-01T23:03:03.752+0530] {dag.py:3036} INFO - Sync 1 DAGs
[2026-02-01T23:03:03.784+0530] {logging_mixin.py:188} INFO - [2026-02-01T23:03:03.784+0530] {dag.py:3823} INFO - Setting next_dagrun for collision_prediction_pipeline to 2026-02-01 06:30:00+00:00, run_after=2026-02-01 12:30:00+00:00
[2026-02-01T23:03:03.806+0530] {processor.py:183} INFO - Processing /opt/airflow/dags/airflow_dag_collision_prediction.py took 0.117 seconds
[2026-02-01T23:03:33.998+0530] {processor.py:161} INFO - Started process (PID=9023) to work on /opt/airflow/dags/airflow_dag_collision_prediction.py
[2026-02-01T23:03:34.001+0530] {processor.py:830} INFO - Processing file /opt/airflow/dags/airflow_dag_collision_prediction.py for tasks to queue
[2026-02-01T23:03:34.003+0530] {logging_mixin.py:188} INFO - [2026-02-01T23:03:34.002+0530] {dagbag.py:538} INFO - Filling up the DagBag from /opt/airflow/dags/airflow_dag_collision_prediction.py
[2026-02-01T23:03:34.031+0530] {processor.py:840} INFO - DAG(s) 'collision_prediction_pipeline' retrieved from /opt/airflow/dags/airflow_dag_collision_prediction.py
[2026-02-01T23:03:34.071+0530] {logging_mixin.py:188} INFO - [2026-02-01T23:03:34.071+0530] {dag.py:3036} INFO - Sync 1 DAGs
[2026-02-01T23:03:34.103+0530] {logging_mixin.py:188} INFO - [2026-02-01T23:03:34.103+0530] {dag.py:3823} INFO - Setting next_dagrun for collision_prediction_pipeline to 2026-02-01 06:30:00+00:00, run_after=2026-02-01 12:30:00+00:00
[2026-02-01T23:03:34.124+0530] {processor.py:183} INFO - Processing /opt/airflow/dags/airflow_dag_collision_prediction.py took 0.133 seconds
[2026-02-01T23:04:04.356+0530] {processor.py:161} INFO - Started process (PID=9038) to work on /opt/airflow/dags/airflow_dag_collision_prediction.py
[2026-02-01T23:04:04.357+0530] {processor.py:830} INFO - Processing file /opt/airflow/dags/airflow_dag_collision_prediction.py for tasks to queue
[2026-02-01T23:04:04.358+0530] {logging_mixin.py:188} INFO - [2026-02-01T23:04:04.357+0530] {dagbag.py:538} INFO - Filling up the DagBag from /opt/airflow/dags/airflow_dag_collision_prediction.py
[2026-02-01T23:04:04.375+0530] {processor.py:840} INFO - DAG(s) 'collision_prediction_pipeline' retrieved from /opt/airflow/dags/airflow_dag_collision_prediction.py
[2026-02-01T23:04:04.411+0530] {logging_mixin.py:188} INFO - [2026-02-01T23:04:04.411+0530] {dag.py:3036} INFO - Sync 1 DAGs
[2026-02-01T23:04:04.447+0530] {logging_mixin.py:188} INFO - [2026-02-01T23:04:04.447+0530] {dag.py:3823} INFO - Setting next_dagrun for collision_prediction_pipeline to 2026-02-01 06:30:00+00:00, run_after=2026-02-01 12:30:00+00:00
[2026-02-01T23:04:04.470+0530] {processor.py:183} INFO - Processing /opt/airflow/dags/airflow_dag_collision_prediction.py took 0.118 seconds
[2026-02-01T23:04:34.669+0530] {processor.py:161} INFO - Started process (PID=9053) to work on /opt/airflow/dags/airflow_dag_collision_prediction.py
[2026-02-01T23:04:34.670+0530] {processor.py:830} INFO - Processing file /opt/airflow/dags/airflow_dag_collision_prediction.py for tasks to queue
[2026-02-01T23:04:34.671+0530] {logging_mixin.py:188} INFO - [2026-02-01T23:04:34.670+0530] {dagbag.py:538} INFO - Filling up the DagBag from /opt/airflow/dags/airflow_dag_collision_prediction.py
[2026-02-01T23:04:34.691+0530] {processor.py:840} INFO - DAG(s) 'collision_prediction_pipeline' retrieved from /opt/airflow/dags/airflow_dag_collision_prediction.py
[2026-02-01T23:04:34.728+0530] {logging_mixin.py:188} INFO - [2026-02-01T23:04:34.727+0530] {dag.py:3036} INFO - Sync 1 DAGs
[2026-02-01T23:04:34.763+0530] {logging_mixin.py:188} INFO - [2026-02-01T23:04:34.762+0530] {dag.py:3823} INFO - Setting next_dagrun for collision_prediction_pipeline to 2026-02-01 06:30:00+00:00, run_after=2026-02-01 12:30:00+00:00
[2026-02-01T23:04:34.788+0530] {processor.py:183} INFO - Processing /opt/airflow/dags/airflow_dag_collision_prediction.py took 0.123 seconds
[2026-02-01T23:05:05.035+0530] {processor.py:161} INFO - Started process (PID=9068) to work on /opt/airflow/dags/airflow_dag_collision_prediction.py
[2026-02-01T23:05:05.038+0530] {processor.py:830} INFO - Processing file /opt/airflow/dags/airflow_dag_collision_prediction.py for tasks to queue
[2026-02-01T23:05:05.039+0530] {logging_mixin.py:188} INFO - [2026-02-01T23:05:05.038+0530] {dagbag.py:538} INFO - Filling up the DagBag from /opt/airflow/dags/airflow_dag_collision_prediction.py
[2026-02-01T23:05:05.057+0530] {processor.py:840} INFO - DAG(s) 'collision_prediction_pipeline' retrieved from /opt/airflow/dags/airflow_dag_collision_prediction.py
[2026-02-01T23:05:05.093+0530] {logging_mixin.py:188} INFO - [2026-02-01T23:05:05.092+0530] {dag.py:3036} INFO - Sync 1 DAGs
[2026-02-01T23:05:05.126+0530] {logging_mixin.py:188} INFO - [2026-02-01T23:05:05.126+0530] {dag.py:3823} INFO - Setting next_dagrun for collision_prediction_pipeline to 2026-02-01 06:30:00+00:00, run_after=2026-02-01 12:30:00+00:00
[2026-02-01T23:05:05.146+0530] {processor.py:183} INFO - Processing /opt/airflow/dags/airflow_dag_collision_prediction.py took 0.116 seconds
[2026-02-01T23:05:35.339+0530] {processor.py:161} INFO - Started process (PID=9083) to work on /opt/airflow/dags/airflow_dag_collision_prediction.py
[2026-02-01T23:05:35.341+0530] {processor.py:830} INFO - Processing file /opt/airflow/dags/airflow_dag_collision_prediction.py for tasks to queue
[2026-02-01T23:05:35.343+0530] {logging_mixin.py:188} INFO - [2026-02-01T23:05:35.342+0530] {dagbag.py:538} INFO - Filling up the DagBag from /opt/airflow/dags/airflow_dag_collision_prediction.py
[2026-02-01T23:05:35.361+0530] {processor.py:840} INFO - DAG(s) 'collision_prediction_pipeline' retrieved from /opt/airflow/dags/airflow_dag_collision_prediction.py
[2026-02-01T23:05:35.399+0530] {logging_mixin.py:188} INFO - [2026-02-01T23:05:35.399+0530] {dag.py:3036} INFO - Sync 1 DAGs
[2026-02-01T23:05:35.432+0530] {logging_mixin.py:188} INFO - [2026-02-01T23:05:35.432+0530] {dag.py:3823} INFO - Setting next_dagrun for collision_prediction_pipeline to 2026-02-01 06:30:00+00:00, run_after=2026-02-01 12:30:00+00:00
[2026-02-01T23:05:35.451+0530] {processor.py:183} INFO - Processing /opt/airflow/dags/airflow_dag_collision_prediction.py took 0.117 seconds
[2026-02-01T23:06:05.671+0530] {processor.py:161} INFO - Started process (PID=9105) to work on /opt/airflow/dags/airflow_dag_collision_prediction.py
[2026-02-01T23:06:05.672+0530] {processor.py:830} INFO - Processing file /opt/airflow/dags/airflow_dag_collision_prediction.py for tasks to queue
[2026-02-01T23:06:05.673+0530] {logging_mixin.py:188} INFO - [2026-02-01T23:06:05.673+0530] {dagbag.py:538} INFO - Filling up the DagBag from /opt/airflow/dags/airflow_dag_collision_prediction.py
[2026-02-01T23:06:05.692+0530] {processor.py:840} INFO - DAG(s) 'collision_prediction_pipeline' retrieved from /opt/airflow/dags/airflow_dag_collision_prediction.py
[2026-02-01T23:06:05.729+0530] {logging_mixin.py:188} INFO - [2026-02-01T23:06:05.729+0530] {dag.py:3036} INFO - Sync 1 DAGs
[2026-02-01T23:06:05.761+0530] {logging_mixin.py:188} INFO - [2026-02-01T23:06:05.760+0530] {dag.py:3823} INFO - Setting next_dagrun for collision_prediction_pipeline to 2026-02-01 06:30:00+00:00, run_after=2026-02-01 12:30:00+00:00
[2026-02-01T23:06:05.782+0530] {processor.py:183} INFO - Processing /opt/airflow/dags/airflow_dag_collision_prediction.py took 0.114 seconds
[2026-02-01T23:06:36.004+0530] {processor.py:161} INFO - Started process (PID=9120) to work on /opt/airflow/dags/airflow_dag_collision_prediction.py
[2026-02-01T23:06:36.005+0530] {processor.py:830} INFO - Processing file /opt/airflow/dags/airflow_dag_collision_prediction.py for tasks to queue
[2026-02-01T23:06:36.006+0530] {logging_mixin.py:188} INFO - [2026-02-01T23:06:36.005+0530] {dagbag.py:538} INFO - Filling up the DagBag from /opt/airflow/dags/airflow_dag_collision_prediction.py
[2026-02-01T23:06:36.024+0530] {processor.py:840} INFO - DAG(s) 'collision_prediction_pipeline' retrieved from /opt/airflow/dags/airflow_dag_collision_prediction.py
[2026-02-01T23:06:36.061+0530] {logging_mixin.py:188} INFO - [2026-02-01T23:06:36.061+0530] {dag.py:3036} INFO - Sync 1 DAGs
[2026-02-01T23:06:36.098+0530] {logging_mixin.py:188} INFO - [2026-02-01T23:06:36.098+0530] {dag.py:3823} INFO - Setting next_dagrun for collision_prediction_pipeline to 2026-02-01 06:30:00+00:00, run_after=2026-02-01 12:30:00+00:00
[2026-02-01T23:06:36.121+0530] {processor.py:183} INFO - Processing /opt/airflow/dags/airflow_dag_collision_prediction.py took 0.122 seconds
[2026-02-01T23:07:06.332+0530] {processor.py:161} INFO - Started process (PID=9135) to work on /opt/airflow/dags/airflow_dag_collision_prediction.py
[2026-02-01T23:07:06.335+0530] {processor.py:830} INFO - Processing file /opt/airflow/dags/airflow_dag_collision_prediction.py for tasks to queue
[2026-02-01T23:07:06.337+0530] {logging_mixin.py:188} INFO - [2026-02-01T23:07:06.336+0530] {dagbag.py:538} INFO - Filling up the DagBag from /opt/airflow/dags/airflow_dag_collision_prediction.py
[2026-02-01T23:07:06.369+0530] {processor.py:840} INFO - DAG(s) 'collision_prediction_pipeline' retrieved from /opt/airflow/dags/airflow_dag_collision_prediction.py
[2026-02-01T23:07:06.405+0530] {logging_mixin.py:188} INFO - [2026-02-01T23:07:06.405+0530] {dag.py:3036} INFO - Sync 1 DAGs
[2026-02-01T23:07:06.437+0530] {logging_mixin.py:188} INFO - [2026-02-01T23:07:06.437+0530] {dag.py:3823} INFO - Setting next_dagrun for collision_prediction_pipeline to 2026-02-01 06:30:00+00:00, run_after=2026-02-01 12:30:00+00:00
[2026-02-01T23:07:06.459+0530] {processor.py:183} INFO - Processing /opt/airflow/dags/airflow_dag_collision_prediction.py took 0.135 seconds
