[2026-02-01T11:55:12.657+0530] {taskinstance.py:1956} INFO - Dependencies all met for dep_context=non-requeueable deps ti=<TaskInstance: spark_sgp4_streaming.submit_spark_streaming_job manual__2026-02-01T06:16:58.466133+00:00 [queued]>
[2026-02-01T11:55:12.665+0530] {taskinstance.py:1956} INFO - Dependencies all met for dep_context=requeueable deps ti=<TaskInstance: spark_sgp4_streaming.submit_spark_streaming_job manual__2026-02-01T06:16:58.466133+00:00 [queued]>
[2026-02-01T11:55:12.665+0530] {taskinstance.py:2170} INFO - Starting attempt 2 of 2
[2026-02-01T11:55:12.677+0530] {taskinstance.py:2191} INFO - Executing <Task(BashOperator): submit_spark_streaming_job> on 2026-02-01 06:16:58.466133+00:00
[2026-02-01T11:55:12.683+0530] {standard_task_runner.py:60} INFO - Started process 210 to run task
[2026-02-01T11:55:12.686+0530] {standard_task_runner.py:87} INFO - Running: ['***', 'tasks', 'run', 'spark_sgp4_streaming', 'submit_spark_streaming_job', 'manual__2026-02-01T06:16:58.466133+00:00', '--job-id', '15', '--raw', '--subdir', 'DAGS_FOLDER/***_dag_spark_streaming.py', '--cfg-path', '/tmp/tmpydbwaey3']
[2026-02-01T11:55:12.688+0530] {standard_task_runner.py:88} INFO - Job 15: Subtask submit_spark_streaming_job
[2026-02-01T11:55:12.747+0530] {task_command.py:423} INFO - Running <TaskInstance: spark_sgp4_streaming.submit_spark_streaming_job manual__2026-02-01T06:16:58.466133+00:00 [running]> on host ***-scheduler
[2026-02-01T11:55:12.845+0530] {taskinstance.py:2480} INFO - Exporting env vars: AIRFLOW_CTX_DAG_OWNER='space-debris-team' AIRFLOW_CTX_DAG_ID='spark_sgp4_streaming' AIRFLOW_CTX_TASK_ID='submit_spark_streaming_job' AIRFLOW_CTX_EXECUTION_DATE='2026-02-01T06:16:58.466133+00:00' AIRFLOW_CTX_TRY_NUMBER='2' AIRFLOW_CTX_DAG_RUN_ID='manual__2026-02-01T06:16:58.466133+00:00'
[2026-02-01T11:55:12.846+0530] {subprocess.py:63} INFO - Tmp dir root location: /tmp
[2026-02-01T11:55:12.847+0530] {subprocess.py:75} INFO - Running command: ['/usr/bin/bash', '-c', "\n        docker exec spark-master /opt/spark/bin/spark-submit \\\n          --master spark://spark-master:7077 \\\n          --deploy-mode client \\\n          --name 'SGP4-Vector-Computation' \\\n          --packages org.apache.spark:spark-sql-kafka-0-10_2.12:3.5.0 \\\n          --conf spark.executor.memory=2g \\\n          --conf spark.executor.cores=2 \\\n          --conf spark.driver.memory=1g \\\n          /opt/spark-apps/processing/spark_sgp4_to_hdfs.py\n        "]
[2026-02-01T11:55:12.861+0530] {subprocess.py:86} INFO - Output:
[2026-02-01T11:55:12.895+0530] {subprocess.py:93} INFO - permission denied while trying to connect to the Docker daemon socket at unix:///var/run/docker.sock: Get "http://%2Fvar%2Frun%2Fdocker.sock/v1.24/containers/spark-master/json": dial unix /var/run/docker.sock: connect: permission denied
[2026-02-01T11:55:12.896+0530] {subprocess.py:97} INFO - Command exited with return code 1
[2026-02-01T11:55:12.910+0530] {taskinstance.py:2698} ERROR - Task failed with exception
Traceback (most recent call last):
  File "/home/airflow/.local/lib/python3.11/site-packages/airflow/models/taskinstance.py", line 433, in _execute_task
    result = execute_callable(context=context, **execute_callable_kwargs)
             ^^^^^^^^^^^^^^^^^^^^^^^^^^^^^^^^^^^^^^^^^^^^^^^^^^^^^^^^^^^^
  File "/home/airflow/.local/lib/python3.11/site-packages/airflow/operators/bash.py", line 212, in execute
    raise AirflowException(
airflow.exceptions.AirflowException: Bash command failed. The command returned a non-zero exit code 1.
[2026-02-01T11:55:12.913+0530] {taskinstance.py:1138} INFO - Marking task as FAILED. dag_id=spark_sgp4_streaming, task_id=submit_spark_streaming_job, execution_date=20260201T061658, start_date=20260201T062512, end_date=20260201T062512
[2026-02-01T11:55:12.926+0530] {standard_task_runner.py:107} ERROR - Failed to execute job 15 for task submit_spark_streaming_job (Bash command failed. The command returned a non-zero exit code 1.; 210)
[2026-02-01T11:55:12.938+0530] {local_task_job_runner.py:234} INFO - Task exited with return code 1
[2026-02-01T11:55:12.959+0530] {taskinstance.py:3280} INFO - 0 downstream tasks scheduled from follow-on schedule check
