[2026-02-01T12:45:32.587+0530] {taskinstance.py:1956} INFO - Dependencies all met for dep_context=non-requeueable deps ti=<TaskInstance: spark_sgp4_streaming.submit_spark_streaming_job manual__2026-02-01T07:15:29.709948+00:00 [queued]>
[2026-02-01T12:45:32.599+0530] {taskinstance.py:1956} INFO - Dependencies all met for dep_context=requeueable deps ti=<TaskInstance: spark_sgp4_streaming.submit_spark_streaming_job manual__2026-02-01T07:15:29.709948+00:00 [queued]>
[2026-02-01T12:45:32.599+0530] {taskinstance.py:2170} INFO - Starting attempt 1 of 2
[2026-02-01T12:45:32.613+0530] {taskinstance.py:2191} INFO - Executing <Task(BashOperator): submit_spark_streaming_job> on 2026-02-01 07:15:29.709948+00:00
[2026-02-01T12:45:32.619+0530] {standard_task_runner.py:60} INFO - Started process 1036 to run task
[2026-02-01T12:45:32.622+0530] {standard_task_runner.py:87} INFO - Running: ['***', 'tasks', 'run', 'spark_sgp4_streaming', 'submit_spark_streaming_job', 'manual__2026-02-01T07:15:29.709948+00:00', '--job-id', '81', '--raw', '--subdir', 'DAGS_FOLDER/***_dag_spark_streaming.py', '--cfg-path', '/tmp/tmp1pnstu9e']
[2026-02-01T12:45:32.625+0530] {standard_task_runner.py:88} INFO - Job 81: Subtask submit_spark_streaming_job
[2026-02-01T12:45:32.686+0530] {task_command.py:423} INFO - Running <TaskInstance: spark_sgp4_streaming.submit_spark_streaming_job manual__2026-02-01T07:15:29.709948+00:00 [running]> on host ***-scheduler
[2026-02-01T12:45:32.814+0530] {taskinstance.py:2480} INFO - Exporting env vars: AIRFLOW_CTX_DAG_OWNER='space-debris-team' AIRFLOW_CTX_DAG_ID='spark_sgp4_streaming' AIRFLOW_CTX_TASK_ID='submit_spark_streaming_job' AIRFLOW_CTX_EXECUTION_DATE='2026-02-01T07:15:29.709948+00:00' AIRFLOW_CTX_TRY_NUMBER='1' AIRFLOW_CTX_DAG_RUN_ID='manual__2026-02-01T07:15:29.709948+00:00'
[2026-02-01T12:45:32.816+0530] {subprocess.py:63} INFO - Tmp dir root location: /tmp
[2026-02-01T12:45:32.816+0530] {subprocess.py:75} INFO - Running command: ['/usr/bin/bash', '-c', 'bash /opt/***/config/submit_spark_wrapper.sh ']
[2026-02-01T12:45:32.831+0530] {subprocess.py:86} INFO - Output:
[2026-02-01T12:45:32.840+0530] {subprocess.py:93} INFO - [Sun Feb  1 12:45:32 IST 2026] Spark job submission requested from Airflow
[2026-02-01T12:45:32.845+0530] {subprocess.py:93} INFO - [Sun Feb  1 12:45:32 IST 2026] Trigger file created: /opt/***/logs/spark_job_trigger.txt
[2026-02-01T12:45:32.845+0530] {subprocess.py:93} INFO - Job submission requires manual execution from host:
[2026-02-01T12:45:32.845+0530] {subprocess.py:93} INFO -   ./scripts/submit_spark_job.sh
[2026-02-01T12:45:32.845+0530] {subprocess.py:93} INFO - 
[2026-02-01T12:45:32.845+0530] {subprocess.py:93} INFO - Or set up a host-side watcher that monitors /opt/***/logs/spark_job_trigger.txt
[2026-02-01T12:45:32.846+0530] {subprocess.py:93} INFO - and automatically submits the job.
[2026-02-01T12:45:32.846+0530] {subprocess.py:97} INFO - Command exited with return code 0
[2026-02-01T12:45:32.886+0530] {taskinstance.py:1138} INFO - Marking task as SUCCESS. dag_id=spark_sgp4_streaming, task_id=submit_spark_streaming_job, execution_date=20260201T071529, start_date=20260201T071532, end_date=20260201T071532
[2026-02-01T12:45:32.914+0530] {local_task_job_runner.py:234} INFO - Task exited with return code 0
[2026-02-01T12:45:32.941+0530] {taskinstance.py:3280} INFO - 0 downstream tasks scheduled from follow-on schedule check
