[2026-01-28T04:33:10.404+0000] {taskinstance.py:1956} INFO - Dependencies all met for dep_context=non-requeueable deps ti=<TaskInstance: tle_api_to_kafka_streaming.stream_api_to_kafka scheduled__2026-01-28T03:00:00+00:00 [queued]>
[2026-01-28T04:33:10.418+0000] {taskinstance.py:1956} INFO - Dependencies all met for dep_context=requeueable deps ti=<TaskInstance: tle_api_to_kafka_streaming.stream_api_to_kafka scheduled__2026-01-28T03:00:00+00:00 [queued]>
[2026-01-28T04:33:10.418+0000] {taskinstance.py:2170} INFO - Starting attempt 2 of 3
[2026-01-28T04:33:10.436+0000] {taskinstance.py:2191} INFO - Executing <Task(PythonOperator): stream_api_to_kafka> on 2026-01-28 03:00:00+00:00
[2026-01-28T04:33:10.445+0000] {standard_task_runner.py:60} INFO - Started process 1192 to run task
[2026-01-28T04:33:10.450+0000] {standard_task_runner.py:87} INFO - Running: ['***', 'tasks', 'run', 'tle_api_to_kafka_streaming', 'stream_api_to_kafka', 'scheduled__2026-01-28T03:00:00+00:00', '--job-id', '28', '--raw', '--subdir', 'DAGS_FOLDER/***_dag_api_to_kafka.py', '--cfg-path', '/tmp/tmp2a657pg5']
[2026-01-28T04:33:10.453+0000] {standard_task_runner.py:88} INFO - Job 28: Subtask stream_api_to_kafka
[2026-01-28T04:33:10.539+0000] {task_command.py:423} INFO - Running <TaskInstance: tle_api_to_kafka_streaming.stream_api_to_kafka scheduled__2026-01-28T03:00:00+00:00 [running]> on host ***-scheduler
[2026-01-28T04:33:10.687+0000] {taskinstance.py:2480} INFO - Exporting env vars: AIRFLOW_CTX_DAG_OWNER='space-debris-team' AIRFLOW_CTX_DAG_ID='tle_api_to_kafka_streaming' AIRFLOW_CTX_TASK_ID='stream_api_to_kafka' AIRFLOW_CTX_EXECUTION_DATE='2026-01-28T03:00:00+00:00' AIRFLOW_CTX_TRY_NUMBER='2' AIRFLOW_CTX_DAG_RUN_ID='scheduled__2026-01-28T03:00:00+00:00'
[2026-01-28T04:33:10.688+0000] {airflow_dag_api_to_kafka.py:88} INFO - Starting TLE API to Kafka streaming
[2026-01-28T04:33:10.692+0000] {conn.py:380} INFO - <BrokerConnection node_id=bootstrap-0 host=kafka:9093 <connecting> [IPv4 ('172.21.0.8', 9093)]>: connecting to kafka:9093 [('172.21.0.8', 9093) IPv4]
[2026-01-28T04:33:10.692+0000] {conn.py:1205} INFO - Probing node bootstrap-0 broker version
[2026-01-28T04:33:10.693+0000] {conn.py:410} INFO - <BrokerConnection node_id=bootstrap-0 host=kafka:9093 <connecting> [IPv4 ('172.21.0.8', 9093)]>: Connection complete.
[2026-01-28T04:33:10.796+0000] {conn.py:1267} INFO - Broker version identified as 2.5.0
[2026-01-28T04:33:10.796+0000] {conn.py:1268} INFO - Set configuration api_version=(2, 5, 0) to skip auto check_version requests on startup
[2026-01-28T04:33:10.800+0000] {airflow_dag_api_to_kafka.py:99} INFO - Kafka producer initialized
[2026-01-28T04:33:10.801+0000] {airflow_dag_api_to_kafka.py:110} INFO - Connecting to: http://host.docker.internal:5000/stream
[2026-01-28T04:33:10.801+0000] {airflow_dag_api_to_kafka.py:111} INFO - Parameters: {'acceleration': 100, 'mode': 'adaptive', 'max_delay': 5.0, 'limit': 1000}
[2026-01-28T04:33:18.810+0000] {airflow_dag_api_to_kafka.py:185} ERROR - API connection error: HTTPConnectionPool(host='host.docker.internal', port=5000): Max retries exceeded with url: /stream?acceleration=100&mode=adaptive&max_delay=5.0&limit=1000 (Caused by NameResolutionError("<urllib3.connection.HTTPConnection object at 0x7fa1e043f8d0>: Failed to resolve 'host.docker.internal' ([Errno -3] Temporary failure in name resolution)"))
[2026-01-28T04:33:18.811+0000] {taskinstance.py:2698} ERROR - Task failed with exception
Traceback (most recent call last):
  File "/home/airflow/.local/lib/python3.11/site-packages/urllib3/connection.py", line 203, in _new_conn
    sock = connection.create_connection(
           ^^^^^^^^^^^^^^^^^^^^^^^^^^^^^
  File "/home/airflow/.local/lib/python3.11/site-packages/urllib3/util/connection.py", line 60, in create_connection
    for res in socket.getaddrinfo(host, port, family, socket.SOCK_STREAM):
               ^^^^^^^^^^^^^^^^^^^^^^^^^^^^^^^^^^^^^^^^^^^^^^^^^^^^^^^^^^
  File "/usr/local/lib/python3.11/socket.py", line 962, in getaddrinfo
    for res in _socket.getaddrinfo(host, port, family, type, proto, flags):
               ^^^^^^^^^^^^^^^^^^^^^^^^^^^^^^^^^^^^^^^^^^^^^^^^^^^^^^^^^^^
socket.gaierror: [Errno -3] Temporary failure in name resolution

The above exception was the direct cause of the following exception:

Traceback (most recent call last):
  File "/home/airflow/.local/lib/python3.11/site-packages/urllib3/connectionpool.py", line 791, in urlopen
    response = self._make_request(
               ^^^^^^^^^^^^^^^^^^^
  File "/home/airflow/.local/lib/python3.11/site-packages/urllib3/connectionpool.py", line 497, in _make_request
    conn.request(
  File "/home/airflow/.local/lib/python3.11/site-packages/urllib3/connection.py", line 395, in request
    self.endheaders()
  File "/usr/local/lib/python3.11/http/client.py", line 1293, in endheaders
    self._send_output(message_body, encode_chunked=encode_chunked)
  File "/usr/local/lib/python3.11/http/client.py", line 1052, in _send_output
    self.send(msg)
  File "/usr/local/lib/python3.11/http/client.py", line 990, in send
    self.connect()
  File "/home/airflow/.local/lib/python3.11/site-packages/urllib3/connection.py", line 243, in connect
    self.sock = self._new_conn()
                ^^^^^^^^^^^^^^^^
  File "/home/airflow/.local/lib/python3.11/site-packages/urllib3/connection.py", line 210, in _new_conn
    raise NameResolutionError(self.host, self, e) from e
urllib3.exceptions.NameResolutionError: <urllib3.connection.HTTPConnection object at 0x7fa1e043f8d0>: Failed to resolve 'host.docker.internal' ([Errno -3] Temporary failure in name resolution)

The above exception was the direct cause of the following exception:

Traceback (most recent call last):
  File "/home/airflow/.local/lib/python3.11/site-packages/requests/adapters.py", line 486, in send
    resp = conn.urlopen(
           ^^^^^^^^^^^^^
  File "/home/airflow/.local/lib/python3.11/site-packages/urllib3/connectionpool.py", line 845, in urlopen
    retries = retries.increment(
              ^^^^^^^^^^^^^^^^^^
  File "/home/airflow/.local/lib/python3.11/site-packages/urllib3/util/retry.py", line 515, in increment
    raise MaxRetryError(_pool, url, reason) from reason  # type: ignore[arg-type]
    ^^^^^^^^^^^^^^^^^^^^^^^^^^^^^^^^^^^^^^^^^^^^^^^^^^^
urllib3.exceptions.MaxRetryError: HTTPConnectionPool(host='host.docker.internal', port=5000): Max retries exceeded with url: /stream?acceleration=100&mode=adaptive&max_delay=5.0&limit=1000 (Caused by NameResolutionError("<urllib3.connection.HTTPConnection object at 0x7fa1e043f8d0>: Failed to resolve 'host.docker.internal' ([Errno -3] Temporary failure in name resolution)"))

During handling of the above exception, another exception occurred:

Traceback (most recent call last):
  File "/home/airflow/.local/lib/python3.11/site-packages/airflow/models/taskinstance.py", line 433, in _execute_task
    result = execute_callable(context=context, **execute_callable_kwargs)
             ^^^^^^^^^^^^^^^^^^^^^^^^^^^^^^^^^^^^^^^^^^^^^^^^^^^^^^^^^^^^
  File "/home/airflow/.local/lib/python3.11/site-packages/airflow/operators/python.py", line 199, in execute
    return_value = self.execute_callable()
                   ^^^^^^^^^^^^^^^^^^^^^^^
  File "/home/airflow/.local/lib/python3.11/site-packages/airflow/operators/python.py", line 216, in execute_callable
    return self.python_callable(*self.op_args, **self.op_kwargs)
           ^^^^^^^^^^^^^^^^^^^^^^^^^^^^^^^^^^^^^^^^^^^^^^^^^^^^^
  File "/opt/airflow/dags/airflow_dag_api_to_kafka.py", line 118, in stream_api_to_kafka
    response = requests.get(stream_url, params=params, stream=True, timeout=3600)
               ^^^^^^^^^^^^^^^^^^^^^^^^^^^^^^^^^^^^^^^^^^^^^^^^^^^^^^^^^^^^^^^^^^
  File "/home/airflow/.local/lib/python3.11/site-packages/requests/api.py", line 73, in get
    return request("get", url, params=params, **kwargs)
           ^^^^^^^^^^^^^^^^^^^^^^^^^^^^^^^^^^^^^^^^^^^^
  File "/home/airflow/.local/lib/python3.11/site-packages/requests/api.py", line 59, in request
    return session.request(method=method, url=url, **kwargs)
           ^^^^^^^^^^^^^^^^^^^^^^^^^^^^^^^^^^^^^^^^^^^^^^^^^
  File "/home/airflow/.local/lib/python3.11/site-packages/requests/sessions.py", line 589, in request
    resp = self.send(prep, **send_kwargs)
           ^^^^^^^^^^^^^^^^^^^^^^^^^^^^^^
  File "/home/airflow/.local/lib/python3.11/site-packages/requests/sessions.py", line 703, in send
    r = adapter.send(request, **kwargs)
        ^^^^^^^^^^^^^^^^^^^^^^^^^^^^^^^
  File "/home/airflow/.local/lib/python3.11/site-packages/requests/adapters.py", line 519, in send
    raise ConnectionError(e, request=request)
requests.exceptions.ConnectionError: HTTPConnectionPool(host='host.docker.internal', port=5000): Max retries exceeded with url: /stream?acceleration=100&mode=adaptive&max_delay=5.0&limit=1000 (Caused by NameResolutionError("<urllib3.connection.HTTPConnection object at 0x7fa1e043f8d0>: Failed to resolve 'host.docker.internal' ([Errno -3] Temporary failure in name resolution)"))
[2026-01-28T04:33:18.841+0000] {taskinstance.py:1138} INFO - Marking task as UP_FOR_RETRY. dag_id=tle_api_to_kafka_streaming, task_id=stream_api_to_kafka, execution_date=20260128T030000, start_date=20260128T043310, end_date=20260128T043318
[2026-01-28T04:33:18.866+0000] {standard_task_runner.py:107} ERROR - Failed to execute job 28 for task stream_api_to_kafka (HTTPConnectionPool(host='host.docker.internal', port=5000): Max retries exceeded with url: /stream?acceleration=100&mode=adaptive&max_delay=5.0&limit=1000 (Caused by NameResolutionError("<urllib3.connection.HTTPConnection object at 0x7fa1e043f8d0>: Failed to resolve 'host.docker.internal' ([Errno -3] Temporary failure in name resolution)")); 1192)
[2026-01-28T04:33:18.889+0000] {local_task_job_runner.py:234} INFO - Task exited with return code 1
[2026-01-28T04:33:18.936+0000] {taskinstance.py:3280} INFO - 0 downstream tasks scheduled from follow-on schedule check
