[2026-02-04T09:45:05.339+0530] {taskinstance.py:1956} INFO - Dependencies all met for dep_context=non-requeueable deps ti=<TaskInstance: tle_data_ingestion.ingest_api_to_kafka scheduled__2026-02-04T04:10:00+00:00 [queued]>
[2026-02-04T09:45:05.354+0530] {taskinstance.py:1956} INFO - Dependencies all met for dep_context=requeueable deps ti=<TaskInstance: tle_data_ingestion.ingest_api_to_kafka scheduled__2026-02-04T04:10:00+00:00 [queued]>
[2026-02-04T09:45:05.355+0530] {taskinstance.py:2170} INFO - Starting attempt 1 of 3
[2026-02-04T09:45:05.375+0530] {taskinstance.py:2191} INFO - Executing <Task(PythonOperator): ingest_api_to_kafka> on 2026-02-04 04:10:00+00:00
[2026-02-04T09:45:05.385+0530] {standard_task_runner.py:60} INFO - Started process 7798 to run task
[2026-02-04T09:45:05.388+0530] {standard_task_runner.py:87} INFO - Running: ['***', 'tasks', 'run', 'tle_data_ingestion', 'ingest_api_to_kafka', 'scheduled__2026-02-04T04:10:00+00:00', '--job-id', '166', '--raw', '--subdir', 'DAGS_FOLDER/dag_tle_ingestion_only.py', '--cfg-path', '/tmp/tmpjdjd5tmk']
[2026-02-04T09:45:05.391+0530] {standard_task_runner.py:88} INFO - Job 166: Subtask ingest_api_to_kafka
[2026-02-04T09:45:05.458+0530] {task_command.py:423} INFO - Running <TaskInstance: tle_data_ingestion.ingest_api_to_kafka scheduled__2026-02-04T04:10:00+00:00 [running]> on host ***-scheduler
[2026-02-04T09:45:05.576+0530] {taskinstance.py:2480} INFO - Exporting env vars: AIRFLOW_CTX_DAG_OWNER='space-debris-team' AIRFLOW_CTX_DAG_ID='tle_data_ingestion' AIRFLOW_CTX_TASK_ID='ingest_api_to_kafka' AIRFLOW_CTX_EXECUTION_DATE='2026-02-04T04:10:00+00:00' AIRFLOW_CTX_TRY_NUMBER='1' AIRFLOW_CTX_DAG_RUN_ID='scheduled__2026-02-04T04:10:00+00:00'
[2026-02-04T09:45:05.625+0530] {dag_tle_ingestion_only.py:102} INFO - ============================================================
[2026-02-04T09:45:05.626+0530] {dag_tle_ingestion_only.py:103} INFO - Starting TLE API → Kafka Ingestion
[2026-02-04T09:45:05.626+0530] {dag_tle_ingestion_only.py:104} INFO - ============================================================
[2026-02-04T09:45:05.629+0530] {conn.py:380} INFO - <BrokerConnection node_id=bootstrap-0 host=kafka:9093 <connecting> [IPv4 ('172.21.0.10', 9093)]>: connecting to kafka:9093 [('172.21.0.10', 9093) IPv4]
[2026-02-04T09:45:05.629+0530] {conn.py:1205} INFO - Probing node bootstrap-0 broker version
[2026-02-04T09:45:05.630+0530] {conn.py:410} INFO - <BrokerConnection node_id=bootstrap-0 host=kafka:9093 <connecting> [IPv4 ('172.21.0.10', 9093)]>: Connection complete.
[2026-02-04T09:45:05.732+0530] {conn.py:1267} INFO - Broker version identified as 2.5.0
[2026-02-04T09:45:05.732+0530] {conn.py:1268} INFO - Set configuration api_version=(2, 5, 0) to skip auto check_version requests on startup
[2026-02-04T09:45:05.737+0530] {dag_tle_ingestion_only.py:120} INFO - ✓ Connected to Kafka: ['kafka:9093']
[2026-02-04T09:45:05.738+0530] {dag_tle_ingestion_only.py:138} INFO - Streaming from: http://tle-api:5000/stream
[2026-02-04T09:45:05.738+0530] {dag_tle_ingestion_only.py:139} INFO - Parameters: {'acceleration': 100, 'mode': 'adaptive', 'max_delay': 5.0, 'limit': 1000}
[2026-02-04T09:45:05.749+0530] {conn.py:380} INFO - <BrokerConnection node_id=1 host=kafka:9093 <connecting> [IPv4 ('172.21.0.10', 9093)]>: connecting to kafka:9093 [('172.21.0.10', 9093) IPv4]
[2026-02-04T09:45:05.750+0530] {conn.py:410} INFO - <BrokerConnection node_id=1 host=kafka:9093 <connecting> [IPv4 ('172.21.0.10', 9093)]>: Connection complete.
[2026-02-04T09:45:05.750+0530] {conn.py:919} INFO - <BrokerConnection node_id=bootstrap-0 host=kafka:9093 <connected> [IPv4 ('172.21.0.10', 9093)]>: Closing connection. 
[2026-02-04T09:52:43.713+0530] {dag_tle_ingestion_only.py:190} INFO - Progress: 100 records sent to Kafka
[2026-02-04T10:00:54.744+0530] {dag_tle_ingestion_only.py:190} INFO - Progress: 200 records sent to Kafka
[2026-02-04T10:08:28.075+0530] {dag_tle_ingestion_only.py:190} INFO - Progress: 300 records sent to Kafka
[2026-02-04T10:16:43.723+0530] {dag_tle_ingestion_only.py:190} INFO - Progress: 400 records sent to Kafka
[2026-02-04T10:24:59.493+0530] {dag_tle_ingestion_only.py:190} INFO - Progress: 500 records sent to Kafka
[2026-02-04T12:04:17.172+0530] {client_async.py:952} INFO - Closing idle connection 1, last active 5522533 ms ago
[2026-02-04T12:04:17.178+0530] {conn.py:919} INFO - <BrokerConnection node_id=1 host=kafka:9093 <connected> [IPv4 ('172.21.0.10', 9093)]>: Closing connection. 
[2026-02-04T12:04:17.187+0530] {conn.py:380} INFO - <BrokerConnection node_id=1 host=kafka:9093 <connecting> [IPv4 ('172.21.0.10', 9093)]>: connecting to kafka:9093 [('172.21.0.10', 9093) IPv4]
[2026-02-04T12:04:17.188+0530] {conn.py:410} INFO - <BrokerConnection node_id=1 host=kafka:9093 <connecting> [IPv4 ('172.21.0.10', 9093)]>: Connection complete.
[2026-02-04T12:04:54.566+0530] {local_task_job_runner.py:302} WARNING - State of this instance has been externally set to up_for_retry. Terminating instance.
[2026-02-04T12:04:54.572+0530] {process_utils.py:131} INFO - Sending 15 to group 7798. PIDs of all processes in the group: [7798]
[2026-02-04T12:04:54.573+0530] {process_utils.py:86} INFO - Sending the signal 15 to group 7798
[2026-02-04T12:04:54.574+0530] {taskinstance.py:2450} ERROR - Received SIGTERM. Terminating subprocesses.
[2026-02-04T12:04:54.576+0530] {dag_tle_ingestion_only.py:219} ERROR - Streaming error: Task received SIGTERM signal
[2026-02-04T12:04:54.617+0530] {taskinstance.py:2698} ERROR - Task failed with exception
Traceback (most recent call last):
  File "/home/airflow/.local/lib/python3.11/site-packages/airflow/models/taskinstance.py", line 433, in _execute_task
    result = execute_callable(context=context, **execute_callable_kwargs)
             ^^^^^^^^^^^^^^^^^^^^^^^^^^^^^^^^^^^^^^^^^^^^^^^^^^^^^^^^^^^^
  File "/home/airflow/.local/lib/python3.11/site-packages/airflow/operators/python.py", line 199, in execute
    return_value = self.execute_callable()
                   ^^^^^^^^^^^^^^^^^^^^^^^
  File "/home/airflow/.local/lib/python3.11/site-packages/airflow/operators/python.py", line 216, in execute_callable
    return self.python_callable(*self.op_args, **self.op_kwargs)
           ^^^^^^^^^^^^^^^^^^^^^^^^^^^^^^^^^^^^^^^^^^^^^^^^^^^^^
  File "/opt/airflow/dags/dag_tle_ingestion_only.py", line 149, in stream_api_to_kafka
    for line in response.iter_lines():
  File "/home/airflow/.local/lib/python3.11/site-packages/requests/models.py", line 865, in iter_lines
    for chunk in self.iter_content(
  File "/home/airflow/.local/lib/python3.11/site-packages/requests/models.py", line 816, in generate
    yield from self.raw.stream(chunk_size, decode_content=True)
  File "/home/airflow/.local/lib/python3.11/site-packages/urllib3/response.py", line 933, in stream
    yield from self.read_chunked(amt, decode_content=decode_content)
  File "/home/airflow/.local/lib/python3.11/site-packages/urllib3/response.py", line 1073, in read_chunked
    self._update_chunk_length()
  File "/home/airflow/.local/lib/python3.11/site-packages/urllib3/response.py", line 1001, in _update_chunk_length
    line = self._fp.fp.readline()  # type: ignore[union-attr]
           ^^^^^^^^^^^^^^^^^^^^^^
  File "/usr/local/lib/python3.11/socket.py", line 706, in readinto
    return self._sock.recv_into(b)
           ^^^^^^^^^^^^^^^^^^^^^^^
  File "/home/airflow/.local/lib/python3.11/site-packages/airflow/models/taskinstance.py", line 2452, in signal_handler
    raise AirflowException("Task received SIGTERM signal")
airflow.exceptions.AirflowException: Task received SIGTERM signal
[2026-02-04T12:04:54.628+0530] {taskinstance.py:1138} INFO - Marking task as UP_FOR_RETRY. dag_id=tle_data_ingestion, task_id=ingest_api_to_kafka, execution_date=20260204T041000, start_date=20260204T041505, end_date=20260204T063454
[2026-02-04T12:04:54.654+0530] {standard_task_runner.py:107} ERROR - Failed to execute job 166 for task ingest_api_to_kafka (Task received SIGTERM signal; 7798)
[2026-02-04T12:04:54.705+0530] {process_utils.py:79} INFO - Process psutil.Process(pid=7798, status='terminated', exitcode=1, started='09:45:04') (7798) terminated with exit code 1
