[2026-01-31T14:46:03.308+0000] {taskinstance.py:1956} INFO - Dependencies all met for dep_context=non-requeueable deps ti=<TaskInstance: spark_sgp4_streaming.check_kafka_topic manual__2026-01-31T14:46:02.543778+00:00 [queued]>
[2026-01-31T14:46:03.320+0000] {taskinstance.py:1956} INFO - Dependencies all met for dep_context=requeueable deps ti=<TaskInstance: spark_sgp4_streaming.check_kafka_topic manual__2026-01-31T14:46:02.543778+00:00 [queued]>
[2026-01-31T14:46:03.320+0000] {taskinstance.py:2170} INFO - Starting attempt 1 of 2
[2026-01-31T14:46:03.340+0000] {taskinstance.py:2191} INFO - Executing <Task(PythonOperator): check_kafka_topic> on 2026-01-31 14:46:02.543778+00:00
[2026-01-31T14:46:03.350+0000] {standard_task_runner.py:60} INFO - Started process 248 to run task
[2026-01-31T14:46:03.354+0000] {standard_task_runner.py:87} INFO - Running: ['***', 'tasks', 'run', 'spark_sgp4_streaming', 'check_kafka_topic', 'manual__2026-01-31T14:46:02.543778+00:00', '--job-id', '5', '--raw', '--subdir', 'DAGS_FOLDER/***_dag_spark_streaming.py', '--cfg-path', '/tmp/tmpqu54x9gs']
[2026-01-31T14:46:03.356+0000] {standard_task_runner.py:88} INFO - Job 5: Subtask check_kafka_topic
[2026-01-31T14:46:03.418+0000] {task_command.py:423} INFO - Running <TaskInstance: spark_sgp4_streaming.check_kafka_topic manual__2026-01-31T14:46:02.543778+00:00 [running]> on host ***-scheduler
[2026-01-31T14:46:03.518+0000] {taskinstance.py:2480} INFO - Exporting env vars: AIRFLOW_CTX_DAG_OWNER='space-debris-team' AIRFLOW_CTX_DAG_ID='spark_sgp4_streaming' AIRFLOW_CTX_TASK_ID='check_kafka_topic' AIRFLOW_CTX_EXECUTION_DATE='2026-01-31T14:46:02.543778+00:00' AIRFLOW_CTX_TRY_NUMBER='1' AIRFLOW_CTX_DAG_RUN_ID='manual__2026-01-31T14:46:02.543778+00:00'
[2026-01-31T14:46:03.564+0000] {conn.py:380} INFO - <BrokerConnection node_id=bootstrap-0 host=kafka:9093 <connecting> [IPv4 ('172.22.0.8', 9093)]>: connecting to kafka:9093 [('172.22.0.8', 9093) IPv4]
[2026-01-31T14:46:03.565+0000] {conn.py:1205} INFO - Probing node bootstrap-0 broker version
[2026-01-31T14:46:03.565+0000] {conn.py:410} INFO - <BrokerConnection node_id=bootstrap-0 host=kafka:9093 <connecting> [IPv4 ('172.22.0.8', 9093)]>: Connection complete.
[2026-01-31T14:46:03.669+0000] {conn.py:1267} INFO - Broker version identified as 2.5.0
[2026-01-31T14:46:03.670+0000] {conn.py:1268} INFO - Set configuration api_version=(2, 5, 0) to skip auto check_version requests on startup
[2026-01-31T14:46:03.671+0000] {consumer.py:118} WARNING - group_id is None: disabling auto-commit.
[2026-01-31T14:46:03.673+0000] {conn.py:919} INFO - <BrokerConnection node_id=bootstrap-0 host=kafka:9093 <connected> [IPv4 ('172.22.0.8', 9093)]>: Closing connection. 
[2026-01-31T14:46:03.673+0000] {airflow_dag_spark_streaming.py:42} INFO - ✓ Kafka topic 'space_debris_tle' exists
[2026-01-31T14:46:03.674+0000] {python.py:201} INFO - Done. Returned value was: True
[2026-01-31T14:46:03.716+0000] {taskinstance.py:1138} INFO - Marking task as SUCCESS. dag_id=spark_sgp4_streaming, task_id=check_kafka_topic, execution_date=20260131T144602, start_date=20260131T144603, end_date=20260131T144603
[2026-01-31T14:46:03.767+0000] {local_task_job_runner.py:234} INFO - Task exited with return code 0
[2026-01-31T14:46:03.806+0000] {taskinstance.py:3280} INFO - 1 downstream tasks scheduled from follow-on schedule check
