[2026-02-01T12:40:03.084+0530] {taskinstance.py:1956} INFO - Dependencies all met for dep_context=non-requeueable deps ti=<TaskInstance: spark_sgp4_streaming.check_kafka_topic manual__2026-02-01T07:10:00.913420+00:00 [queued]>
[2026-02-01T12:40:03.092+0530] {taskinstance.py:1956} INFO - Dependencies all met for dep_context=requeueable deps ti=<TaskInstance: spark_sgp4_streaming.check_kafka_topic manual__2026-02-01T07:10:00.913420+00:00 [queued]>
[2026-02-01T12:40:03.092+0530] {taskinstance.py:2170} INFO - Starting attempt 1 of 2
[2026-02-01T12:40:03.105+0530] {taskinstance.py:2191} INFO - Executing <Task(PythonOperator): check_kafka_topic> on 2026-02-01 07:10:00.913420+00:00
[2026-02-01T12:40:03.111+0530] {standard_task_runner.py:60} INFO - Started process 865 to run task
[2026-02-01T12:40:03.115+0530] {standard_task_runner.py:87} INFO - Running: ['***', 'tasks', 'run', 'spark_sgp4_streaming', 'check_kafka_topic', 'manual__2026-02-01T07:10:00.913420+00:00', '--job-id', '76', '--raw', '--subdir', 'DAGS_FOLDER/***_dag_spark_streaming.py', '--cfg-path', '/tmp/tmpkawchjjj']
[2026-02-01T12:40:03.118+0530] {standard_task_runner.py:88} INFO - Job 76: Subtask check_kafka_topic
[2026-02-01T12:40:03.216+0530] {task_command.py:423} INFO - Running <TaskInstance: spark_sgp4_streaming.check_kafka_topic manual__2026-02-01T07:10:00.913420+00:00 [running]> on host ***-scheduler
[2026-02-01T12:40:03.352+0530] {taskinstance.py:2480} INFO - Exporting env vars: AIRFLOW_CTX_DAG_OWNER='space-debris-team' AIRFLOW_CTX_DAG_ID='spark_sgp4_streaming' AIRFLOW_CTX_TASK_ID='check_kafka_topic' AIRFLOW_CTX_EXECUTION_DATE='2026-02-01T07:10:00.913420+00:00' AIRFLOW_CTX_TRY_NUMBER='1' AIRFLOW_CTX_DAG_RUN_ID='manual__2026-02-01T07:10:00.913420+00:00'
[2026-02-01T12:40:03.422+0530] {conn.py:380} INFO - <BrokerConnection node_id=bootstrap-0 host=kafka:9093 <connecting> [IPv4 ('172.21.0.8', 9093)]>: connecting to kafka:9093 [('172.21.0.8', 9093) IPv4]
[2026-02-01T12:40:03.423+0530] {conn.py:1205} INFO - Probing node bootstrap-0 broker version
[2026-02-01T12:40:03.423+0530] {conn.py:410} INFO - <BrokerConnection node_id=bootstrap-0 host=kafka:9093 <connecting> [IPv4 ('172.21.0.8', 9093)]>: Connection complete.
[2026-02-01T12:40:03.527+0530] {conn.py:1267} INFO - Broker version identified as 2.5.0
[2026-02-01T12:40:03.527+0530] {conn.py:1268} INFO - Set configuration api_version=(2, 5, 0) to skip auto check_version requests on startup
[2026-02-01T12:40:03.528+0530] {consumer.py:118} WARNING - group_id is None: disabling auto-commit.
[2026-02-01T12:40:03.529+0530] {conn.py:919} INFO - <BrokerConnection node_id=bootstrap-0 host=kafka:9093 <connected> [IPv4 ('172.21.0.8', 9093)]>: Closing connection. 
[2026-02-01T12:40:03.529+0530] {airflow_dag_spark_streaming.py:41} INFO - ✓ Kafka topic 'space_debris_tle' exists
[2026-02-01T12:40:03.530+0530] {python.py:201} INFO - Done. Returned value was: True
[2026-02-01T12:40:03.564+0530] {taskinstance.py:1138} INFO - Marking task as SUCCESS. dag_id=spark_sgp4_streaming, task_id=check_kafka_topic, execution_date=20260201T071000, start_date=20260201T071003, end_date=20260201T071003
[2026-02-01T12:40:03.607+0530] {local_task_job_runner.py:234} INFO - Task exited with return code 0
[2026-02-01T12:40:03.637+0530] {taskinstance.py:3280} INFO - 1 downstream tasks scheduled from follow-on schedule check
