[2026-02-01T12:15:28.909+0530] {taskinstance.py:1956} INFO - Dependencies all met for dep_context=non-requeueable deps ti=<TaskInstance: spark_sgp4_streaming.submit_spark_streaming_job manual__2026-02-01T06:39:35.420087+00:00 [queued]>
[2026-02-01T12:15:28.919+0530] {taskinstance.py:1956} INFO - Dependencies all met for dep_context=requeueable deps ti=<TaskInstance: spark_sgp4_streaming.submit_spark_streaming_job manual__2026-02-01T06:39:35.420087+00:00 [queued]>
[2026-02-01T12:15:28.919+0530] {taskinstance.py:2170} INFO - Starting attempt 3 of 3
[2026-02-01T12:15:28.931+0530] {taskinstance.py:2191} INFO - Executing <Task(PythonOperator): submit_spark_streaming_job> on 2026-02-01 06:39:35.420087+00:00
[2026-02-01T12:15:28.938+0530] {standard_task_runner.py:60} INFO - Started process 236 to run task
[2026-02-01T12:15:28.941+0530] {standard_task_runner.py:87} INFO - Running: ['***', 'tasks', 'run', 'spark_sgp4_streaming', 'submit_spark_streaming_job', 'manual__2026-02-01T06:39:35.420087+00:00', '--job-id', '48', '--raw', '--subdir', 'DAGS_FOLDER/***_dag_spark_streaming.py', '--cfg-path', '/tmp/tmpllnlzdvo']
[2026-02-01T12:15:28.943+0530] {standard_task_runner.py:88} INFO - Job 48: Subtask submit_spark_streaming_job
[2026-02-01T12:15:29.005+0530] {task_command.py:423} INFO - Running <TaskInstance: spark_sgp4_streaming.submit_spark_streaming_job manual__2026-02-01T06:39:35.420087+00:00 [running]> on host ***-scheduler
[2026-02-01T12:15:29.116+0530] {taskinstance.py:2480} INFO - Exporting env vars: AIRFLOW_CTX_DAG_OWNER='space-debris-team' AIRFLOW_CTX_DAG_ID='spark_sgp4_streaming' AIRFLOW_CTX_TASK_ID='submit_spark_streaming_job' AIRFLOW_CTX_EXECUTION_DATE='2026-02-01T06:39:35.420087+00:00' AIRFLOW_CTX_TRY_NUMBER='3' AIRFLOW_CTX_DAG_RUN_ID='manual__2026-02-01T06:39:35.420087+00:00'
[2026-02-01T12:15:29.117+0530] {airflow_dag_spark_streaming.py:47} INFO - Executing: docker exec spark-master /opt/spark/bin/spark-submit --master spark://spark-master:7077 --deploy-mode client --name SGP4-Vector-Computation --packages org.apache.spark:spark-sql-kafka-0-10_2.12:3.5.0 --conf spark.executor.memory=2g --conf spark.executor.cores=2 --conf spark.driver.memory=1g /opt/spark-apps/processing/spark_sgp4_to_hdfs.py
[2026-02-01T12:15:29.130+0530] {airflow_dag_spark_streaming.py:57} INFO - STDOUT: 
[2026-02-01T12:15:29.131+0530] {airflow_dag_spark_streaming.py:59} WARNING - STDERR: permission denied while trying to connect to the Docker daemon socket at unix:///var/run/docker.sock: Get "http://%2Fvar%2Frun%2Fdocker.sock/v1.24/containers/spark-master/json": dial unix /var/run/docker.sock: connect: permission denied

[2026-02-01T12:15:29.131+0530] {airflow_dag_spark_streaming.py:66} ERROR - Error submitting Spark job: Spark job failed with return code 1
[2026-02-01T12:15:29.131+0530] {taskinstance.py:2698} ERROR - Task failed with exception
Traceback (most recent call last):
  File "/home/airflow/.local/lib/python3.11/site-packages/airflow/models/taskinstance.py", line 433, in _execute_task
    result = execute_callable(context=context, **execute_callable_kwargs)
             ^^^^^^^^^^^^^^^^^^^^^^^^^^^^^^^^^^^^^^^^^^^^^^^^^^^^^^^^^^^^
  File "/home/airflow/.local/lib/python3.11/site-packages/airflow/operators/python.py", line 199, in execute
    return_value = self.execute_callable()
                   ^^^^^^^^^^^^^^^^^^^^^^^
  File "/home/airflow/.local/lib/python3.11/site-packages/airflow/operators/python.py", line 216, in execute_callable
    return self.python_callable(*self.op_args, **self.op_kwargs)
           ^^^^^^^^^^^^^^^^^^^^^^^^^^^^^^^^^^^^^^^^^^^^^^^^^^^^^
  File "/opt/airflow/dags/airflow_dag_spark_streaming.py", line 62, in submit_spark_job_via_docker
    raise Exception(f"Spark job failed with return code {result.returncode}")
Exception: Spark job failed with return code 1
[2026-02-01T12:15:29.146+0530] {taskinstance.py:1138} INFO - Marking task as FAILED. dag_id=spark_sgp4_streaming, task_id=submit_spark_streaming_job, execution_date=20260201T063935, start_date=20260201T064528, end_date=20260201T064529
[2026-02-01T12:15:29.159+0530] {standard_task_runner.py:107} ERROR - Failed to execute job 48 for task submit_spark_streaming_job (Spark job failed with return code 1; 236)
[2026-02-01T12:15:29.193+0530] {local_task_job_runner.py:234} INFO - Task exited with return code 1
[2026-02-01T12:15:29.273+0530] {taskinstance.py:3280} INFO - 0 downstream tasks scheduled from follow-on schedule check
