[2026-02-01T12:09:38.036+0530] {taskinstance.py:1956} INFO - Dependencies all met for dep_context=non-requeueable deps ti=<TaskInstance: spark_sgp4_streaming.submit_spark_streaming_job manual__2026-02-01T06:39:35.420087+00:00 [queued]>
[2026-02-01T12:09:38.045+0530] {taskinstance.py:1956} INFO - Dependencies all met for dep_context=requeueable deps ti=<TaskInstance: spark_sgp4_streaming.submit_spark_streaming_job manual__2026-02-01T06:39:35.420087+00:00 [queued]>
[2026-02-01T12:09:38.045+0530] {taskinstance.py:2170} INFO - Starting attempt 1 of 2
[2026-02-01T12:09:38.057+0530] {taskinstance.py:2191} INFO - Executing <Task(SparkSubmitOperator): submit_spark_streaming_job> on 2026-02-01 06:39:35.420087+00:00
[2026-02-01T12:09:38.064+0530] {standard_task_runner.py:60} INFO - Started process 448 to run task
[2026-02-01T12:09:38.067+0530] {standard_task_runner.py:87} INFO - Running: ['***', 'tasks', 'run', 'spark_sgp4_streaming', 'submit_spark_streaming_job', 'manual__2026-02-01T06:39:35.420087+00:00', '--job-id', '38', '--raw', '--subdir', 'DAGS_FOLDER/***_dag_spark_streaming.py', '--cfg-path', '/tmp/tmphxm0arfd']
[2026-02-01T12:09:38.069+0530] {standard_task_runner.py:88} INFO - Job 38: Subtask submit_spark_streaming_job
[2026-02-01T12:09:38.129+0530] {task_command.py:423} INFO - Running <TaskInstance: spark_sgp4_streaming.submit_spark_streaming_job manual__2026-02-01T06:39:35.420087+00:00 [running]> on host ***-scheduler
[2026-02-01T12:09:38.239+0530] {taskinstance.py:2480} INFO - Exporting env vars: AIRFLOW_CTX_DAG_OWNER='space-debris-team' AIRFLOW_CTX_DAG_ID='spark_sgp4_streaming' AIRFLOW_CTX_TASK_ID='submit_spark_streaming_job' AIRFLOW_CTX_EXECUTION_DATE='2026-02-01T06:39:35.420087+00:00' AIRFLOW_CTX_TRY_NUMBER='1' AIRFLOW_CTX_DAG_RUN_ID='manual__2026-02-01T06:39:35.420087+00:00'
[2026-02-01T12:09:38.258+0530] {base.py:83} INFO - Using connection ID 'spark_default' for task execution.
[2026-02-01T12:09:38.260+0530] {spark_submit.py:351} INFO - Spark-Submit cmd: spark-submit --master spark-master:7077 --conf spark.executor.memory=2g --conf spark.executor.cores=2 --conf spark.driver.memory=1g --packages org.apache.spark:spark-sql-kafka-0-10_2.12:3.5.0 --name SGP4-Vector-Computation --verbose --queue root.default --deploy-mode client /opt/spark-apps/processing/spark_sgp4_to_hdfs.py
[2026-02-01T12:09:38.309+0530] {spark_submit.py:521} INFO - JAVA_HOME is not set
[2026-02-01T12:09:38.325+0530] {taskinstance.py:2698} ERROR - Task failed with exception
Traceback (most recent call last):
  File "/home/airflow/.local/lib/python3.11/site-packages/airflow/models/taskinstance.py", line 433, in _execute_task
    result = execute_callable(context=context, **execute_callable_kwargs)
             ^^^^^^^^^^^^^^^^^^^^^^^^^^^^^^^^^^^^^^^^^^^^^^^^^^^^^^^^^^^^
  File "/home/airflow/.local/lib/python3.11/site-packages/airflow/providers/apache/spark/operators/spark_submit.py", line 160, in execute
    self._hook.submit(self._application)
  File "/home/airflow/.local/lib/python3.11/site-packages/airflow/providers/apache/spark/hooks/spark_submit.py", line 452, in submit
    raise AirflowException(
airflow.exceptions.AirflowException: Cannot execute: spark-submit --master spark-master:7077 --conf spark.executor.memory=2g --conf spark.executor.cores=2 --conf spark.driver.memory=1g --packages org.apache.spark:spark-sql-kafka-0-10_2.12:3.5.0 --name SGP4-Vector-Computation --verbose --queue root.default --deploy-mode client /opt/spark-apps/processing/spark_sgp4_to_hdfs.py. Error code is: 1.
[2026-02-01T12:09:38.329+0530] {taskinstance.py:1138} INFO - Marking task as UP_FOR_RETRY. dag_id=spark_sgp4_streaming, task_id=submit_spark_streaming_job, execution_date=20260201T063935, start_date=20260201T063938, end_date=20260201T063938
[2026-02-01T12:09:38.341+0530] {standard_task_runner.py:107} ERROR - Failed to execute job 38 for task submit_spark_streaming_job (Cannot execute: spark-submit --master spark-master:7077 --conf spark.executor.memory=2g --conf spark.executor.cores=2 --conf spark.driver.memory=1g --packages org.apache.spark:spark-sql-kafka-0-10_2.12:3.5.0 --name SGP4-Vector-Computation --verbose --queue root.default --deploy-mode client /opt/spark-apps/processing/spark_sgp4_to_hdfs.py. Error code is: 1.; 448)
[2026-02-01T12:09:38.359+0530] {local_task_job_runner.py:234} INFO - Task exited with return code 1
[2026-02-01T12:09:38.383+0530] {taskinstance.py:3280} INFO - 0 downstream tasks scheduled from follow-on schedule check
