[2026-01-31T14:57:18.576+0000] {taskinstance.py:1956} INFO - Dependencies all met for dep_context=non-requeueable deps ti=<TaskInstance: spark_sgp4_streaming.submit_spark_streaming_job manual__2026-01-31T14:52:15+00:00 [queued]>
[2026-01-31T14:57:18.587+0000] {taskinstance.py:1956} INFO - Dependencies all met for dep_context=requeueable deps ti=<TaskInstance: spark_sgp4_streaming.submit_spark_streaming_job manual__2026-01-31T14:52:15+00:00 [queued]>
[2026-01-31T14:57:18.588+0000] {taskinstance.py:2170} INFO - Starting attempt 2 of 2
[2026-01-31T14:57:18.605+0000] {taskinstance.py:2191} INFO - Executing <Task(PythonOperator): submit_spark_streaming_job> on 2026-01-31 14:52:15+00:00
[2026-01-31T14:57:18.615+0000] {standard_task_runner.py:60} INFO - Started process 608 to run task
[2026-01-31T14:57:18.620+0000] {standard_task_runner.py:87} INFO - Running: ['***', 'tasks', 'run', 'spark_sgp4_streaming', 'submit_spark_streaming_job', 'manual__2026-01-31T14:52:15+00:00', '--job-id', '16', '--raw', '--subdir', 'DAGS_FOLDER/***_dag_spark_streaming.py', '--cfg-path', '/tmp/tmpbiaog87s']
[2026-01-31T14:57:18.623+0000] {standard_task_runner.py:88} INFO - Job 16: Subtask submit_spark_streaming_job
[2026-01-31T14:57:18.700+0000] {task_command.py:423} INFO - Running <TaskInstance: spark_sgp4_streaming.submit_spark_streaming_job manual__2026-01-31T14:52:15+00:00 [running]> on host ***-scheduler
[2026-01-31T14:57:18.811+0000] {taskinstance.py:2480} INFO - Exporting env vars: AIRFLOW_CTX_DAG_OWNER='space-debris-team' AIRFLOW_CTX_DAG_ID='spark_sgp4_streaming' AIRFLOW_CTX_TASK_ID='submit_spark_streaming_job' AIRFLOW_CTX_EXECUTION_DATE='2026-01-31T14:52:15+00:00' AIRFLOW_CTX_TRY_NUMBER='2' AIRFLOW_CTX_DAG_RUN_ID='manual__2026-01-31T14:52:15+00:00'
[2026-01-31T14:57:18.812+0000] {airflow_dag_spark_streaming.py:101} INFO - Checking Spark Master availability...
[2026-01-31T14:57:18.827+0000] {airflow_dag_spark_streaming.py:107} INFO - ✓ Spark Master is accessible
[2026-01-31T14:57:18.828+0000] {airflow_dag_spark_streaming.py:111} INFO - ================================================================================
[2026-01-31T14:57:18.828+0000] {airflow_dag_spark_streaming.py:112} INFO - SPARK JOB SUBMISSION INFO:
[2026-01-31T14:57:18.828+0000] {airflow_dag_spark_streaming.py:113} INFO - ================================================================================
[2026-01-31T14:57:18.828+0000] {airflow_dag_spark_streaming.py:114} INFO - To submit the Spark streaming job, run this command:
[2026-01-31T14:57:18.828+0000] {airflow_dag_spark_streaming.py:115} INFO - 
[2026-01-31T14:57:18.828+0000] {airflow_dag_spark_streaming.py:116} INFO - docker exec spark-master /opt/spark/bin/spark-submit \
[2026-01-31T14:57:18.828+0000] {airflow_dag_spark_streaming.py:117} INFO -   --master spark://spark-master:7077 \
[2026-01-31T14:57:18.829+0000] {airflow_dag_spark_streaming.py:118} INFO -   --deploy-mode client \
[2026-01-31T14:57:18.829+0000] {airflow_dag_spark_streaming.py:119} INFO -   --name 'SGP4-Vector-Computation' \
[2026-01-31T14:57:18.829+0000] {airflow_dag_spark_streaming.py:120} INFO -   --packages org.apache.spark:spark-sql-kafka-0-10_2.12:3.5.0 \
[2026-01-31T14:57:18.829+0000] {airflow_dag_spark_streaming.py:121} INFO -   --conf spark.executor.memory=2g \
[2026-01-31T14:57:18.829+0000] {airflow_dag_spark_streaming.py:122} INFO -   --conf spark.executor.cores=2 \
[2026-01-31T14:57:18.829+0000] {airflow_dag_spark_streaming.py:123} INFO -   --conf spark.driver.memory=1g \
[2026-01-31T14:57:18.829+0000] {airflow_dag_spark_streaming.py:124} INFO -   /opt/spark-apps/processing/spark_sgp4_to_hdfs.py
[2026-01-31T14:57:18.829+0000] {airflow_dag_spark_streaming.py:125} INFO - ================================================================================
[2026-01-31T14:57:18.830+0000] {python.py:201} INFO - Done. Returned value was: Manual submission required - see logs
[2026-01-31T14:57:18.870+0000] {taskinstance.py:1138} INFO - Marking task as SUCCESS. dag_id=spark_sgp4_streaming, task_id=submit_spark_streaming_job, execution_date=20260131T145215, start_date=20260131T145718, end_date=20260131T145718
[2026-01-31T14:57:18.911+0000] {local_task_job_runner.py:234} INFO - Task exited with return code 0
[2026-01-31T14:57:18.944+0000] {taskinstance.py:3280} INFO - 0 downstream tasks scheduled from follow-on schedule check
