[2026-02-01T17:28:03.954+0530] {taskinstance.py:1956} INFO - Dependencies all met for dep_context=non-requeueable deps ti=<TaskInstance: tle_api_to_kafka_streaming.stream_api_to_kafka scheduled__2026-02-01T11:56:00+00:00 [queued]>
[2026-02-01T17:28:03.968+0530] {taskinstance.py:1956} INFO - Dependencies all met for dep_context=requeueable deps ti=<TaskInstance: tle_api_to_kafka_streaming.stream_api_to_kafka scheduled__2026-02-01T11:56:00+00:00 [queued]>
[2026-02-01T17:28:03.968+0530] {taskinstance.py:2170} INFO - Starting attempt 1 of 3
[2026-02-01T17:28:03.988+0530] {taskinstance.py:2191} INFO - Executing <Task(PythonOperator): stream_api_to_kafka> on 2026-02-01 11:56:00+00:00
[2026-02-01T17:28:03.998+0530] {standard_task_runner.py:60} INFO - Started process 2419 to run task
[2026-02-01T17:28:04.001+0530] {standard_task_runner.py:87} INFO - Running: ['***', 'tasks', 'run', 'tle_api_to_kafka_streaming', 'stream_api_to_kafka', 'scheduled__2026-02-01T11:56:00+00:00', '--job-id', '220', '--raw', '--subdir', 'DAGS_FOLDER/***_dag_api_to_kafka.py', '--cfg-path', '/tmp/tmpv0ixqg3m']
[2026-02-01T17:28:04.003+0530] {standard_task_runner.py:88} INFO - Job 220: Subtask stream_api_to_kafka
[2026-02-01T17:28:04.069+0530] {task_command.py:423} INFO - Running <TaskInstance: tle_api_to_kafka_streaming.stream_api_to_kafka scheduled__2026-02-01T11:56:00+00:00 [running]> on host ***-scheduler
[2026-02-01T17:28:04.184+0530] {taskinstance.py:2480} INFO - Exporting env vars: AIRFLOW_CTX_DAG_OWNER='space-debris-team' AIRFLOW_CTX_DAG_ID='tle_api_to_kafka_streaming' AIRFLOW_CTX_TASK_ID='stream_api_to_kafka' AIRFLOW_CTX_EXECUTION_DATE='2026-02-01T11:56:00+00:00' AIRFLOW_CTX_TRY_NUMBER='1' AIRFLOW_CTX_DAG_RUN_ID='scheduled__2026-02-01T11:56:00+00:00'
[2026-02-01T17:28:04.185+0530] {airflow_dag_api_to_kafka.py:87} INFO - Starting TLE API to Kafka streaming
[2026-02-01T17:28:04.188+0530] {conn.py:380} INFO - <BrokerConnection node_id=bootstrap-0 host=kafka:9093 <connecting> [IPv4 ('172.21.0.8', 9093)]>: connecting to kafka:9093 [('172.21.0.8', 9093) IPv4]
[2026-02-01T17:28:04.188+0530] {conn.py:1205} INFO - Probing node bootstrap-0 broker version
[2026-02-01T17:28:04.189+0530] {conn.py:410} INFO - <BrokerConnection node_id=bootstrap-0 host=kafka:9093 <connecting> [IPv4 ('172.21.0.8', 9093)]>: Connection complete.
[2026-02-01T17:28:04.291+0530] {conn.py:1267} INFO - Broker version identified as 2.5.0
[2026-02-01T17:28:04.292+0530] {conn.py:1268} INFO - Set configuration api_version=(2, 5, 0) to skip auto check_version requests on startup
[2026-02-01T17:28:04.298+0530] {airflow_dag_api_to_kafka.py:98} INFO - Kafka producer initialized
[2026-02-01T17:28:04.299+0530] {airflow_dag_api_to_kafka.py:109} INFO - Connecting to: http://tle-api:5000/stream
[2026-02-01T17:28:04.299+0530] {airflow_dag_api_to_kafka.py:110} INFO - Parameters: {'acceleration': 100, 'mode': 'adaptive', 'max_delay': 5.0, 'limit': 1000}
[2026-02-01T17:28:04.307+0530] {conn.py:380} INFO - <BrokerConnection node_id=1 host=kafka:9093 <connecting> [IPv4 ('172.21.0.8', 9093)]>: connecting to kafka:9093 [('172.21.0.8', 9093) IPv4]
[2026-02-01T17:28:04.308+0530] {conn.py:410} INFO - <BrokerConnection node_id=1 host=kafka:9093 <connecting> [IPv4 ('172.21.0.8', 9093)]>: Connection complete.
[2026-02-01T17:28:04.308+0530] {conn.py:919} INFO - <BrokerConnection node_id=bootstrap-0 host=kafka:9093 <connected> [IPv4 ('172.21.0.8', 9093)]>: Closing connection. 
[2026-02-01T17:35:42.236+0530] {airflow_dag_api_to_kafka.py:161} INFO - Streamed 100 records to Kafka
[2026-02-01T17:50:09.162+0530] {airflow_dag_api_to_kafka.py:161} INFO - Streamed 200 records to Kafka
[2026-02-01T17:57:37.618+0530] {airflow_dag_api_to_kafka.py:161} INFO - Streamed 300 records to Kafka
[2026-02-01T18:05:53.226+0530] {airflow_dag_api_to_kafka.py:161} INFO - Streamed 400 records to Kafka
[2026-02-01T18:14:08.966+0530] {airflow_dag_api_to_kafka.py:161} INFO - Streamed 500 records to Kafka
[2026-02-01T18:22:31.087+0530] {airflow_dag_api_to_kafka.py:161} INFO - Streamed 600 records to Kafka
[2026-02-01T18:30:42.941+0530] {airflow_dag_api_to_kafka.py:161} INFO - Streamed 700 records to Kafka
[2026-02-01T18:39:03.093+0530] {airflow_dag_api_to_kafka.py:161} INFO - Streamed 800 records to Kafka
[2026-02-01T18:47:23.287+0530] {airflow_dag_api_to_kafka.py:161} INFO - Streamed 900 records to Kafka
[2026-02-01T18:54:57.772+0530] {airflow_dag_api_to_kafka.py:161} INFO - Streamed 1000 records to Kafka
[2026-02-01T18:54:57.773+0530] {airflow_dag_api_to_kafka.py:127} INFO - Stream summary: {'type': 'summary', 'total_records': 1000, 'real_time_span_seconds': 58924361.95372809, 'stream_time_seconds': 4833.88146494, 'effective_acceleration': 12189.86489037945}
[2026-02-01T18:54:57.776+0530] {kafka.py:483} INFO - Closing the Kafka producer with 9223372036.0 secs timeout.
[2026-02-01T18:54:57.785+0530] {conn.py:919} INFO - <BrokerConnection node_id=1 host=kafka:9093 <connected> [IPv4 ('172.21.0.8', 9093)]>: Closing connection. 
[2026-02-01T18:54:57.787+0530] {airflow_dag_api_to_kafka.py:178} INFO - ================================================================================
[2026-02-01T18:54:57.788+0530] {airflow_dag_api_to_kafka.py:179} INFO - Streaming complete: 1000 records sent, 0 errors
[2026-02-01T18:54:57.788+0530] {airflow_dag_api_to_kafka.py:180} INFO - Time elapsed: 5213.49s, Rate: 0.19 msg/s
[2026-02-01T18:54:57.788+0530] {airflow_dag_api_to_kafka.py:181} INFO - ================================================================================
[2026-02-01T18:54:57.792+0530] {python.py:201} INFO - Done. Returned value was: None
[2026-02-01T18:54:57.840+0530] {taskinstance.py:1138} INFO - Marking task as SUCCESS. dag_id=tle_api_to_kafka_streaming, task_id=stream_api_to_kafka, execution_date=20260201T115600, start_date=20260201T115803, end_date=20260201T132457
[2026-02-01T18:54:57.919+0530] {local_task_job_runner.py:234} INFO - Task exited with return code 0
[2026-02-01T18:54:57.977+0530] {taskinstance.py:3280} INFO - 1 downstream tasks scheduled from follow-on schedule check
