[2026-02-01T13:40:06.228+0530] {taskinstance.py:1956} INFO - Dependencies all met for dep_context=non-requeueable deps ti=<TaskInstance: tle_api_to_kafka_streaming.stream_api_to_kafka scheduled__2026-02-01T08:08:00+00:00 [queued]>
[2026-02-01T13:40:06.236+0530] {taskinstance.py:1956} INFO - Dependencies all met for dep_context=requeueable deps ti=<TaskInstance: tle_api_to_kafka_streaming.stream_api_to_kafka scheduled__2026-02-01T08:08:00+00:00 [queued]>
[2026-02-01T13:40:06.236+0530] {taskinstance.py:2170} INFO - Starting attempt 1 of 3
[2026-02-01T13:40:06.249+0530] {taskinstance.py:2191} INFO - Executing <Task(PythonOperator): stream_api_to_kafka> on 2026-02-01 08:08:00+00:00
[2026-02-01T13:40:06.255+0530] {standard_task_runner.py:60} INFO - Started process 2256 to run task
[2026-02-01T13:40:06.258+0530] {standard_task_runner.py:87} INFO - Running: ['***', 'tasks', 'run', 'tle_api_to_kafka_streaming', 'stream_api_to_kafka', 'scheduled__2026-02-01T08:08:00+00:00', '--job-id', '98', '--raw', '--subdir', 'DAGS_FOLDER/***_dag_api_to_kafka.py', '--cfg-path', '/tmp/tmpmld_rjpw']
[2026-02-01T13:40:06.260+0530] {standard_task_runner.py:88} INFO - Job 98: Subtask stream_api_to_kafka
[2026-02-01T13:40:06.324+0530] {task_command.py:423} INFO - Running <TaskInstance: tle_api_to_kafka_streaming.stream_api_to_kafka scheduled__2026-02-01T08:08:00+00:00 [running]> on host ***-scheduler
[2026-02-01T13:40:06.436+0530] {taskinstance.py:2480} INFO - Exporting env vars: AIRFLOW_CTX_DAG_OWNER='space-debris-team' AIRFLOW_CTX_DAG_ID='tle_api_to_kafka_streaming' AIRFLOW_CTX_TASK_ID='stream_api_to_kafka' AIRFLOW_CTX_EXECUTION_DATE='2026-02-01T08:08:00+00:00' AIRFLOW_CTX_TRY_NUMBER='1' AIRFLOW_CTX_DAG_RUN_ID='scheduled__2026-02-01T08:08:00+00:00'
[2026-02-01T13:40:06.437+0530] {airflow_dag_api_to_kafka.py:87} INFO - Starting TLE API to Kafka streaming
[2026-02-01T13:40:06.440+0530] {conn.py:380} INFO - <BrokerConnection node_id=bootstrap-0 host=kafka:9093 <connecting> [IPv4 ('172.21.0.8', 9093)]>: connecting to kafka:9093 [('172.21.0.8', 9093) IPv4]
[2026-02-01T13:40:06.441+0530] {conn.py:1205} INFO - Probing node bootstrap-0 broker version
[2026-02-01T13:40:06.441+0530] {conn.py:410} INFO - <BrokerConnection node_id=bootstrap-0 host=kafka:9093 <connecting> [IPv4 ('172.21.0.8', 9093)]>: Connection complete.
[2026-02-01T13:40:06.543+0530] {conn.py:1267} INFO - Broker version identified as 2.5.0
[2026-02-01T13:40:06.544+0530] {conn.py:1268} INFO - Set configuration api_version=(2, 5, 0) to skip auto check_version requests on startup
[2026-02-01T13:40:06.546+0530] {airflow_dag_api_to_kafka.py:98} INFO - Kafka producer initialized
[2026-02-01T13:40:06.546+0530] {airflow_dag_api_to_kafka.py:109} INFO - Connecting to: http://tle-api:5000/stream
[2026-02-01T13:40:06.546+0530] {airflow_dag_api_to_kafka.py:110} INFO - Parameters: {'acceleration': 100, 'mode': 'adaptive', 'max_delay': 5.0, 'limit': 1000}
[2026-02-01T13:40:06.553+0530] {conn.py:380} INFO - <BrokerConnection node_id=1 host=kafka:9093 <connecting> [IPv4 ('172.21.0.8', 9093)]>: connecting to kafka:9093 [('172.21.0.8', 9093) IPv4]
[2026-02-01T13:40:06.553+0530] {conn.py:410} INFO - <BrokerConnection node_id=1 host=kafka:9093 <connecting> [IPv4 ('172.21.0.8', 9093)]>: Connection complete.
[2026-02-01T13:40:06.553+0530] {conn.py:919} INFO - <BrokerConnection node_id=bootstrap-0 host=kafka:9093 <connected> [IPv4 ('172.21.0.8', 9093)]>: Closing connection. 
[2026-02-01T13:47:44.487+0530] {airflow_dag_api_to_kafka.py:161} INFO - Streamed 100 records to Kafka
[2026-02-01T13:55:55.459+0530] {airflow_dag_api_to_kafka.py:161} INFO - Streamed 200 records to Kafka
[2026-02-01T14:03:23.949+0530] {airflow_dag_api_to_kafka.py:161} INFO - Streamed 300 records to Kafka
[2026-02-01T14:11:39.585+0530] {airflow_dag_api_to_kafka.py:161} INFO - Streamed 400 records to Kafka
[2026-02-01T14:19:55.334+0530] {airflow_dag_api_to_kafka.py:161} INFO - Streamed 500 records to Kafka
[2026-02-01T14:28:15.501+0530] {airflow_dag_api_to_kafka.py:161} INFO - Streamed 600 records to Kafka
[2026-02-01T14:36:27.407+0530] {airflow_dag_api_to_kafka.py:161} INFO - Streamed 700 records to Kafka
[2026-02-01T14:44:49.700+0530] {airflow_dag_api_to_kafka.py:161} INFO - Streamed 800 records to Kafka
[2026-02-01T14:53:09.904+0530] {airflow_dag_api_to_kafka.py:161} INFO - Streamed 900 records to Kafka
[2026-02-01T15:00:44.378+0530] {airflow_dag_api_to_kafka.py:161} INFO - Streamed 1000 records to Kafka
[2026-02-01T15:00:44.379+0530] {airflow_dag_api_to_kafka.py:127} INFO - Stream summary: {'type': 'summary', 'total_records': 1000, 'real_time_span_seconds': 58924361.95372809, 'stream_time_seconds': 4833.88146494, 'effective_acceleration': 12189.86489037945}
[2026-02-01T15:00:44.383+0530] {kafka.py:483} INFO - Closing the Kafka producer with 9223372036.0 secs timeout.
[2026-02-01T15:00:44.393+0530] {conn.py:919} INFO - <BrokerConnection node_id=1 host=kafka:9093 <connected> [IPv4 ('172.21.0.8', 9093)]>: Closing connection. 
[2026-02-01T15:00:44.395+0530] {airflow_dag_api_to_kafka.py:178} INFO - ================================================================================
[2026-02-01T15:00:44.395+0530] {airflow_dag_api_to_kafka.py:179} INFO - Streaming complete: 1000 records sent, 0 errors
[2026-02-01T15:00:44.396+0530] {airflow_dag_api_to_kafka.py:180} INFO - Time elapsed: 4837.85s, Rate: 0.21 msg/s
[2026-02-01T15:00:44.396+0530] {airflow_dag_api_to_kafka.py:181} INFO - ================================================================================
[2026-02-01T15:00:44.399+0530] {python.py:201} INFO - Done. Returned value was: None
[2026-02-01T15:00:44.468+0530] {taskinstance.py:1138} INFO - Marking task as SUCCESS. dag_id=tle_api_to_kafka_streaming, task_id=stream_api_to_kafka, execution_date=20260201T080800, start_date=20260201T081006, end_date=20260201T093044
[2026-02-01T15:00:44.552+0530] {local_task_job_runner.py:234} INFO - Task exited with return code 0
[2026-02-01T15:00:44.632+0530] {taskinstance.py:3280} INFO - 1 downstream tasks scheduled from follow-on schedule check
