[2026-02-01T12:09:35.171+0530] {taskinstance.py:1956} INFO - Dependencies all met for dep_context=non-requeueable deps ti=<TaskInstance: tle_api_to_kafka_streaming.stream_api_to_kafka scheduled__2026-02-01T06:14:00+00:00 [queued]>
[2026-02-01T12:09:35.181+0530] {taskinstance.py:1956} INFO - Dependencies all met for dep_context=requeueable deps ti=<TaskInstance: tle_api_to_kafka_streaming.stream_api_to_kafka scheduled__2026-02-01T06:14:00+00:00 [queued]>
[2026-02-01T12:09:35.182+0530] {taskinstance.py:2170} INFO - Starting attempt 3 of 3
[2026-02-01T12:09:35.198+0530] {taskinstance.py:2191} INFO - Executing <Task(PythonOperator): stream_api_to_kafka> on 2026-02-01 06:14:00+00:00
[2026-02-01T12:09:35.205+0530] {standard_task_runner.py:60} INFO - Started process 429 to run task
[2026-02-01T12:09:35.208+0530] {standard_task_runner.py:87} INFO - Running: ['***', 'tasks', 'run', 'tle_api_to_kafka_streaming', 'stream_api_to_kafka', 'scheduled__2026-02-01T06:14:00+00:00', '--job-id', '29', '--raw', '--subdir', 'DAGS_FOLDER/***_dag_api_to_kafka.py', '--cfg-path', '/tmp/tmpvrrhivot']
[2026-02-01T12:09:35.210+0530] {standard_task_runner.py:88} INFO - Job 29: Subtask stream_api_to_kafka
[2026-02-01T12:09:35.284+0530] {task_command.py:423} INFO - Running <TaskInstance: tle_api_to_kafka_streaming.stream_api_to_kafka scheduled__2026-02-01T06:14:00+00:00 [running]> on host ***-scheduler
[2026-02-01T12:09:35.408+0530] {taskinstance.py:2480} INFO - Exporting env vars: AIRFLOW_CTX_DAG_OWNER='space-debris-team' AIRFLOW_CTX_DAG_ID='tle_api_to_kafka_streaming' AIRFLOW_CTX_TASK_ID='stream_api_to_kafka' AIRFLOW_CTX_EXECUTION_DATE='2026-02-01T06:14:00+00:00' AIRFLOW_CTX_TRY_NUMBER='3' AIRFLOW_CTX_DAG_RUN_ID='scheduled__2026-02-01T06:14:00+00:00'
[2026-02-01T12:09:35.410+0530] {airflow_dag_api_to_kafka.py:87} INFO - Starting TLE API to Kafka streaming
[2026-02-01T12:09:35.413+0530] {conn.py:380} INFO - <BrokerConnection node_id=bootstrap-0 host=kafka:9093 <connecting> [IPv4 ('172.21.0.8', 9093)]>: connecting to kafka:9093 [('172.21.0.8', 9093) IPv4]
[2026-02-01T12:09:35.414+0530] {conn.py:1205} INFO - Probing node bootstrap-0 broker version
[2026-02-01T12:09:35.415+0530] {conn.py:410} INFO - <BrokerConnection node_id=bootstrap-0 host=kafka:9093 <connecting> [IPv4 ('172.21.0.8', 9093)]>: Connection complete.
[2026-02-01T12:09:35.518+0530] {conn.py:1267} INFO - Broker version identified as 2.5.0
[2026-02-01T12:09:35.518+0530] {conn.py:1268} INFO - Set configuration api_version=(2, 5, 0) to skip auto check_version requests on startup
[2026-02-01T12:09:35.520+0530] {airflow_dag_api_to_kafka.py:98} INFO - Kafka producer initialized
[2026-02-01T12:09:35.520+0530] {airflow_dag_api_to_kafka.py:109} INFO - Connecting to: http://tle-api:5000/stream
[2026-02-01T12:09:35.521+0530] {airflow_dag_api_to_kafka.py:110} INFO - Parameters: {'acceleration': 100, 'mode': 'adaptive', 'max_delay': 5.0, 'limit': 1000}
[2026-02-01T12:09:35.558+0530] {conn.py:380} INFO - <BrokerConnection node_id=1 host=kafka:9093 <connecting> [IPv4 ('172.21.0.8', 9093)]>: connecting to kafka:9093 [('172.21.0.8', 9093) IPv4]
[2026-02-01T12:09:35.558+0530] {conn.py:410} INFO - <BrokerConnection node_id=1 host=kafka:9093 <connecting> [IPv4 ('172.21.0.8', 9093)]>: Connection complete.
[2026-02-01T12:09:35.559+0530] {conn.py:919} INFO - <BrokerConnection node_id=bootstrap-0 host=kafka:9093 <connected> [IPv4 ('172.21.0.8', 9093)]>: Closing connection. 
[2026-02-01T12:14:38.138+0530] {local_task_job_runner.py:121} ERROR - Received SIGTERM. Terminating subprocesses
[2026-02-01T12:14:38.149+0530] {process_utils.py:131} INFO - Sending 15 to group 429. PIDs of all processes in the group: [429]
[2026-02-01T12:14:38.150+0530] {process_utils.py:86} INFO - Sending the signal 15 to group 429
[2026-02-01T12:14:38.151+0530] {taskinstance.py:2450} ERROR - Received SIGTERM. Terminating subprocesses.
[2026-02-01T12:14:38.171+0530] {airflow_dag_api_to_kafka.py:187} ERROR - Streaming error: Task received SIGTERM signal
[2026-02-01T12:14:38.259+0530] {taskinstance.py:2698} ERROR - Task failed with exception
Traceback (most recent call last):
  File "/home/airflow/.local/lib/python3.11/site-packages/airflow/models/taskinstance.py", line 433, in _execute_task
    result = execute_callable(context=context, **execute_callable_kwargs)
             ^^^^^^^^^^^^^^^^^^^^^^^^^^^^^^^^^^^^^^^^^^^^^^^^^^^^^^^^^^^^
  File "/home/airflow/.local/lib/python3.11/site-packages/airflow/operators/python.py", line 199, in execute
    return_value = self.execute_callable()
                   ^^^^^^^^^^^^^^^^^^^^^^^
  File "/home/airflow/.local/lib/python3.11/site-packages/airflow/operators/python.py", line 216, in execute_callable
    return self.python_callable(*self.op_args, **self.op_kwargs)
           ^^^^^^^^^^^^^^^^^^^^^^^^^^^^^^^^^^^^^^^^^^^^^^^^^^^^^
  File "/opt/airflow/dags/airflow_dag_api_to_kafka.py", line 120, in stream_api_to_kafka
    for line in response.iter_lines():
  File "/home/airflow/.local/lib/python3.11/site-packages/requests/models.py", line 865, in iter_lines
    for chunk in self.iter_content(
  File "/home/airflow/.local/lib/python3.11/site-packages/requests/models.py", line 816, in generate
    yield from self.raw.stream(chunk_size, decode_content=True)
  File "/home/airflow/.local/lib/python3.11/site-packages/urllib3/response.py", line 933, in stream
    yield from self.read_chunked(amt, decode_content=decode_content)
  File "/home/airflow/.local/lib/python3.11/site-packages/urllib3/response.py", line 1073, in read_chunked
    self._update_chunk_length()
  File "/home/airflow/.local/lib/python3.11/site-packages/urllib3/response.py", line 1001, in _update_chunk_length
    line = self._fp.fp.readline()  # type: ignore[union-attr]
           ^^^^^^^^^^^^^^^^^^^^^^
  File "/usr/local/lib/python3.11/socket.py", line 706, in readinto
    return self._sock.recv_into(b)
           ^^^^^^^^^^^^^^^^^^^^^^^
  File "/home/airflow/.local/lib/python3.11/site-packages/airflow/models/taskinstance.py", line 2452, in signal_handler
    raise AirflowException("Task received SIGTERM signal")
airflow.exceptions.AirflowException: Task received SIGTERM signal
[2026-02-01T12:14:38.279+0530] {taskinstance.py:1138} INFO - Marking task as FAILED. dag_id=tle_api_to_kafka_streaming, task_id=stream_api_to_kafka, execution_date=20260201T061400, start_date=20260201T063935, end_date=20260201T064438
[2026-02-01T12:14:38.320+0530] {standard_task_runner.py:107} ERROR - Failed to execute job 29 for task stream_api_to_kafka (Task received SIGTERM signal; 429)
[2026-02-01T12:14:38.364+0530] {process_utils.py:79} INFO - Process psutil.Process(pid=429, status='terminated', exitcode=1, started='12:09:34') (429) terminated with exit code 1
[2026-02-01T12:14:38.365+0530] {local_task_job_runner.py:234} INFO - Task exited with return code 143
[2026-02-01T12:14:38.430+0530] {taskinstance.py:3280} INFO - 0 downstream tasks scheduled from follow-on schedule check
