[2026-01-27T16:13:15.011+0000] {taskinstance.py:1956} INFO - Dependencies all met for dep_context=non-requeueable deps ti=<TaskInstance: tle_api_to_kafka_streaming.stream_api_to_kafka scheduled__2026-01-27T15:00:00+00:00 [queued]>
[2026-01-27T16:13:15.021+0000] {taskinstance.py:1956} INFO - Dependencies all met for dep_context=requeueable deps ti=<TaskInstance: tle_api_to_kafka_streaming.stream_api_to_kafka scheduled__2026-01-27T15:00:00+00:00 [queued]>
[2026-01-27T16:13:15.022+0000] {taskinstance.py:2170} INFO - Starting attempt 2 of 3
[2026-01-27T16:13:15.037+0000] {taskinstance.py:2191} INFO - Executing <Task(PythonOperator): stream_api_to_kafka> on 2026-01-27 15:00:00+00:00
[2026-01-27T16:13:15.046+0000] {standard_task_runner.py:60} INFO - Started process 317 to run task
[2026-01-27T16:13:15.050+0000] {standard_task_runner.py:87} INFO - Running: ['***', 'tasks', 'run', 'tle_api_to_kafka_streaming', 'stream_api_to_kafka', 'scheduled__2026-01-27T15:00:00+00:00', '--job-id', '8', '--raw', '--subdir', 'DAGS_FOLDER/***_dag_api_to_kafka.py', '--cfg-path', '/tmp/tmpnj18gvzc']
[2026-01-27T16:13:15.053+0000] {standard_task_runner.py:88} INFO - Job 8: Subtask stream_api_to_kafka
[2026-01-27T16:13:15.116+0000] {task_command.py:423} INFO - Running <TaskInstance: tle_api_to_kafka_streaming.stream_api_to_kafka scheduled__2026-01-27T15:00:00+00:00 [running]> on host ***-scheduler
[2026-01-27T16:13:15.219+0000] {taskinstance.py:2480} INFO - Exporting env vars: AIRFLOW_CTX_DAG_OWNER='space-debris-team' AIRFLOW_CTX_DAG_ID='tle_api_to_kafka_streaming' AIRFLOW_CTX_TASK_ID='stream_api_to_kafka' AIRFLOW_CTX_EXECUTION_DATE='2026-01-27T15:00:00+00:00' AIRFLOW_CTX_TRY_NUMBER='2' AIRFLOW_CTX_DAG_RUN_ID='scheduled__2026-01-27T15:00:00+00:00'
[2026-01-27T16:13:15.220+0000] {airflow_dag_api_to_kafka.py:88} INFO - Starting TLE API to Kafka streaming
[2026-01-27T16:13:15.311+0000] {conn.py:1527} WARNING - DNS lookup failed for broker:29092, exception was [Errno -5] No address associated with hostname. Is your advertised.listeners (called advertised.host.name before Kafka 9) correct and resolvable?
[2026-01-27T16:13:15.312+0000] {conn.py:315} ERROR - DNS lookup failed for broker:29092 (0)
[2026-01-27T16:13:15.312+0000] {conn.py:1205} INFO - Probing node bootstrap-0 broker version
[2026-01-27T16:13:15.462+0000] {conn.py:1527} WARNING - DNS lookup failed for broker:29092, exception was [Errno -5] No address associated with hostname. Is your advertised.listeners (called advertised.host.name before Kafka 9) correct and resolvable?
[2026-01-27T16:13:15.463+0000] {conn.py:315} ERROR - DNS lookup failed for broker:29092 (0)
[2026-01-27T16:13:15.592+0000] {conn.py:1527} WARNING - DNS lookup failed for broker:29092, exception was [Errno -5] No address associated with hostname. Is your advertised.listeners (called advertised.host.name before Kafka 9) correct and resolvable?
[2026-01-27T16:13:15.593+0000] {conn.py:315} ERROR - DNS lookup failed for broker:29092 (0)
[2026-01-27T16:13:15.593+0000] {conn.py:1205} INFO - Probing node bootstrap-0 broker version
[2026-01-27T16:13:15.641+0000] {conn.py:1527} WARNING - DNS lookup failed for broker:29092, exception was [Errno -5] No address associated with hostname. Is your advertised.listeners (called advertised.host.name before Kafka 9) correct and resolvable?
[2026-01-27T16:13:15.642+0000] {conn.py:315} ERROR - DNS lookup failed for broker:29092 (0)
[2026-01-27T16:13:15.755+0000] {conn.py:1527} WARNING - DNS lookup failed for broker:29092, exception was [Errno -5] No address associated with hostname. Is your advertised.listeners (called advertised.host.name before Kafka 9) correct and resolvable?
[2026-01-27T16:13:15.756+0000] {conn.py:315} ERROR - DNS lookup failed for broker:29092 (0)
[2026-01-27T16:13:15.756+0000] {conn.py:1205} INFO - Probing node bootstrap-0 broker version
[2026-01-27T16:13:15.851+0000] {conn.py:1527} WARNING - DNS lookup failed for broker:29092, exception was [Errno -5] No address associated with hostname. Is your advertised.listeners (called advertised.host.name before Kafka 9) correct and resolvable?
[2026-01-27T16:13:15.851+0000] {conn.py:315} ERROR - DNS lookup failed for broker:29092 (0)
[2026-01-27T16:13:15.953+0000] {conn.py:1527} WARNING - DNS lookup failed for broker:29092, exception was [Errno -5] No address associated with hostname. Is your advertised.listeners (called advertised.host.name before Kafka 9) correct and resolvable?
[2026-01-27T16:13:15.954+0000] {conn.py:315} ERROR - DNS lookup failed for broker:29092 (0)
[2026-01-27T16:13:15.954+0000] {conn.py:1205} INFO - Probing node bootstrap-0 broker version
[2026-01-27T16:13:16.053+0000] {conn.py:1527} WARNING - DNS lookup failed for broker:29092, exception was [Errno -5] No address associated with hostname. Is your advertised.listeners (called advertised.host.name before Kafka 9) correct and resolvable?
[2026-01-27T16:13:16.053+0000] {conn.py:315} ERROR - DNS lookup failed for broker:29092 (0)
[2026-01-27T16:13:20.152+0000] {conn.py:1527} WARNING - DNS lookup failed for broker:29092, exception was [Errno -5] No address associated with hostname. Is your advertised.listeners (called advertised.host.name before Kafka 9) correct and resolvable?
[2026-01-27T16:13:20.152+0000] {conn.py:315} ERROR - DNS lookup failed for broker:29092 (0)
[2026-01-27T16:13:20.152+0000] {conn.py:1205} INFO - Probing node bootstrap-0 broker version
[2026-01-27T16:13:20.243+0000] {conn.py:1527} WARNING - DNS lookup failed for broker:29092, exception was [Errno -5] No address associated with hostname. Is your advertised.listeners (called advertised.host.name before Kafka 9) correct and resolvable?
[2026-01-27T16:13:20.244+0000] {conn.py:315} ERROR - DNS lookup failed for broker:29092 (0)
[2026-01-27T16:13:20.244+0000] {airflow_dag_api_to_kafka.py:188} ERROR - Streaming error: NoBrokersAvailable
[2026-01-27T16:13:20.245+0000] {taskinstance.py:2698} ERROR - Task failed with exception
Traceback (most recent call last):
  File "/home/airflow/.local/lib/python3.11/site-packages/airflow/models/taskinstance.py", line 433, in _execute_task
    result = execute_callable(context=context, **execute_callable_kwargs)
             ^^^^^^^^^^^^^^^^^^^^^^^^^^^^^^^^^^^^^^^^^^^^^^^^^^^^^^^^^^^^
  File "/home/airflow/.local/lib/python3.11/site-packages/airflow/operators/python.py", line 199, in execute
    return_value = self.execute_callable()
                   ^^^^^^^^^^^^^^^^^^^^^^^
  File "/home/airflow/.local/lib/python3.11/site-packages/airflow/operators/python.py", line 216, in execute_callable
    return self.python_callable(*self.op_args, **self.op_kwargs)
           ^^^^^^^^^^^^^^^^^^^^^^^^^^^^^^^^^^^^^^^^^^^^^^^^^^^^^
  File "/opt/airflow/dags/airflow_dag_api_to_kafka.py", line 91, in stream_api_to_kafka
    producer = KafkaProducer(
               ^^^^^^^^^^^^^^
  File "/home/airflow/.local/lib/python3.11/site-packages/kafka/producer/kafka.py", line 381, in __init__
    client = KafkaClient(metrics=self._metrics, metric_group_prefix='producer',
             ^^^^^^^^^^^^^^^^^^^^^^^^^^^^^^^^^^^^^^^^^^^^^^^^^^^^^^^^^^^^^^^^^^
  File "/home/airflow/.local/lib/python3.11/site-packages/kafka/client_async.py", line 244, in __init__
    self.config['api_version'] = self.check_version(timeout=check_timeout)
                                 ^^^^^^^^^^^^^^^^^^^^^^^^^^^^^^^^^^^^^^^^^
  File "/home/airflow/.local/lib/python3.11/site-packages/kafka/client_async.py", line 927, in check_version
    raise Errors.NoBrokersAvailable()
kafka.errors.NoBrokersAvailable: NoBrokersAvailable
[2026-01-27T16:13:20.267+0000] {taskinstance.py:1138} INFO - Marking task as UP_FOR_RETRY. dag_id=tle_api_to_kafka_streaming, task_id=stream_api_to_kafka, execution_date=20260127T150000, start_date=20260127T161315, end_date=20260127T161320
[2026-01-27T16:13:20.281+0000] {standard_task_runner.py:107} ERROR - Failed to execute job 8 for task stream_api_to_kafka (NoBrokersAvailable; 317)
[2026-01-27T16:13:20.330+0000] {local_task_job_runner.py:234} INFO - Task exited with return code 1
[2026-01-27T16:13:20.368+0000] {taskinstance.py:3280} INFO - 0 downstream tasks scheduled from follow-on schedule check
