[2026-02-01T20:40:59.895+0530] {taskinstance.py:1956} INFO - Dependencies all met for dep_context=non-requeueable deps ti=<TaskInstance: tle_api_to_kafka_streaming.monitor_kafka_topic scheduled__2026-02-01T13:22:00+00:00 [queued]>
[2026-02-01T20:40:59.907+0530] {taskinstance.py:1956} INFO - Dependencies all met for dep_context=requeueable deps ti=<TaskInstance: tle_api_to_kafka_streaming.monitor_kafka_topic scheduled__2026-02-01T13:22:00+00:00 [queued]>
[2026-02-01T20:40:59.908+0530] {taskinstance.py:2170} INFO - Starting attempt 1 of 3
[2026-02-01T20:40:59.921+0530] {taskinstance.py:2191} INFO - Executing <Task(PythonOperator): monitor_kafka_topic> on 2026-02-01 13:22:00+00:00
[2026-02-01T20:40:59.929+0530] {standard_task_runner.py:60} INFO - Started process 5823 to run task
[2026-02-01T20:40:59.933+0530] {standard_task_runner.py:87} INFO - Running: ['***', 'tasks', 'run', 'tle_api_to_kafka_streaming', 'monitor_kafka_topic', 'scheduled__2026-02-01T13:22:00+00:00', '--job-id', '298', '--raw', '--subdir', 'DAGS_FOLDER/***_dag_api_to_kafka.py', '--cfg-path', '/tmp/tmpbeg18td8']
[2026-02-01T20:40:59.936+0530] {standard_task_runner.py:88} INFO - Job 298: Subtask monitor_kafka_topic
[2026-02-01T20:41:00.005+0530] {task_command.py:423} INFO - Running <TaskInstance: tle_api_to_kafka_streaming.monitor_kafka_topic scheduled__2026-02-01T13:22:00+00:00 [running]> on host ***-scheduler
[2026-02-01T20:41:00.126+0530] {taskinstance.py:2480} INFO - Exporting env vars: AIRFLOW_CTX_DAG_OWNER='space-debris-team' AIRFLOW_CTX_DAG_ID='tle_api_to_kafka_streaming' AIRFLOW_CTX_TASK_ID='monitor_kafka_topic' AIRFLOW_CTX_EXECUTION_DATE='2026-02-01T13:22:00+00:00' AIRFLOW_CTX_TRY_NUMBER='1' AIRFLOW_CTX_DAG_RUN_ID='scheduled__2026-02-01T13:22:00+00:00'
[2026-02-01T20:41:00.129+0530] {conn.py:380} INFO - <BrokerConnection node_id=bootstrap-0 host=kafka:9093 <connecting> [IPv4 ('172.21.0.8', 9093)]>: connecting to kafka:9093 [('172.21.0.8', 9093) IPv4]
[2026-02-01T20:41:00.129+0530] {conn.py:1205} INFO - Probing node bootstrap-0 broker version
[2026-02-01T20:41:00.130+0530] {conn.py:410} INFO - <BrokerConnection node_id=bootstrap-0 host=kafka:9093 <connecting> [IPv4 ('172.21.0.8', 9093)]>: Connection complete.
[2026-02-01T20:41:00.232+0530] {conn.py:1267} INFO - Broker version identified as 2.5.0
[2026-02-01T20:41:00.233+0530] {conn.py:1268} INFO - Set configuration api_version=(2, 5, 0) to skip auto check_version requests on startup
[2026-02-01T20:41:00.237+0530] {subscription_state.py:171} INFO - Updating subscribed topics to: ('space_debris_tle',)
[2026-02-01T20:41:00.239+0530] {subscription_state.py:257} INFO - Updated partition assignment: [('space_debris_tle', 0)]
[2026-02-01T20:41:00.239+0530] {airflow_dag_api_to_kafka.py:205} INFO - Topic 'space_debris_tle' has 1 partitions
[2026-02-01T20:41:00.240+0530] {conn.py:919} INFO - <BrokerConnection node_id=bootstrap-0 host=kafka:9093 <connected> [IPv4 ('172.21.0.8', 9093)]>: Closing connection. 
[2026-02-01T20:41:00.240+0530] {airflow_dag_api_to_kafka.py:208} INFO - Kafka topic health check: OK
[2026-02-01T20:41:00.241+0530] {python.py:201} INFO - Done. Returned value was: None
[2026-02-01T20:41:00.256+0530] {taskinstance.py:1138} INFO - Marking task as SUCCESS. dag_id=tle_api_to_kafka_streaming, task_id=monitor_kafka_topic, execution_date=20260201T132200, start_date=20260201T151059, end_date=20260201T151100
[2026-02-01T20:41:00.305+0530] {local_task_job_runner.py:234} INFO - Task exited with return code 0
[2026-02-01T20:41:00.341+0530] {taskinstance.py:3280} INFO - 0 downstream tasks scheduled from follow-on schedule check
