[2026-02-04T20:08:35.018+0530] {taskinstance.py:1956} INFO - Dependencies all met for dep_context=non-requeueable deps ti=<TaskInstance: tle_data_ingestion.ingest_api_to_kafka scheduled__2026-02-04T13:30:00+00:00 [queued]>
[2026-02-04T20:08:35.038+0530] {taskinstance.py:1956} INFO - Dependencies all met for dep_context=requeueable deps ti=<TaskInstance: tle_data_ingestion.ingest_api_to_kafka scheduled__2026-02-04T13:30:00+00:00 [queued]>
[2026-02-04T20:08:35.038+0530] {taskinstance.py:2170} INFO - Starting attempt 2 of 3
[2026-02-04T20:08:35.194+0530] {taskinstance.py:2191} INFO - Executing <Task(PythonOperator): ingest_api_to_kafka> on 2026-02-04 13:30:00+00:00
[2026-02-04T20:08:35.207+0530] {standard_task_runner.py:60} INFO - Started process 750 to run task
[2026-02-04T20:08:35.216+0530] {standard_task_runner.py:87} INFO - Running: ['***', 'tasks', 'run', 'tle_data_ingestion', 'ingest_api_to_kafka', 'scheduled__2026-02-04T13:30:00+00:00', '--job-id', '36', '--raw', '--subdir', 'DAGS_FOLDER/dag_tle_ingestion_only.py', '--cfg-path', '/tmp/tmp5l387lbj']
[2026-02-04T20:08:35.219+0530] {standard_task_runner.py:88} INFO - Job 36: Subtask ingest_api_to_kafka
[2026-02-04T20:08:35.320+0530] {task_command.py:423} INFO - Running <TaskInstance: tle_data_ingestion.ingest_api_to_kafka scheduled__2026-02-04T13:30:00+00:00 [running]> on host ***-scheduler
[2026-02-04T20:08:35.538+0530] {taskinstance.py:2480} INFO - Exporting env vars: AIRFLOW_CTX_DAG_OWNER='space-debris-team' AIRFLOW_CTX_DAG_ID='tle_data_ingestion' AIRFLOW_CTX_TASK_ID='ingest_api_to_kafka' AIRFLOW_CTX_EXECUTION_DATE='2026-02-04T13:30:00+00:00' AIRFLOW_CTX_TRY_NUMBER='2' AIRFLOW_CTX_DAG_RUN_ID='scheduled__2026-02-04T13:30:00+00:00'
[2026-02-04T20:08:35.709+0530] {dag_tle_ingestion_only.py:102} INFO - ============================================================
[2026-02-04T20:08:35.710+0530] {dag_tle_ingestion_only.py:103} INFO - Starting TLE API → Kafka Ingestion
[2026-02-04T20:08:35.710+0530] {dag_tle_ingestion_only.py:104} INFO - ============================================================
[2026-02-04T20:08:35.716+0530] {conn.py:380} INFO - <BrokerConnection node_id=bootstrap-0 host=kafka:9093 <connecting> [IPv4 ('172.21.0.5', 9093)]>: connecting to kafka:9093 [('172.21.0.5', 9093) IPv4]
[2026-02-04T20:08:35.716+0530] {conn.py:1205} INFO - Probing node bootstrap-0 broker version
[2026-02-04T20:08:35.717+0530] {conn.py:410} INFO - <BrokerConnection node_id=bootstrap-0 host=kafka:9093 <connecting> [IPv4 ('172.21.0.5', 9093)]>: Connection complete.
[2026-02-04T20:08:35.822+0530] {conn.py:1267} INFO - Broker version identified as 2.5.0
[2026-02-04T20:08:35.822+0530] {conn.py:1268} INFO - Set configuration api_version=(2, 5, 0) to skip auto check_version requests on startup
[2026-02-04T20:08:35.827+0530] {dag_tle_ingestion_only.py:120} INFO - ✓ Connected to Kafka: ['kafka:9093']
[2026-02-04T20:08:35.828+0530] {dag_tle_ingestion_only.py:138} INFO - Streaming from: http://tle-api:5000/stream
[2026-02-04T20:08:35.829+0530] {dag_tle_ingestion_only.py:139} INFO - Parameters: {'acceleration': 100, 'mode': 'adaptive', 'max_delay': 5.0, 'limit': 1000}
[2026-02-04T20:08:45.317+0530] {local_task_job_runner.py:302} WARNING - State of this instance has been externally set to up_for_retry. Terminating instance.
[2026-02-04T20:08:45.320+0530] {process_utils.py:131} INFO - Sending 15 to group 750. PIDs of all processes in the group: [750]
[2026-02-04T20:08:45.321+0530] {process_utils.py:86} INFO - Sending the signal 15 to group 750
[2026-02-04T20:08:45.321+0530] {taskinstance.py:2450} ERROR - Received SIGTERM. Terminating subprocesses.
[2026-02-04T20:08:45.322+0530] {dag_tle_ingestion_only.py:219} ERROR - Streaming error: Task received SIGTERM signal
[2026-02-04T20:08:45.338+0530] {taskinstance.py:2698} ERROR - Task failed with exception
Traceback (most recent call last):
  File "/home/airflow/.local/lib/python3.11/site-packages/airflow/models/taskinstance.py", line 433, in _execute_task
    result = execute_callable(context=context, **execute_callable_kwargs)
             ^^^^^^^^^^^^^^^^^^^^^^^^^^^^^^^^^^^^^^^^^^^^^^^^^^^^^^^^^^^^
  File "/home/airflow/.local/lib/python3.11/site-packages/airflow/operators/python.py", line 199, in execute
    return_value = self.execute_callable()
                   ^^^^^^^^^^^^^^^^^^^^^^^
  File "/home/airflow/.local/lib/python3.11/site-packages/airflow/operators/python.py", line 216, in execute_callable
    return self.python_callable(*self.op_args, **self.op_kwargs)
           ^^^^^^^^^^^^^^^^^^^^^^^^^^^^^^^^^^^^^^^^^^^^^^^^^^^^^
  File "/opt/airflow/dags/dag_tle_ingestion_only.py", line 146, in stream_api_to_kafka
    response = requests.get(stream_url, params=params, stream=True, timeout=3600)
               ^^^^^^^^^^^^^^^^^^^^^^^^^^^^^^^^^^^^^^^^^^^^^^^^^^^^^^^^^^^^^^^^^^
  File "/home/airflow/.local/lib/python3.11/site-packages/requests/api.py", line 73, in get
    return request("get", url, params=params, **kwargs)
           ^^^^^^^^^^^^^^^^^^^^^^^^^^^^^^^^^^^^^^^^^^^^
  File "/home/airflow/.local/lib/python3.11/site-packages/requests/api.py", line 59, in request
    return session.request(method=method, url=url, **kwargs)
           ^^^^^^^^^^^^^^^^^^^^^^^^^^^^^^^^^^^^^^^^^^^^^^^^^
  File "/home/airflow/.local/lib/python3.11/site-packages/requests/sessions.py", line 589, in request
    resp = self.send(prep, **send_kwargs)
           ^^^^^^^^^^^^^^^^^^^^^^^^^^^^^^
  File "/home/airflow/.local/lib/python3.11/site-packages/requests/sessions.py", line 703, in send
    r = adapter.send(request, **kwargs)
        ^^^^^^^^^^^^^^^^^^^^^^^^^^^^^^^
  File "/home/airflow/.local/lib/python3.11/site-packages/requests/adapters.py", line 486, in send
    resp = conn.urlopen(
           ^^^^^^^^^^^^^
  File "/home/airflow/.local/lib/python3.11/site-packages/urllib3/connectionpool.py", line 791, in urlopen
    response = self._make_request(
               ^^^^^^^^^^^^^^^^^^^
  File "/home/airflow/.local/lib/python3.11/site-packages/urllib3/connectionpool.py", line 537, in _make_request
    response = conn.getresponse()
               ^^^^^^^^^^^^^^^^^^
  File "/home/airflow/.local/lib/python3.11/site-packages/urllib3/connection.py", line 461, in getresponse
    httplib_response = super().getresponse()
                       ^^^^^^^^^^^^^^^^^^^^^
  File "/usr/local/lib/python3.11/http/client.py", line 1390, in getresponse
    response.begin()
  File "/usr/local/lib/python3.11/http/client.py", line 325, in begin
    version, status, reason = self._read_status()
                              ^^^^^^^^^^^^^^^^^^^
  File "/usr/local/lib/python3.11/http/client.py", line 286, in _read_status
    line = str(self.fp.readline(_MAXLINE + 1), "iso-8859-1")
               ^^^^^^^^^^^^^^^^^^^^^^^^^^^^^^
  File "/usr/local/lib/python3.11/socket.py", line 706, in readinto
    return self._sock.recv_into(b)
           ^^^^^^^^^^^^^^^^^^^^^^^
  File "/home/airflow/.local/lib/python3.11/site-packages/airflow/models/taskinstance.py", line 2452, in signal_handler
    raise AirflowException("Task received SIGTERM signal")
airflow.exceptions.AirflowException: Task received SIGTERM signal
[2026-02-04T20:08:45.349+0530] {taskinstance.py:1138} INFO - Marking task as FAILED. dag_id=tle_data_ingestion, task_id=ingest_api_to_kafka, execution_date=20260204T133000, start_date=20260204T143835, end_date=20260204T143845
[2026-02-04T20:08:45.362+0530] {standard_task_runner.py:107} ERROR - Failed to execute job 36 for task ingest_api_to_kafka (Task received SIGTERM signal; 750)
[2026-02-04T20:08:45.413+0530] {process_utils.py:79} INFO - Process psutil.Process(pid=750, status='terminated', exitcode=1, started='20:08:34') (750) terminated with exit code 1
