[2026-02-04T21:47:35.377+0530] {taskinstance.py:1956} INFO - Dependencies all met for dep_context=non-requeueable deps ti=<TaskInstance: tle_data_ingestion.ingest_api_to_kafka manual__2026-02-04T15:38:08+00:00 [queued]>
[2026-02-04T21:47:35.386+0530] {taskinstance.py:1956} INFO - Dependencies all met for dep_context=requeueable deps ti=<TaskInstance: tle_data_ingestion.ingest_api_to_kafka manual__2026-02-04T15:38:08+00:00 [queued]>
[2026-02-04T21:47:35.386+0530] {taskinstance.py:2170} INFO - Starting attempt 3 of 3
[2026-02-04T21:47:35.399+0530] {taskinstance.py:2191} INFO - Executing <Task(PythonOperator): ingest_api_to_kafka> on 2026-02-04 15:38:08+00:00
[2026-02-04T21:47:35.406+0530] {standard_task_runner.py:60} INFO - Started process 332 to run task
[2026-02-04T21:47:35.409+0530] {standard_task_runner.py:87} INFO - Running: ['***', 'tasks', 'run', 'tle_data_ingestion', 'ingest_api_to_kafka', 'manual__2026-02-04T15:38:08+00:00', '--job-id', '172', '--raw', '--subdir', 'DAGS_FOLDER/dag_tle_ingestion_only.py', '--cfg-path', '/tmp/tmp9epvunrl']
[2026-02-04T21:47:35.411+0530] {standard_task_runner.py:88} INFO - Job 172: Subtask ingest_api_to_kafka
[2026-02-04T21:47:35.477+0530] {task_command.py:423} INFO - Running <TaskInstance: tle_data_ingestion.ingest_api_to_kafka manual__2026-02-04T15:38:08+00:00 [running]> on host ***-scheduler
[2026-02-04T21:47:35.587+0530] {taskinstance.py:2480} INFO - Exporting env vars: AIRFLOW_CTX_DAG_OWNER='space-debris-team' AIRFLOW_CTX_DAG_ID='tle_data_ingestion' AIRFLOW_CTX_TASK_ID='ingest_api_to_kafka' AIRFLOW_CTX_EXECUTION_DATE='2026-02-04T15:38:08+00:00' AIRFLOW_CTX_TRY_NUMBER='3' AIRFLOW_CTX_DAG_RUN_ID='manual__2026-02-04T15:38:08+00:00'
[2026-02-04T21:47:35.634+0530] {dag_tle_ingestion_only.py:102} INFO - ============================================================
[2026-02-04T21:47:35.634+0530] {dag_tle_ingestion_only.py:103} INFO - Starting TLE API → Kafka Ingestion
[2026-02-04T21:47:35.635+0530] {dag_tle_ingestion_only.py:104} INFO - ============================================================
[2026-02-04T21:47:35.636+0530] {conn.py:380} INFO - <BrokerConnection node_id=bootstrap-0 host=kafka:9093 <connecting> [IPv4 ('172.21.0.12', 9093)]>: connecting to kafka:9093 [('172.21.0.12', 9093) IPv4]
[2026-02-04T21:47:35.637+0530] {conn.py:1205} INFO - Probing node bootstrap-0 broker version
[2026-02-04T21:47:35.637+0530] {conn.py:410} INFO - <BrokerConnection node_id=bootstrap-0 host=kafka:9093 <connecting> [IPv4 ('172.21.0.12', 9093)]>: Connection complete.
[2026-02-04T21:47:35.741+0530] {conn.py:1267} INFO - Broker version identified as 2.5.0
[2026-02-04T21:47:35.741+0530] {conn.py:1268} INFO - Set configuration api_version=(2, 5, 0) to skip auto check_version requests on startup
[2026-02-04T21:47:35.745+0530] {dag_tle_ingestion_only.py:120} INFO - ✓ Connected to Kafka: ['kafka:9093']
[2026-02-04T21:47:35.745+0530] {dag_tle_ingestion_only.py:138} INFO - Streaming from: http://tle-api:5000/stream
[2026-02-04T21:47:35.746+0530] {dag_tle_ingestion_only.py:139} INFO - Parameters: {'acceleration': 100, 'mode': 'adaptive', 'max_delay': 5.0, 'limit': 1000}
[2026-02-04T21:47:35.756+0530] {conn.py:380} INFO - <BrokerConnection node_id=1 host=kafka:9093 <connecting> [IPv4 ('172.21.0.12', 9093)]>: connecting to kafka:9093 [('172.21.0.12', 9093) IPv4]
[2026-02-04T21:47:35.756+0530] {conn.py:410} INFO - <BrokerConnection node_id=1 host=kafka:9093 <connecting> [IPv4 ('172.21.0.12', 9093)]>: Connection complete.
[2026-02-04T21:47:35.756+0530] {conn.py:919} INFO - <BrokerConnection node_id=bootstrap-0 host=kafka:9093 <connected> [IPv4 ('172.21.0.12', 9093)]>: Closing connection. 
[2026-02-04T21:55:13.650+0530] {dag_tle_ingestion_only.py:190} INFO - Progress: 100 records sent to Kafka
[2026-02-04T21:58:16.947+0530] {local_task_job_runner.py:121} ERROR - Received SIGTERM. Terminating subprocesses
[2026-02-04T21:58:16.989+0530] {process_utils.py:131} INFO - Sending 15 to group 332. PIDs of all processes in the group: [332]
[2026-02-04T21:58:16.991+0530] {process_utils.py:86} INFO - Sending the signal 15 to group 332
[2026-02-04T21:58:16.994+0530] {taskinstance.py:2450} ERROR - Received SIGTERM. Terminating subprocesses.
[2026-02-04T21:58:17.013+0530] {dag_tle_ingestion_only.py:219} ERROR - Streaming error: Task received SIGTERM signal
[2026-02-04T21:58:17.109+0530] {taskinstance.py:2698} ERROR - Task failed with exception
Traceback (most recent call last):
  File "/home/airflow/.local/lib/python3.11/site-packages/airflow/models/taskinstance.py", line 433, in _execute_task
    result = execute_callable(context=context, **execute_callable_kwargs)
             ^^^^^^^^^^^^^^^^^^^^^^^^^^^^^^^^^^^^^^^^^^^^^^^^^^^^^^^^^^^^
  File "/home/airflow/.local/lib/python3.11/site-packages/airflow/operators/python.py", line 199, in execute
    return_value = self.execute_callable()
                   ^^^^^^^^^^^^^^^^^^^^^^^
  File "/home/airflow/.local/lib/python3.11/site-packages/airflow/operators/python.py", line 216, in execute_callable
    return self.python_callable(*self.op_args, **self.op_kwargs)
           ^^^^^^^^^^^^^^^^^^^^^^^^^^^^^^^^^^^^^^^^^^^^^^^^^^^^^
  File "/opt/airflow/dags/dag_tle_ingestion_only.py", line 149, in stream_api_to_kafka
    for line in response.iter_lines():
  File "/home/airflow/.local/lib/python3.11/site-packages/requests/models.py", line 865, in iter_lines
    for chunk in self.iter_content(
  File "/home/airflow/.local/lib/python3.11/site-packages/requests/models.py", line 816, in generate
    yield from self.raw.stream(chunk_size, decode_content=True)
  File "/home/airflow/.local/lib/python3.11/site-packages/urllib3/response.py", line 933, in stream
    yield from self.read_chunked(amt, decode_content=decode_content)
  File "/home/airflow/.local/lib/python3.11/site-packages/urllib3/response.py", line 1073, in read_chunked
    self._update_chunk_length()
  File "/home/airflow/.local/lib/python3.11/site-packages/urllib3/response.py", line 1001, in _update_chunk_length
    line = self._fp.fp.readline()  # type: ignore[union-attr]
           ^^^^^^^^^^^^^^^^^^^^^^
  File "/usr/local/lib/python3.11/socket.py", line 706, in readinto
    return self._sock.recv_into(b)
           ^^^^^^^^^^^^^^^^^^^^^^^
  File "/home/airflow/.local/lib/python3.11/site-packages/airflow/models/taskinstance.py", line 2452, in signal_handler
    raise AirflowException("Task received SIGTERM signal")
airflow.exceptions.AirflowException: Task received SIGTERM signal
[2026-02-04T21:58:17.130+0530] {taskinstance.py:1138} INFO - Marking task as FAILED. dag_id=tle_data_ingestion, task_id=ingest_api_to_kafka, execution_date=20260204T153808, start_date=20260204T161735, end_date=20260204T162817
[2026-02-04T21:58:17.194+0530] {standard_task_runner.py:107} ERROR - Failed to execute job 172 for task ingest_api_to_kafka (Task received SIGTERM signal; 332)
[2026-02-04T21:58:17.259+0530] {process_utils.py:79} INFO - Process psutil.Process(pid=332, status='terminated', exitcode=1, started='21:47:34') (332) terminated with exit code 1
[2026-02-04T21:58:17.270+0530] {local_task_job_runner.py:234} INFO - Task exited with return code 143
[2026-02-04T21:58:17.341+0530] {taskinstance.py:3280} INFO - 0 downstream tasks scheduled from follow-on schedule check
