[2026-01-31T14:51:04.753+0000] {taskinstance.py:1956} INFO - Dependencies all met for dep_context=non-requeueable deps ti=<TaskInstance: spark_sgp4_streaming.submit_spark_streaming_job manual__2026-01-31T14:46:02.543778+00:00 [queued]>
[2026-01-31T14:51:04.765+0000] {taskinstance.py:1956} INFO - Dependencies all met for dep_context=requeueable deps ti=<TaskInstance: spark_sgp4_streaming.submit_spark_streaming_job manual__2026-01-31T14:46:02.543778+00:00 [queued]>
[2026-01-31T14:51:04.765+0000] {taskinstance.py:2170} INFO - Starting attempt 2 of 2
[2026-01-31T14:51:04.787+0000] {taskinstance.py:2191} INFO - Executing <Task(PythonOperator): submit_spark_streaming_job> on 2026-01-31 14:46:02.543778+00:00
[2026-01-31T14:51:04.796+0000] {standard_task_runner.py:60} INFO - Started process 402 to run task
[2026-01-31T14:51:04.800+0000] {standard_task_runner.py:87} INFO - Running: ['***', 'tasks', 'run', 'spark_sgp4_streaming', 'submit_spark_streaming_job', 'manual__2026-01-31T14:46:02.543778+00:00', '--job-id', '9', '--raw', '--subdir', 'DAGS_FOLDER/***_dag_spark_streaming.py', '--cfg-path', '/tmp/tmpbw4sktzx']
[2026-01-31T14:51:04.803+0000] {standard_task_runner.py:88} INFO - Job 9: Subtask submit_spark_streaming_job
[2026-01-31T14:51:04.876+0000] {task_command.py:423} INFO - Running <TaskInstance: spark_sgp4_streaming.submit_spark_streaming_job manual__2026-01-31T14:46:02.543778+00:00 [running]> on host ***-scheduler
[2026-01-31T14:51:05.025+0000] {taskinstance.py:2480} INFO - Exporting env vars: AIRFLOW_CTX_DAG_OWNER='space-debris-team' AIRFLOW_CTX_DAG_ID='spark_sgp4_streaming' AIRFLOW_CTX_TASK_ID='submit_spark_streaming_job' AIRFLOW_CTX_EXECUTION_DATE='2026-01-31T14:46:02.543778+00:00' AIRFLOW_CTX_TRY_NUMBER='2' AIRFLOW_CTX_DAG_RUN_ID='manual__2026-01-31T14:46:02.543778+00:00'
[2026-01-31T14:51:05.026+0000] {airflow_dag_spark_streaming.py:121} INFO - Submitting Spark job to http://spark-master:6066/v1/submissions/create
[2026-01-31T14:51:05.035+0000] {taskinstance.py:2698} ERROR - Task failed with exception
Traceback (most recent call last):
  File "/home/airflow/.local/lib/python3.11/site-packages/urllib3/connection.py", line 203, in _new_conn
    sock = connection.create_connection(
           ^^^^^^^^^^^^^^^^^^^^^^^^^^^^^
  File "/home/airflow/.local/lib/python3.11/site-packages/urllib3/util/connection.py", line 85, in create_connection
    raise err
  File "/home/airflow/.local/lib/python3.11/site-packages/urllib3/util/connection.py", line 73, in create_connection
    sock.connect(sa)
ConnectionRefusedError: [Errno 111] Connection refused

The above exception was the direct cause of the following exception:

Traceback (most recent call last):
  File "/home/airflow/.local/lib/python3.11/site-packages/urllib3/connectionpool.py", line 791, in urlopen
    response = self._make_request(
               ^^^^^^^^^^^^^^^^^^^
  File "/home/airflow/.local/lib/python3.11/site-packages/urllib3/connectionpool.py", line 497, in _make_request
    conn.request(
  File "/home/airflow/.local/lib/python3.11/site-packages/urllib3/connection.py", line 395, in request
    self.endheaders()
  File "/usr/local/lib/python3.11/http/client.py", line 1293, in endheaders
    self._send_output(message_body, encode_chunked=encode_chunked)
  File "/usr/local/lib/python3.11/http/client.py", line 1052, in _send_output
    self.send(msg)
  File "/usr/local/lib/python3.11/http/client.py", line 990, in send
    self.connect()
  File "/home/airflow/.local/lib/python3.11/site-packages/urllib3/connection.py", line 243, in connect
    self.sock = self._new_conn()
                ^^^^^^^^^^^^^^^^
  File "/home/airflow/.local/lib/python3.11/site-packages/urllib3/connection.py", line 218, in _new_conn
    raise NewConnectionError(
urllib3.exceptions.NewConnectionError: <urllib3.connection.HTTPConnection object at 0x7f8884370b90>: Failed to establish a new connection: [Errno 111] Connection refused

The above exception was the direct cause of the following exception:

Traceback (most recent call last):
  File "/home/airflow/.local/lib/python3.11/site-packages/requests/adapters.py", line 486, in send
    resp = conn.urlopen(
           ^^^^^^^^^^^^^
  File "/home/airflow/.local/lib/python3.11/site-packages/urllib3/connectionpool.py", line 845, in urlopen
    retries = retries.increment(
              ^^^^^^^^^^^^^^^^^^
  File "/home/airflow/.local/lib/python3.11/site-packages/urllib3/util/retry.py", line 515, in increment
    raise MaxRetryError(_pool, url, reason) from reason  # type: ignore[arg-type]
    ^^^^^^^^^^^^^^^^^^^^^^^^^^^^^^^^^^^^^^^^^^^^^^^^^^^
urllib3.exceptions.MaxRetryError: HTTPConnectionPool(host='spark-master', port=6066): Max retries exceeded with url: /v1/submissions/create (Caused by NewConnectionError('<urllib3.connection.HTTPConnection object at 0x7f8884370b90>: Failed to establish a new connection: [Errno 111] Connection refused'))

During handling of the above exception, another exception occurred:

Traceback (most recent call last):
  File "/home/airflow/.local/lib/python3.11/site-packages/airflow/models/taskinstance.py", line 433, in _execute_task
    result = execute_callable(context=context, **execute_callable_kwargs)
             ^^^^^^^^^^^^^^^^^^^^^^^^^^^^^^^^^^^^^^^^^^^^^^^^^^^^^^^^^^^^
  File "/home/airflow/.local/lib/python3.11/site-packages/airflow/operators/python.py", line 199, in execute
    return_value = self.execute_callable()
                   ^^^^^^^^^^^^^^^^^^^^^^^
  File "/home/airflow/.local/lib/python3.11/site-packages/airflow/operators/python.py", line 216, in execute_callable
    return self.python_callable(*self.op_args, **self.op_kwargs)
           ^^^^^^^^^^^^^^^^^^^^^^^^^^^^^^^^^^^^^^^^^^^^^^^^^^^^^
  File "/opt/airflow/dags/airflow_dag_spark_streaming.py", line 122, in submit_spark_job_via_rest
    response = requests.post(spark_master_rest, json=submission_data, timeout=30)
               ^^^^^^^^^^^^^^^^^^^^^^^^^^^^^^^^^^^^^^^^^^^^^^^^^^^^^^^^^^^^^^^^^^
  File "/home/airflow/.local/lib/python3.11/site-packages/requests/api.py", line 115, in post
    return request("post", url, data=data, json=json, **kwargs)
           ^^^^^^^^^^^^^^^^^^^^^^^^^^^^^^^^^^^^^^^^^^^^^^^^^^^^
  File "/home/airflow/.local/lib/python3.11/site-packages/requests/api.py", line 59, in request
    return session.request(method=method, url=url, **kwargs)
           ^^^^^^^^^^^^^^^^^^^^^^^^^^^^^^^^^^^^^^^^^^^^^^^^^
  File "/home/airflow/.local/lib/python3.11/site-packages/requests/sessions.py", line 589, in request
    resp = self.send(prep, **send_kwargs)
           ^^^^^^^^^^^^^^^^^^^^^^^^^^^^^^
  File "/home/airflow/.local/lib/python3.11/site-packages/requests/sessions.py", line 703, in send
    r = adapter.send(request, **kwargs)
        ^^^^^^^^^^^^^^^^^^^^^^^^^^^^^^^
  File "/home/airflow/.local/lib/python3.11/site-packages/requests/adapters.py", line 519, in send
    raise ConnectionError(e, request=request)
requests.exceptions.ConnectionError: HTTPConnectionPool(host='spark-master', port=6066): Max retries exceeded with url: /v1/submissions/create (Caused by NewConnectionError('<urllib3.connection.HTTPConnection object at 0x7f8884370b90>: Failed to establish a new connection: [Errno 111] Connection refused'))
[2026-01-31T14:51:05.059+0000] {taskinstance.py:1138} INFO - Marking task as FAILED. dag_id=spark_sgp4_streaming, task_id=submit_spark_streaming_job, execution_date=20260131T144602, start_date=20260131T145104, end_date=20260131T145105
[2026-01-31T14:51:05.071+0000] {standard_task_runner.py:107} ERROR - Failed to execute job 9 for task submit_spark_streaming_job (HTTPConnectionPool(host='spark-master', port=6066): Max retries exceeded with url: /v1/submissions/create (Caused by NewConnectionError('<urllib3.connection.HTTPConnection object at 0x7f8884370b90>: Failed to establish a new connection: [Errno 111] Connection refused')); 402)
[2026-01-31T14:51:05.093+0000] {local_task_job_runner.py:234} INFO - Task exited with return code 1
[2026-01-31T14:51:05.122+0000] {taskinstance.py:3280} INFO - 0 downstream tasks scheduled from follow-on schedule check
