[2026-02-01T13:42:04.792+0530] {taskinstance.py:1956} INFO - Dependencies all met for dep_context=non-requeueable deps ti=<TaskInstance: tle_api_to_kafka_streaming.stream_api_to_kafka scheduled__2026-02-01T08:10:00+00:00 [queued]>
[2026-02-01T13:42:04.804+0530] {taskinstance.py:1956} INFO - Dependencies all met for dep_context=requeueable deps ti=<TaskInstance: tle_api_to_kafka_streaming.stream_api_to_kafka scheduled__2026-02-01T08:10:00+00:00 [queued]>
[2026-02-01T13:42:04.805+0530] {taskinstance.py:2170} INFO - Starting attempt 1 of 3
[2026-02-01T13:42:04.824+0530] {taskinstance.py:2191} INFO - Executing <Task(PythonOperator): stream_api_to_kafka> on 2026-02-01 08:10:00+00:00
[2026-02-01T13:42:04.832+0530] {standard_task_runner.py:60} INFO - Started process 2315 to run task
[2026-02-01T13:42:04.835+0530] {standard_task_runner.py:87} INFO - Running: ['***', 'tasks', 'run', 'tle_api_to_kafka_streaming', 'stream_api_to_kafka', 'scheduled__2026-02-01T08:10:00+00:00', '--job-id', '101', '--raw', '--subdir', 'DAGS_FOLDER/***_dag_api_to_kafka.py', '--cfg-path', '/tmp/tmpzd2mekai']
[2026-02-01T13:42:04.837+0530] {standard_task_runner.py:88} INFO - Job 101: Subtask stream_api_to_kafka
[2026-02-01T13:42:04.901+0530] {task_command.py:423} INFO - Running <TaskInstance: tle_api_to_kafka_streaming.stream_api_to_kafka scheduled__2026-02-01T08:10:00+00:00 [running]> on host ***-scheduler
[2026-02-01T13:42:05.015+0530] {taskinstance.py:2480} INFO - Exporting env vars: AIRFLOW_CTX_DAG_OWNER='space-debris-team' AIRFLOW_CTX_DAG_ID='tle_api_to_kafka_streaming' AIRFLOW_CTX_TASK_ID='stream_api_to_kafka' AIRFLOW_CTX_EXECUTION_DATE='2026-02-01T08:10:00+00:00' AIRFLOW_CTX_TRY_NUMBER='1' AIRFLOW_CTX_DAG_RUN_ID='scheduled__2026-02-01T08:10:00+00:00'
[2026-02-01T13:42:05.017+0530] {airflow_dag_api_to_kafka.py:87} INFO - Starting TLE API to Kafka streaming
[2026-02-01T13:42:05.020+0530] {conn.py:380} INFO - <BrokerConnection node_id=bootstrap-0 host=kafka:9093 <connecting> [IPv4 ('172.21.0.8', 9093)]>: connecting to kafka:9093 [('172.21.0.8', 9093) IPv4]
[2026-02-01T13:42:05.020+0530] {conn.py:1205} INFO - Probing node bootstrap-0 broker version
[2026-02-01T13:42:05.021+0530] {conn.py:410} INFO - <BrokerConnection node_id=bootstrap-0 host=kafka:9093 <connecting> [IPv4 ('172.21.0.8', 9093)]>: Connection complete.
[2026-02-01T13:42:05.123+0530] {conn.py:1267} INFO - Broker version identified as 2.5.0
[2026-02-01T13:42:05.123+0530] {conn.py:1268} INFO - Set configuration api_version=(2, 5, 0) to skip auto check_version requests on startup
[2026-02-01T13:42:05.127+0530] {airflow_dag_api_to_kafka.py:98} INFO - Kafka producer initialized
[2026-02-01T13:42:05.127+0530] {airflow_dag_api_to_kafka.py:109} INFO - Connecting to: http://tle-api:5000/stream
[2026-02-01T13:42:05.128+0530] {airflow_dag_api_to_kafka.py:110} INFO - Parameters: {'acceleration': 100, 'mode': 'adaptive', 'max_delay': 5.0, 'limit': 1000}
[2026-02-01T13:42:05.135+0530] {conn.py:380} INFO - <BrokerConnection node_id=1 host=kafka:9093 <connecting> [IPv4 ('172.21.0.8', 9093)]>: connecting to kafka:9093 [('172.21.0.8', 9093) IPv4]
[2026-02-01T13:42:05.135+0530] {conn.py:410} INFO - <BrokerConnection node_id=1 host=kafka:9093 <connecting> [IPv4 ('172.21.0.8', 9093)]>: Connection complete.
[2026-02-01T13:42:05.136+0530] {conn.py:919} INFO - <BrokerConnection node_id=bootstrap-0 host=kafka:9093 <connected> [IPv4 ('172.21.0.8', 9093)]>: Closing connection. 
[2026-02-01T13:49:43.030+0530] {airflow_dag_api_to_kafka.py:161} INFO - Streamed 100 records to Kafka
[2026-02-01T13:57:54.001+0530] {airflow_dag_api_to_kafka.py:161} INFO - Streamed 200 records to Kafka
[2026-02-01T14:05:22.466+0530] {airflow_dag_api_to_kafka.py:161} INFO - Streamed 300 records to Kafka
[2026-02-01T14:13:38.099+0530] {airflow_dag_api_to_kafka.py:161} INFO - Streamed 400 records to Kafka
[2026-02-01T14:21:53.842+0530] {airflow_dag_api_to_kafka.py:161} INFO - Streamed 500 records to Kafka
[2026-02-01T14:30:14.035+0530] {airflow_dag_api_to_kafka.py:161} INFO - Streamed 600 records to Kafka
[2026-02-01T14:38:29.593+0530] {airflow_dag_api_to_kafka.py:161} INFO - Streamed 700 records to Kafka
[2026-02-01T14:46:49.809+0530] {airflow_dag_api_to_kafka.py:161} INFO - Streamed 800 records to Kafka
[2026-02-01T14:55:09.972+0530] {airflow_dag_api_to_kafka.py:161} INFO - Streamed 900 records to Kafka
[2026-02-01T15:02:44.437+0530] {airflow_dag_api_to_kafka.py:161} INFO - Streamed 1000 records to Kafka
[2026-02-01T15:02:44.438+0530] {airflow_dag_api_to_kafka.py:127} INFO - Stream summary: {'type': 'summary', 'total_records': 1000, 'real_time_span_seconds': 58924361.95372809, 'stream_time_seconds': 4833.88146494, 'effective_acceleration': 12189.86489037945}
[2026-02-01T15:02:44.442+0530] {kafka.py:483} INFO - Closing the Kafka producer with 9223372036.0 secs timeout.
[2026-02-01T15:02:44.450+0530] {conn.py:919} INFO - <BrokerConnection node_id=1 host=kafka:9093 <connected> [IPv4 ('172.21.0.8', 9093)]>: Closing connection. 
[2026-02-01T15:02:44.453+0530] {airflow_dag_api_to_kafka.py:178} INFO - ================================================================================
[2026-02-01T15:02:44.453+0530] {airflow_dag_api_to_kafka.py:179} INFO - Streaming complete: 1000 records sent, 0 errors
[2026-02-01T15:02:44.453+0530] {airflow_dag_api_to_kafka.py:180} INFO - Time elapsed: 4839.32s, Rate: 0.21 msg/s
[2026-02-01T15:02:44.454+0530] {airflow_dag_api_to_kafka.py:181} INFO - ================================================================================
[2026-02-01T15:02:44.457+0530] {python.py:201} INFO - Done. Returned value was: None
[2026-02-01T15:02:44.524+0530] {taskinstance.py:1138} INFO - Marking task as SUCCESS. dag_id=tle_api_to_kafka_streaming, task_id=stream_api_to_kafka, execution_date=20260201T081000, start_date=20260201T081204, end_date=20260201T093244
[2026-02-01T15:02:44.622+0530] {local_task_job_runner.py:234} INFO - Task exited with return code 0
[2026-02-01T15:02:44.692+0530] {taskinstance.py:3280} INFO - 1 downstream tasks scheduled from follow-on schedule check
