[2026-01-29T03:22:10.502+0000] {taskinstance.py:1956} INFO - Dependencies all met for dep_context=non-requeueable deps ti=<TaskInstance: spark_sgp4_streaming.check_kafka_topic manual__2026-01-29T03:22:09.632225+00:00 [queued]>
[2026-01-29T03:22:10.516+0000] {taskinstance.py:1956} INFO - Dependencies all met for dep_context=requeueable deps ti=<TaskInstance: spark_sgp4_streaming.check_kafka_topic manual__2026-01-29T03:22:09.632225+00:00 [queued]>
[2026-01-29T03:22:10.516+0000] {taskinstance.py:2170} INFO - Starting attempt 1 of 2
[2026-01-29T03:22:10.536+0000] {taskinstance.py:2191} INFO - Executing <Task(PythonOperator): check_kafka_topic> on 2026-01-29 03:22:09.632225+00:00
[2026-01-29T03:22:10.544+0000] {standard_task_runner.py:60} INFO - Started process 9484 to run task
[2026-01-29T03:22:10.549+0000] {standard_task_runner.py:87} INFO - Running: ['***', 'tasks', 'run', 'spark_sgp4_streaming', 'check_kafka_topic', 'manual__2026-01-29T03:22:09.632225+00:00', '--job-id', '43', '--raw', '--subdir', 'DAGS_FOLDER/***_dag_spark_streaming.py', '--cfg-path', '/tmp/tmpiuxdsmbt']
[2026-01-29T03:22:10.552+0000] {standard_task_runner.py:88} INFO - Job 43: Subtask check_kafka_topic
[2026-01-29T03:22:10.643+0000] {task_command.py:423} INFO - Running <TaskInstance: spark_sgp4_streaming.check_kafka_topic manual__2026-01-29T03:22:09.632225+00:00 [running]> on host ***-scheduler
[2026-01-29T03:22:10.809+0000] {taskinstance.py:2480} INFO - Exporting env vars: AIRFLOW_CTX_DAG_OWNER='space-debris-team' AIRFLOW_CTX_DAG_ID='spark_sgp4_streaming' AIRFLOW_CTX_TASK_ID='check_kafka_topic' AIRFLOW_CTX_EXECUTION_DATE='2026-01-29T03:22:09.632225+00:00' AIRFLOW_CTX_TRY_NUMBER='1' AIRFLOW_CTX_DAG_RUN_ID='manual__2026-01-29T03:22:09.632225+00:00'
[2026-01-29T03:22:10.875+0000] {conn.py:380} INFO - <BrokerConnection node_id=bootstrap-0 host=kafka:9093 <connecting> [IPv4 ('172.21.0.8', 9093)]>: connecting to kafka:9093 [('172.21.0.8', 9093) IPv4]
[2026-01-29T03:22:10.876+0000] {conn.py:1205} INFO - Probing node bootstrap-0 broker version
[2026-01-29T03:22:10.877+0000] {conn.py:410} INFO - <BrokerConnection node_id=bootstrap-0 host=kafka:9093 <connecting> [IPv4 ('172.21.0.8', 9093)]>: Connection complete.
[2026-01-29T03:22:10.980+0000] {conn.py:1267} INFO - Broker version identified as 2.5.0
[2026-01-29T03:22:10.980+0000] {conn.py:1268} INFO - Set configuration api_version=(2, 5, 0) to skip auto check_version requests on startup
[2026-01-29T03:22:10.981+0000] {consumer.py:118} WARNING - group_id is None: disabling auto-commit.
[2026-01-29T03:22:10.983+0000] {conn.py:919} INFO - <BrokerConnection node_id=bootstrap-0 host=kafka:9093 <connected> [IPv4 ('172.21.0.8', 9093)]>: Closing connection. 
[2026-01-29T03:22:10.984+0000] {airflow_dag_spark_streaming.py:42} INFO - ✓ Kafka topic 'space_debris_tle' exists
[2026-01-29T03:22:10.984+0000] {python.py:201} INFO - Done. Returned value was: True
[2026-01-29T03:22:11.041+0000] {taskinstance.py:1138} INFO - Marking task as SUCCESS. dag_id=spark_sgp4_streaming, task_id=check_kafka_topic, execution_date=20260129T032209, start_date=20260129T032210, end_date=20260129T032211
[2026-01-29T03:22:11.081+0000] {local_task_job_runner.py:234} INFO - Task exited with return code 0
[2026-01-29T03:22:11.126+0000] {taskinstance.py:3280} INFO - 0 downstream tasks scheduled from follow-on schedule check
