[2026-02-01T11:56:37.494+0530] {taskinstance.py:1956} INFO - Dependencies all met for dep_context=non-requeueable deps ti=<TaskInstance: spark_sgp4_streaming.submit_spark_streaming_job manual__2026-02-01T06:26:35.961250+00:00 [queued]>
[2026-02-01T11:56:37.504+0530] {taskinstance.py:1956} INFO - Dependencies all met for dep_context=requeueable deps ti=<TaskInstance: spark_sgp4_streaming.submit_spark_streaming_job manual__2026-02-01T06:26:35.961250+00:00 [queued]>
[2026-02-01T11:56:37.505+0530] {taskinstance.py:2170} INFO - Starting attempt 1 of 2
[2026-02-01T11:56:37.521+0530] {taskinstance.py:2191} INFO - Executing <Task(BashOperator): submit_spark_streaming_job> on 2026-02-01 06:26:35.961250+00:00
[2026-02-01T11:56:37.527+0530] {standard_task_runner.py:60} INFO - Started process 291 to run task
[2026-02-01T11:56:37.530+0530] {standard_task_runner.py:87} INFO - Running: ['***', 'tasks', 'run', 'spark_sgp4_streaming', 'submit_spark_streaming_job', 'manual__2026-02-01T06:26:35.961250+00:00', '--job-id', '26', '--raw', '--subdir', 'DAGS_FOLDER/***_dag_spark_streaming.py', '--cfg-path', '/tmp/tmpa2uh5ie9']
[2026-02-01T11:56:37.533+0530] {standard_task_runner.py:88} INFO - Job 26: Subtask submit_spark_streaming_job
[2026-02-01T11:56:37.603+0530] {task_command.py:423} INFO - Running <TaskInstance: spark_sgp4_streaming.submit_spark_streaming_job manual__2026-02-01T06:26:35.961250+00:00 [running]> on host ***-scheduler
[2026-02-01T11:56:37.726+0530] {taskinstance.py:2480} INFO - Exporting env vars: AIRFLOW_CTX_DAG_OWNER='space-debris-team' AIRFLOW_CTX_DAG_ID='spark_sgp4_streaming' AIRFLOW_CTX_TASK_ID='submit_spark_streaming_job' AIRFLOW_CTX_EXECUTION_DATE='2026-02-01T06:26:35.961250+00:00' AIRFLOW_CTX_TRY_NUMBER='1' AIRFLOW_CTX_DAG_RUN_ID='manual__2026-02-01T06:26:35.961250+00:00'
[2026-02-01T11:56:37.728+0530] {subprocess.py:63} INFO - Tmp dir root location: /tmp
[2026-02-01T11:56:37.729+0530] {subprocess.py:75} INFO - Running command: ['/usr/bin/bash', '-c', "\n        docker exec spark-master /opt/spark/bin/spark-submit \\\n          --master spark://spark-master:7077 \\\n          --deploy-mode client \\\n          --name 'SGP4-Vector-Computation' \\\n          --packages org.apache.spark:spark-sql-kafka-0-10_2.12:3.5.0 \\\n          --conf spark.executor.memory=2g \\\n          --conf spark.executor.cores=2 \\\n          --conf spark.driver.memory=1g \\\n          /opt/spark-apps/processing/spark_sgp4_to_hdfs.py\n        "]
[2026-02-01T11:56:37.744+0530] {subprocess.py:86} INFO - Output:
[2026-02-01T11:56:37.759+0530] {subprocess.py:93} INFO - permission denied while trying to connect to the Docker daemon socket at unix:///var/run/docker.sock: Get "http://%2Fvar%2Frun%2Fdocker.sock/v1.24/containers/spark-master/json": dial unix /var/run/docker.sock: connect: permission denied
[2026-02-01T11:56:37.760+0530] {subprocess.py:97} INFO - Command exited with return code 1
[2026-02-01T11:56:37.777+0530] {taskinstance.py:2698} ERROR - Task failed with exception
Traceback (most recent call last):
  File "/home/airflow/.local/lib/python3.11/site-packages/airflow/models/taskinstance.py", line 433, in _execute_task
    result = execute_callable(context=context, **execute_callable_kwargs)
             ^^^^^^^^^^^^^^^^^^^^^^^^^^^^^^^^^^^^^^^^^^^^^^^^^^^^^^^^^^^^
  File "/home/airflow/.local/lib/python3.11/site-packages/airflow/operators/bash.py", line 212, in execute
    raise AirflowException(
airflow.exceptions.AirflowException: Bash command failed. The command returned a non-zero exit code 1.
[2026-02-01T11:56:37.782+0530] {taskinstance.py:1138} INFO - Marking task as UP_FOR_RETRY. dag_id=spark_sgp4_streaming, task_id=submit_spark_streaming_job, execution_date=20260201T062635, start_date=20260201T062637, end_date=20260201T062637
[2026-02-01T11:56:37.797+0530] {standard_task_runner.py:107} ERROR - Failed to execute job 26 for task submit_spark_streaming_job (Bash command failed. The command returned a non-zero exit code 1.; 291)
[2026-02-01T11:56:37.823+0530] {local_task_job_runner.py:234} INFO - Task exited with return code 1
[2026-02-01T11:56:37.849+0530] {taskinstance.py:3280} INFO - 0 downstream tasks scheduled from follow-on schedule check
