[2026-02-04T21:44:30.739+0530] {taskinstance.py:1956} INFO - Dependencies all met for dep_context=non-requeueable deps ti=<TaskInstance: tle_data_ingestion.ingest_api_to_kafka scheduled__2026-02-04T15:50:00+00:00 [queued]>
[2026-02-04T21:44:30.749+0530] {taskinstance.py:1956} INFO - Dependencies all met for dep_context=requeueable deps ti=<TaskInstance: tle_data_ingestion.ingest_api_to_kafka scheduled__2026-02-04T15:50:00+00:00 [queued]>
[2026-02-04T21:44:30.750+0530] {taskinstance.py:2170} INFO - Starting attempt 2 of 3
[2026-02-04T21:44:30.763+0530] {taskinstance.py:2191} INFO - Executing <Task(PythonOperator): ingest_api_to_kafka> on 2026-02-04 15:50:00+00:00
[2026-02-04T21:44:30.770+0530] {standard_task_runner.py:60} INFO - Started process 240 to run task
[2026-02-04T21:44:30.773+0530] {standard_task_runner.py:87} INFO - Running: ['***', 'tasks', 'run', 'tle_data_ingestion', 'ingest_api_to_kafka', 'scheduled__2026-02-04T15:50:00+00:00', '--job-id', '153', '--raw', '--subdir', 'DAGS_FOLDER/dag_tle_ingestion_only.py', '--cfg-path', '/tmp/tmpi6omtqvi']
[2026-02-04T21:44:30.775+0530] {standard_task_runner.py:88} INFO - Job 153: Subtask ingest_api_to_kafka
[2026-02-04T21:44:30.838+0530] {task_command.py:423} INFO - Running <TaskInstance: tle_data_ingestion.ingest_api_to_kafka scheduled__2026-02-04T15:50:00+00:00 [running]> on host ***-scheduler
[2026-02-04T21:44:30.956+0530] {taskinstance.py:2480} INFO - Exporting env vars: AIRFLOW_CTX_DAG_OWNER='space-debris-team' AIRFLOW_CTX_DAG_ID='tle_data_ingestion' AIRFLOW_CTX_TASK_ID='ingest_api_to_kafka' AIRFLOW_CTX_EXECUTION_DATE='2026-02-04T15:50:00+00:00' AIRFLOW_CTX_TRY_NUMBER='2' AIRFLOW_CTX_DAG_RUN_ID='scheduled__2026-02-04T15:50:00+00:00'
[2026-02-04T21:44:31.009+0530] {dag_tle_ingestion_only.py:102} INFO - ============================================================
[2026-02-04T21:44:31.009+0530] {dag_tle_ingestion_only.py:103} INFO - Starting TLE API → Kafka Ingestion
[2026-02-04T21:44:31.010+0530] {dag_tle_ingestion_only.py:104} INFO - ============================================================
[2026-02-04T21:44:31.011+0530] {conn.py:380} INFO - <BrokerConnection node_id=bootstrap-0 host=kafka:9093 <connecting> [IPv4 ('172.21.0.12', 9093)]>: connecting to kafka:9093 [('172.21.0.12', 9093) IPv4]
[2026-02-04T21:44:31.012+0530] {conn.py:1205} INFO - Probing node bootstrap-0 broker version
[2026-02-04T21:44:31.012+0530] {conn.py:410} INFO - <BrokerConnection node_id=bootstrap-0 host=kafka:9093 <connecting> [IPv4 ('172.21.0.12', 9093)]>: Connection complete.
[2026-02-04T21:44:31.114+0530] {conn.py:1267} INFO - Broker version identified as 2.5.0
[2026-02-04T21:44:31.115+0530] {conn.py:1268} INFO - Set configuration api_version=(2, 5, 0) to skip auto check_version requests on startup
[2026-02-04T21:44:31.116+0530] {dag_tle_ingestion_only.py:120} INFO - ✓ Connected to Kafka: ['kafka:9093']
[2026-02-04T21:44:31.117+0530] {dag_tle_ingestion_only.py:138} INFO - Streaming from: http://tle-api:5000/stream
[2026-02-04T21:44:31.117+0530] {dag_tle_ingestion_only.py:139} INFO - Parameters: {'acceleration': 100, 'mode': 'adaptive', 'max_delay': 5.0, 'limit': 1000}
[2026-02-04T21:44:31.121+0530] {dag_tle_ingestion_only.py:216} ERROR - API connection error: HTTPConnectionPool(host='tle-api', port=5000): Max retries exceeded with url: /stream?acceleration=100&mode=adaptive&max_delay=5.0&limit=1000 (Caused by NewConnectionError('<urllib3.connection.HTTPConnection object at 0x7f43e4716dd0>: Failed to establish a new connection: [Errno 111] Connection refused'))
[2026-02-04T21:44:31.122+0530] {taskinstance.py:2698} ERROR - Task failed with exception
Traceback (most recent call last):
  File "/home/airflow/.local/lib/python3.11/site-packages/urllib3/connection.py", line 203, in _new_conn
    sock = connection.create_connection(
           ^^^^^^^^^^^^^^^^^^^^^^^^^^^^^
  File "/home/airflow/.local/lib/python3.11/site-packages/urllib3/util/connection.py", line 85, in create_connection
    raise err
  File "/home/airflow/.local/lib/python3.11/site-packages/urllib3/util/connection.py", line 73, in create_connection
    sock.connect(sa)
ConnectionRefusedError: [Errno 111] Connection refused

The above exception was the direct cause of the following exception:

Traceback (most recent call last):
  File "/home/airflow/.local/lib/python3.11/site-packages/urllib3/connectionpool.py", line 791, in urlopen
    response = self._make_request(
               ^^^^^^^^^^^^^^^^^^^
  File "/home/airflow/.local/lib/python3.11/site-packages/urllib3/connectionpool.py", line 497, in _make_request
    conn.request(
  File "/home/airflow/.local/lib/python3.11/site-packages/urllib3/connection.py", line 395, in request
    self.endheaders()
  File "/usr/local/lib/python3.11/http/client.py", line 1293, in endheaders
    self._send_output(message_body, encode_chunked=encode_chunked)
  File "/usr/local/lib/python3.11/http/client.py", line 1052, in _send_output
    self.send(msg)
  File "/usr/local/lib/python3.11/http/client.py", line 990, in send
    self.connect()
  File "/home/airflow/.local/lib/python3.11/site-packages/urllib3/connection.py", line 243, in connect
    self.sock = self._new_conn()
                ^^^^^^^^^^^^^^^^
  File "/home/airflow/.local/lib/python3.11/site-packages/urllib3/connection.py", line 218, in _new_conn
    raise NewConnectionError(
urllib3.exceptions.NewConnectionError: <urllib3.connection.HTTPConnection object at 0x7f43e4716dd0>: Failed to establish a new connection: [Errno 111] Connection refused

The above exception was the direct cause of the following exception:

Traceback (most recent call last):
  File "/home/airflow/.local/lib/python3.11/site-packages/requests/adapters.py", line 486, in send
    resp = conn.urlopen(
           ^^^^^^^^^^^^^
  File "/home/airflow/.local/lib/python3.11/site-packages/urllib3/connectionpool.py", line 845, in urlopen
    retries = retries.increment(
              ^^^^^^^^^^^^^^^^^^
  File "/home/airflow/.local/lib/python3.11/site-packages/urllib3/util/retry.py", line 515, in increment
    raise MaxRetryError(_pool, url, reason) from reason  # type: ignore[arg-type]
    ^^^^^^^^^^^^^^^^^^^^^^^^^^^^^^^^^^^^^^^^^^^^^^^^^^^
urllib3.exceptions.MaxRetryError: HTTPConnectionPool(host='tle-api', port=5000): Max retries exceeded with url: /stream?acceleration=100&mode=adaptive&max_delay=5.0&limit=1000 (Caused by NewConnectionError('<urllib3.connection.HTTPConnection object at 0x7f43e4716dd0>: Failed to establish a new connection: [Errno 111] Connection refused'))

During handling of the above exception, another exception occurred:

Traceback (most recent call last):
  File "/home/airflow/.local/lib/python3.11/site-packages/airflow/models/taskinstance.py", line 433, in _execute_task
    result = execute_callable(context=context, **execute_callable_kwargs)
             ^^^^^^^^^^^^^^^^^^^^^^^^^^^^^^^^^^^^^^^^^^^^^^^^^^^^^^^^^^^^
  File "/home/airflow/.local/lib/python3.11/site-packages/airflow/operators/python.py", line 199, in execute
    return_value = self.execute_callable()
                   ^^^^^^^^^^^^^^^^^^^^^^^
  File "/home/airflow/.local/lib/python3.11/site-packages/airflow/operators/python.py", line 216, in execute_callable
    return self.python_callable(*self.op_args, **self.op_kwargs)
           ^^^^^^^^^^^^^^^^^^^^^^^^^^^^^^^^^^^^^^^^^^^^^^^^^^^^^
  File "/opt/airflow/dags/dag_tle_ingestion_only.py", line 146, in stream_api_to_kafka
    response = requests.get(stream_url, params=params, stream=True, timeout=3600)
               ^^^^^^^^^^^^^^^^^^^^^^^^^^^^^^^^^^^^^^^^^^^^^^^^^^^^^^^^^^^^^^^^^^
  File "/home/airflow/.local/lib/python3.11/site-packages/requests/api.py", line 73, in get
    return request("get", url, params=params, **kwargs)
           ^^^^^^^^^^^^^^^^^^^^^^^^^^^^^^^^^^^^^^^^^^^^
  File "/home/airflow/.local/lib/python3.11/site-packages/requests/api.py", line 59, in request
    return session.request(method=method, url=url, **kwargs)
           ^^^^^^^^^^^^^^^^^^^^^^^^^^^^^^^^^^^^^^^^^^^^^^^^^
  File "/home/airflow/.local/lib/python3.11/site-packages/requests/sessions.py", line 589, in request
    resp = self.send(prep, **send_kwargs)
           ^^^^^^^^^^^^^^^^^^^^^^^^^^^^^^
  File "/home/airflow/.local/lib/python3.11/site-packages/requests/sessions.py", line 703, in send
    r = adapter.send(request, **kwargs)
        ^^^^^^^^^^^^^^^^^^^^^^^^^^^^^^^
  File "/home/airflow/.local/lib/python3.11/site-packages/requests/adapters.py", line 519, in send
    raise ConnectionError(e, request=request)
requests.exceptions.ConnectionError: HTTPConnectionPool(host='tle-api', port=5000): Max retries exceeded with url: /stream?acceleration=100&mode=adaptive&max_delay=5.0&limit=1000 (Caused by NewConnectionError('<urllib3.connection.HTTPConnection object at 0x7f43e4716dd0>: Failed to establish a new connection: [Errno 111] Connection refused'))
[2026-02-04T21:44:31.139+0530] {taskinstance.py:1138} INFO - Marking task as UP_FOR_RETRY. dag_id=tle_data_ingestion, task_id=ingest_api_to_kafka, execution_date=20260204T155000, start_date=20260204T161430, end_date=20260204T161431
[2026-02-04T21:44:31.151+0530] {standard_task_runner.py:107} ERROR - Failed to execute job 153 for task ingest_api_to_kafka (HTTPConnectionPool(host='tle-api', port=5000): Max retries exceeded with url: /stream?acceleration=100&mode=adaptive&max_delay=5.0&limit=1000 (Caused by NewConnectionError('<urllib3.connection.HTTPConnection object at 0x7f43e4716dd0>: Failed to establish a new connection: [Errno 111] Connection refused')); 240)
[2026-02-04T21:44:31.186+0530] {local_task_job_runner.py:234} INFO - Task exited with return code 1
[2026-02-04T21:44:31.209+0530] {taskinstance.py:3280} INFO - 0 downstream tasks scheduled from follow-on schedule check
