[2026-02-01T17:08:03.506+0530] {taskinstance.py:1956} INFO - Dependencies all met for dep_context=non-requeueable deps ti=<TaskInstance: tle_api_to_kafka_streaming.stream_api_to_kafka scheduled__2026-02-01T11:36:00+00:00 [queued]>
[2026-02-01T17:08:03.515+0530] {taskinstance.py:1956} INFO - Dependencies all met for dep_context=requeueable deps ti=<TaskInstance: tle_api_to_kafka_streaming.stream_api_to_kafka scheduled__2026-02-01T11:36:00+00:00 [queued]>
[2026-02-01T17:08:03.515+0530] {taskinstance.py:2170} INFO - Starting attempt 1 of 3
[2026-02-01T17:08:03.527+0530] {taskinstance.py:2191} INFO - Executing <Task(PythonOperator): stream_api_to_kafka> on 2026-02-01 11:36:00+00:00
[2026-02-01T17:08:03.534+0530] {standard_task_runner.py:60} INFO - Started process 1962 to run task
[2026-02-01T17:08:03.537+0530] {standard_task_runner.py:87} INFO - Running: ['***', 'tasks', 'run', 'tle_api_to_kafka_streaming', 'stream_api_to_kafka', 'scheduled__2026-02-01T11:36:00+00:00', '--job-id', '195', '--raw', '--subdir', 'DAGS_FOLDER/***_dag_api_to_kafka.py', '--cfg-path', '/tmp/tmpqc3j3jyv']
[2026-02-01T17:08:03.539+0530] {standard_task_runner.py:88} INFO - Job 195: Subtask stream_api_to_kafka
[2026-02-01T17:08:03.604+0530] {task_command.py:423} INFO - Running <TaskInstance: tle_api_to_kafka_streaming.stream_api_to_kafka scheduled__2026-02-01T11:36:00+00:00 [running]> on host ***-scheduler
[2026-02-01T17:08:03.717+0530] {taskinstance.py:2480} INFO - Exporting env vars: AIRFLOW_CTX_DAG_OWNER='space-debris-team' AIRFLOW_CTX_DAG_ID='tle_api_to_kafka_streaming' AIRFLOW_CTX_TASK_ID='stream_api_to_kafka' AIRFLOW_CTX_EXECUTION_DATE='2026-02-01T11:36:00+00:00' AIRFLOW_CTX_TRY_NUMBER='1' AIRFLOW_CTX_DAG_RUN_ID='scheduled__2026-02-01T11:36:00+00:00'
[2026-02-01T17:08:03.718+0530] {airflow_dag_api_to_kafka.py:87} INFO - Starting TLE API to Kafka streaming
[2026-02-01T17:08:03.720+0530] {conn.py:380} INFO - <BrokerConnection node_id=bootstrap-0 host=kafka:9093 <connecting> [IPv4 ('172.21.0.8', 9093)]>: connecting to kafka:9093 [('172.21.0.8', 9093) IPv4]
[2026-02-01T17:08:03.721+0530] {conn.py:1205} INFO - Probing node bootstrap-0 broker version
[2026-02-01T17:08:03.721+0530] {conn.py:410} INFO - <BrokerConnection node_id=bootstrap-0 host=kafka:9093 <connecting> [IPv4 ('172.21.0.8', 9093)]>: Connection complete.
[2026-02-01T17:08:03.823+0530] {conn.py:1267} INFO - Broker version identified as 2.5.0
[2026-02-01T17:08:03.824+0530] {conn.py:1268} INFO - Set configuration api_version=(2, 5, 0) to skip auto check_version requests on startup
[2026-02-01T17:08:03.827+0530] {airflow_dag_api_to_kafka.py:98} INFO - Kafka producer initialized
[2026-02-01T17:08:03.828+0530] {airflow_dag_api_to_kafka.py:109} INFO - Connecting to: http://tle-api:5000/stream
[2026-02-01T17:08:03.828+0530] {airflow_dag_api_to_kafka.py:110} INFO - Parameters: {'acceleration': 100, 'mode': 'adaptive', 'max_delay': 5.0, 'limit': 1000}
[2026-02-01T17:08:03.836+0530] {conn.py:380} INFO - <BrokerConnection node_id=1 host=kafka:9093 <connecting> [IPv4 ('172.21.0.8', 9093)]>: connecting to kafka:9093 [('172.21.0.8', 9093) IPv4]
[2026-02-01T17:08:03.837+0530] {conn.py:410} INFO - <BrokerConnection node_id=1 host=kafka:9093 <connecting> [IPv4 ('172.21.0.8', 9093)]>: Connection complete.
[2026-02-01T17:08:03.837+0530] {conn.py:919} INFO - <BrokerConnection node_id=bootstrap-0 host=kafka:9093 <connected> [IPv4 ('172.21.0.8', 9093)]>: Closing connection. 
[2026-02-01T17:15:41.824+0530] {airflow_dag_api_to_kafka.py:161} INFO - Streamed 100 records to Kafka
[2026-02-01T17:23:56.520+0530] {airflow_dag_api_to_kafka.py:161} INFO - Streamed 200 records to Kafka
[2026-02-01T17:31:25.028+0530] {airflow_dag_api_to_kafka.py:161} INFO - Streamed 300 records to Kafka
[2026-02-01T17:39:40.620+0530] {airflow_dag_api_to_kafka.py:161} INFO - Streamed 400 records to Kafka
[2026-02-01T17:50:00.323+0530] {local_task_job_runner.py:302} WARNING - State of this instance has been externally set to up_for_retry. Terminating instance.
[2026-02-01T17:50:00.330+0530] {process_utils.py:131} INFO - Sending 15 to group 1962. PIDs of all processes in the group: [1962]
[2026-02-01T17:50:00.330+0530] {process_utils.py:86} INFO - Sending the signal 15 to group 1962
[2026-02-01T17:50:00.332+0530] {taskinstance.py:2450} ERROR - Received SIGTERM. Terminating subprocesses.
[2026-02-01T17:50:00.334+0530] {airflow_dag_api_to_kafka.py:187} ERROR - Streaming error: Task received SIGTERM signal
[2026-02-01T17:50:00.377+0530] {taskinstance.py:2698} ERROR - Task failed with exception
Traceback (most recent call last):
  File "/home/airflow/.local/lib/python3.11/site-packages/airflow/models/taskinstance.py", line 433, in _execute_task
    result = execute_callable(context=context, **execute_callable_kwargs)
             ^^^^^^^^^^^^^^^^^^^^^^^^^^^^^^^^^^^^^^^^^^^^^^^^^^^^^^^^^^^^
  File "/home/airflow/.local/lib/python3.11/site-packages/airflow/operators/python.py", line 199, in execute
    return_value = self.execute_callable()
                   ^^^^^^^^^^^^^^^^^^^^^^^
  File "/home/airflow/.local/lib/python3.11/site-packages/airflow/operators/python.py", line 216, in execute_callable
    return self.python_callable(*self.op_args, **self.op_kwargs)
           ^^^^^^^^^^^^^^^^^^^^^^^^^^^^^^^^^^^^^^^^^^^^^^^^^^^^^
  File "/opt/airflow/dags/airflow_dag_api_to_kafka.py", line 120, in stream_api_to_kafka
    for line in response.iter_lines():
  File "/home/airflow/.local/lib/python3.11/site-packages/requests/models.py", line 865, in iter_lines
    for chunk in self.iter_content(
  File "/home/airflow/.local/lib/python3.11/site-packages/requests/models.py", line 816, in generate
    yield from self.raw.stream(chunk_size, decode_content=True)
  File "/home/airflow/.local/lib/python3.11/site-packages/urllib3/response.py", line 933, in stream
    yield from self.read_chunked(amt, decode_content=decode_content)
  File "/home/airflow/.local/lib/python3.11/site-packages/urllib3/response.py", line 1073, in read_chunked
    self._update_chunk_length()
  File "/home/airflow/.local/lib/python3.11/site-packages/urllib3/response.py", line 1001, in _update_chunk_length
    line = self._fp.fp.readline()  # type: ignore[union-attr]
           ^^^^^^^^^^^^^^^^^^^^^^
  File "/usr/local/lib/python3.11/socket.py", line 706, in readinto
    return self._sock.recv_into(b)
           ^^^^^^^^^^^^^^^^^^^^^^^
  File "/home/airflow/.local/lib/python3.11/site-packages/airflow/models/taskinstance.py", line 2452, in signal_handler
    raise AirflowException("Task received SIGTERM signal")
airflow.exceptions.AirflowException: Task received SIGTERM signal
[2026-02-01T17:50:00.388+0530] {taskinstance.py:1138} INFO - Marking task as UP_FOR_RETRY. dag_id=tle_api_to_kafka_streaming, task_id=stream_api_to_kafka, execution_date=20260201T113600, start_date=20260201T113803, end_date=20260201T122000
[2026-02-01T17:50:00.467+0530] {standard_task_runner.py:107} ERROR - Failed to execute job 195 for task stream_api_to_kafka (Task received SIGTERM signal; 1962)
[2026-02-01T17:50:00.503+0530] {process_utils.py:79} INFO - Process psutil.Process(pid=1962, status='terminated', exitcode=1, started='17:08:02') (1962) terminated with exit code 1
