[2026-02-01T12:30:04.003+0530] {taskinstance.py:1956} INFO - Dependencies all met for dep_context=non-requeueable deps ti=<TaskInstance: tle_api_to_kafka_streaming.stream_api_to_kafka scheduled__2026-02-01T06:58:00+00:00 [queued]>
[2026-02-01T12:30:04.014+0530] {taskinstance.py:1956} INFO - Dependencies all met for dep_context=requeueable deps ti=<TaskInstance: tle_api_to_kafka_streaming.stream_api_to_kafka scheduled__2026-02-01T06:58:00+00:00 [queued]>
[2026-02-01T12:30:04.015+0530] {taskinstance.py:2170} INFO - Starting attempt 1 of 3
[2026-02-01T12:30:04.029+0530] {taskinstance.py:2191} INFO - Executing <Task(PythonOperator): stream_api_to_kafka> on 2026-02-01 06:58:00+00:00
[2026-02-01T12:30:04.037+0530] {standard_task_runner.py:60} INFO - Started process 656 to run task
[2026-02-01T12:30:04.040+0530] {standard_task_runner.py:87} INFO - Running: ['***', 'tasks', 'run', 'tle_api_to_kafka_streaming', 'stream_api_to_kafka', 'scheduled__2026-02-01T06:58:00+00:00', '--job-id', '70', '--raw', '--subdir', 'DAGS_FOLDER/***_dag_api_to_kafka.py', '--cfg-path', '/tmp/tmpywn6kca_']
[2026-02-01T12:30:04.042+0530] {standard_task_runner.py:88} INFO - Job 70: Subtask stream_api_to_kafka
[2026-02-01T12:30:04.110+0530] {task_command.py:423} INFO - Running <TaskInstance: tle_api_to_kafka_streaming.stream_api_to_kafka scheduled__2026-02-01T06:58:00+00:00 [running]> on host ***-scheduler
[2026-02-01T12:30:04.220+0530] {taskinstance.py:2480} INFO - Exporting env vars: AIRFLOW_CTX_DAG_OWNER='space-debris-team' AIRFLOW_CTX_DAG_ID='tle_api_to_kafka_streaming' AIRFLOW_CTX_TASK_ID='stream_api_to_kafka' AIRFLOW_CTX_EXECUTION_DATE='2026-02-01T06:58:00+00:00' AIRFLOW_CTX_TRY_NUMBER='1' AIRFLOW_CTX_DAG_RUN_ID='scheduled__2026-02-01T06:58:00+00:00'
[2026-02-01T12:30:04.221+0530] {airflow_dag_api_to_kafka.py:87} INFO - Starting TLE API to Kafka streaming
[2026-02-01T12:30:04.224+0530] {conn.py:380} INFO - <BrokerConnection node_id=bootstrap-0 host=kafka:9093 <connecting> [IPv4 ('172.21.0.8', 9093)]>: connecting to kafka:9093 [('172.21.0.8', 9093) IPv4]
[2026-02-01T12:30:04.224+0530] {conn.py:1205} INFO - Probing node bootstrap-0 broker version
[2026-02-01T12:30:04.225+0530] {conn.py:410} INFO - <BrokerConnection node_id=bootstrap-0 host=kafka:9093 <connecting> [IPv4 ('172.21.0.8', 9093)]>: Connection complete.
[2026-02-01T12:30:04.327+0530] {conn.py:1267} INFO - Broker version identified as 2.5.0
[2026-02-01T12:30:04.327+0530] {conn.py:1268} INFO - Set configuration api_version=(2, 5, 0) to skip auto check_version requests on startup
[2026-02-01T12:30:04.329+0530] {airflow_dag_api_to_kafka.py:98} INFO - Kafka producer initialized
[2026-02-01T12:30:04.330+0530] {airflow_dag_api_to_kafka.py:109} INFO - Connecting to: http://tle-api:5000/stream
[2026-02-01T12:30:04.330+0530] {airflow_dag_api_to_kafka.py:110} INFO - Parameters: {'acceleration': 100, 'mode': 'adaptive', 'max_delay': 5.0, 'limit': 1000}
[2026-02-01T12:30:04.338+0530] {conn.py:380} INFO - <BrokerConnection node_id=1 host=kafka:9093 <connecting> [IPv4 ('172.21.0.8', 9093)]>: connecting to kafka:9093 [('172.21.0.8', 9093) IPv4]
[2026-02-01T12:30:04.338+0530] {conn.py:410} INFO - <BrokerConnection node_id=1 host=kafka:9093 <connecting> [IPv4 ('172.21.0.8', 9093)]>: Connection complete.
[2026-02-01T12:30:04.338+0530] {conn.py:919} INFO - <BrokerConnection node_id=bootstrap-0 host=kafka:9093 <connected> [IPv4 ('172.21.0.8', 9093)]>: Closing connection. 
[2026-02-01T12:37:49.292+0530] {airflow_dag_api_to_kafka.py:161} INFO - Streamed 100 records to Kafka
[2026-02-01T12:46:00.298+0530] {airflow_dag_api_to_kafka.py:161} INFO - Streamed 200 records to Kafka
[2026-02-01T12:53:28.732+0530] {airflow_dag_api_to_kafka.py:161} INFO - Streamed 300 records to Kafka
[2026-02-01T13:01:44.402+0530] {airflow_dag_api_to_kafka.py:161} INFO - Streamed 400 records to Kafka
[2026-02-01T13:10:00.147+0530] {airflow_dag_api_to_kafka.py:161} INFO - Streamed 500 records to Kafka
[2026-02-01T13:18:20.310+0530] {airflow_dag_api_to_kafka.py:161} INFO - Streamed 600 records to Kafka
[2026-02-01T13:26:32.192+0530] {airflow_dag_api_to_kafka.py:161} INFO - Streamed 700 records to Kafka
[2026-02-01T13:34:52.356+0530] {airflow_dag_api_to_kafka.py:161} INFO - Streamed 800 records to Kafka
[2026-02-01T13:43:15.873+0530] {airflow_dag_api_to_kafka.py:161} INFO - Streamed 900 records to Kafka
[2026-02-01T13:50:50.335+0530] {airflow_dag_api_to_kafka.py:161} INFO - Streamed 1000 records to Kafka
[2026-02-01T13:50:50.337+0530] {airflow_dag_api_to_kafka.py:127} INFO - Stream summary: {'type': 'summary', 'total_records': 1000, 'real_time_span_seconds': 58924361.95372809, 'stream_time_seconds': 4833.88146494, 'effective_acceleration': 12189.86489037945}
[2026-02-01T13:50:50.340+0530] {kafka.py:483} INFO - Closing the Kafka producer with 9223372036.0 secs timeout.
[2026-02-01T13:50:50.348+0530] {conn.py:919} INFO - <BrokerConnection node_id=1 host=kafka:9093 <connected> [IPv4 ('172.21.0.8', 9093)]>: Closing connection. 
[2026-02-01T13:50:50.350+0530] {airflow_dag_api_to_kafka.py:178} INFO - ================================================================================
[2026-02-01T13:50:50.351+0530] {airflow_dag_api_to_kafka.py:179} INFO - Streaming complete: 1000 records sent, 0 errors
[2026-02-01T13:50:50.351+0530] {airflow_dag_api_to_kafka.py:180} INFO - Time elapsed: 4846.02s, Rate: 0.21 msg/s
[2026-02-01T13:50:50.351+0530] {airflow_dag_api_to_kafka.py:181} INFO - ================================================================================
[2026-02-01T13:50:50.355+0530] {python.py:201} INFO - Done. Returned value was: None
[2026-02-01T13:50:50.402+0530] {taskinstance.py:1138} INFO - Marking task as SUCCESS. dag_id=tle_api_to_kafka_streaming, task_id=stream_api_to_kafka, execution_date=20260201T065800, start_date=20260201T070004, end_date=20260201T082050
[2026-02-01T13:50:50.454+0530] {local_task_job_runner.py:234} INFO - Task exited with return code 0
[2026-02-01T13:50:50.511+0530] {taskinstance.py:3280} INFO - 1 downstream tasks scheduled from follow-on schedule check
