[2026-02-03T21:55:04.849+0530] {taskinstance.py:1956} INFO - Dependencies all met for dep_context=non-requeueable deps ti=<TaskInstance: tle_data_ingestion.ingest_api_to_kafka scheduled__2026-02-03T16:20:00+00:00 [queued]>
[2026-02-03T21:55:04.858+0530] {taskinstance.py:1956} INFO - Dependencies all met for dep_context=requeueable deps ti=<TaskInstance: tle_data_ingestion.ingest_api_to_kafka scheduled__2026-02-03T16:20:00+00:00 [queued]>
[2026-02-03T21:55:04.859+0530] {taskinstance.py:2170} INFO - Starting attempt 1 of 3
[2026-02-03T21:55:04.874+0530] {taskinstance.py:2191} INFO - Executing <Task(PythonOperator): ingest_api_to_kafka> on 2026-02-03 16:20:00+00:00
[2026-02-03T21:55:04.880+0530] {standard_task_runner.py:60} INFO - Started process 5132 to run task
[2026-02-03T21:55:04.884+0530] {standard_task_runner.py:87} INFO - Running: ['***', 'tasks', 'run', 'tle_data_ingestion', 'ingest_api_to_kafka', 'scheduled__2026-02-03T16:20:00+00:00', '--job-id', '47', '--raw', '--subdir', 'DAGS_FOLDER/dag_tle_ingestion_only.py', '--cfg-path', '/tmp/tmpeviadpml']
[2026-02-03T21:55:04.886+0530] {standard_task_runner.py:88} INFO - Job 47: Subtask ingest_api_to_kafka
[2026-02-03T21:55:04.964+0530] {task_command.py:423} INFO - Running <TaskInstance: tle_data_ingestion.ingest_api_to_kafka scheduled__2026-02-03T16:20:00+00:00 [running]> on host ***-scheduler
[2026-02-03T21:55:05.086+0530] {taskinstance.py:2480} INFO - Exporting env vars: AIRFLOW_CTX_DAG_OWNER='space-debris-team' AIRFLOW_CTX_DAG_ID='tle_data_ingestion' AIRFLOW_CTX_TASK_ID='ingest_api_to_kafka' AIRFLOW_CTX_EXECUTION_DATE='2026-02-03T16:20:00+00:00' AIRFLOW_CTX_TRY_NUMBER='1' AIRFLOW_CTX_DAG_RUN_ID='scheduled__2026-02-03T16:20:00+00:00'
[2026-02-03T21:55:05.162+0530] {dag_tle_ingestion_only.py:102} INFO - ============================================================
[2026-02-03T21:55:05.163+0530] {dag_tle_ingestion_only.py:103} INFO - Starting TLE API → Kafka Ingestion
[2026-02-03T21:55:05.163+0530] {dag_tle_ingestion_only.py:104} INFO - ============================================================
[2026-02-03T21:55:05.166+0530] {conn.py:380} INFO - <BrokerConnection node_id=bootstrap-0 host=kafka:9093 <connecting> [IPv4 ('172.21.0.10', 9093)]>: connecting to kafka:9093 [('172.21.0.10', 9093) IPv4]
[2026-02-03T21:55:05.167+0530] {conn.py:1205} INFO - Probing node bootstrap-0 broker version
[2026-02-03T21:55:05.167+0530] {conn.py:410} INFO - <BrokerConnection node_id=bootstrap-0 host=kafka:9093 <connecting> [IPv4 ('172.21.0.10', 9093)]>: Connection complete.
[2026-02-03T21:55:05.269+0530] {conn.py:1267} INFO - Broker version identified as 2.5.0
[2026-02-03T21:55:05.269+0530] {conn.py:1268} INFO - Set configuration api_version=(2, 5, 0) to skip auto check_version requests on startup
[2026-02-03T21:55:05.272+0530] {dag_tle_ingestion_only.py:120} INFO - ✓ Connected to Kafka: ['kafka:9093']
[2026-02-03T21:55:05.272+0530] {dag_tle_ingestion_only.py:138} INFO - Streaming from: http://tle-api:5000/stream
[2026-02-03T21:55:05.273+0530] {dag_tle_ingestion_only.py:139} INFO - Parameters: {'acceleration': 100, 'mode': 'adaptive', 'max_delay': 5.0, 'limit': 1000}
[2026-02-03T21:55:05.281+0530] {conn.py:380} INFO - <BrokerConnection node_id=1 host=kafka:9093 <connecting> [IPv4 ('172.21.0.10', 9093)]>: connecting to kafka:9093 [('172.21.0.10', 9093) IPv4]
[2026-02-03T21:55:05.282+0530] {conn.py:410} INFO - <BrokerConnection node_id=1 host=kafka:9093 <connecting> [IPv4 ('172.21.0.10', 9093)]>: Connection complete.
[2026-02-03T21:55:05.282+0530] {conn.py:919} INFO - <BrokerConnection node_id=bootstrap-0 host=kafka:9093 <connected> [IPv4 ('172.21.0.10', 9093)]>: Closing connection. 
[2026-02-03T22:02:43.275+0530] {dag_tle_ingestion_only.py:190} INFO - Progress: 100 records sent to Kafka
[2026-02-03T22:10:54.322+0530] {dag_tle_ingestion_only.py:190} INFO - Progress: 200 records sent to Kafka
[2026-02-03T22:18:23.000+0530] {dag_tle_ingestion_only.py:190} INFO - Progress: 300 records sent to Kafka
[2026-02-03T22:26:38.687+0530] {dag_tle_ingestion_only.py:190} INFO - Progress: 400 records sent to Kafka
[2026-02-03T22:34:54.434+0530] {dag_tle_ingestion_only.py:190} INFO - Progress: 500 records sent to Kafka
[2026-02-03T22:43:14.651+0530] {dag_tle_ingestion_only.py:190} INFO - Progress: 600 records sent to Kafka
[2026-02-03T22:51:38.406+0530] {dag_tle_ingestion_only.py:190} INFO - Progress: 700 records sent to Kafka
[2026-02-03T22:59:58.555+0530] {dag_tle_ingestion_only.py:190} INFO - Progress: 800 records sent to Kafka
[2026-02-03T23:08:18.756+0530] {dag_tle_ingestion_only.py:190} INFO - Progress: 900 records sent to Kafka
[2026-02-03T23:15:53.202+0530] {dag_tle_ingestion_only.py:190} INFO - Progress: 1000 records sent to Kafka
[2026-02-03T23:15:53.203+0530] {dag_tle_ingestion_only.py:156} INFO - Stream summary: {'type': 'summary', 'total_records': 1000, 'real_time_span_seconds': 58924361.95372809, 'stream_time_seconds': 4833.88146494, 'effective_acceleration': 12189.86489037945}
[2026-02-03T23:15:53.207+0530] {kafka.py:483} INFO - Closing the Kafka producer with 9223372036.0 secs timeout.
[2026-02-03T23:15:53.217+0530] {conn.py:919} INFO - <BrokerConnection node_id=1 host=kafka:9093 <connected> [IPv4 ('172.21.0.10', 9093)]>: Closing connection. 
[2026-02-03T23:15:53.220+0530] {dag_tle_ingestion_only.py:207} INFO - ============================================================
[2026-02-03T23:15:53.220+0530] {dag_tle_ingestion_only.py:208} INFO - ✓ Ingestion complete!
[2026-02-03T23:15:53.221+0530] {dag_tle_ingestion_only.py:209} INFO -   Records sent: 1000
[2026-02-03T23:15:53.221+0530] {dag_tle_ingestion_only.py:210} INFO -   Errors: 0
[2026-02-03T23:15:53.221+0530] {dag_tle_ingestion_only.py:211} INFO -   Duration: 4847.95s
[2026-02-03T23:15:53.221+0530] {dag_tle_ingestion_only.py:212} INFO -   Rate: 0.21 msg/s
[2026-02-03T23:15:53.222+0530] {dag_tle_ingestion_only.py:213} INFO - ============================================================
[2026-02-03T23:15:53.227+0530] {python.py:201} INFO - Done. Returned value was: None
[2026-02-03T23:15:53.297+0530] {taskinstance.py:1138} INFO - Marking task as SUCCESS. dag_id=tle_data_ingestion, task_id=ingest_api_to_kafka, execution_date=20260203T162000, start_date=20260203T162504, end_date=20260203T174553
[2026-02-03T23:15:53.396+0530] {local_task_job_runner.py:234} INFO - Task exited with return code 0
[2026-02-03T23:15:53.453+0530] {taskinstance.py:3280} INFO - 0 downstream tasks scheduled from follow-on schedule check
